--------- beginning of /dev/log/main
04-24 05:47:18.577 14907 14907 I olsrd   : Writing '1' (was 1) to /proc/sys/net/ipv4/ip_forward
04-24 05:47:18.577 14907 14907 I olsrd   : Writing '0' (was 1) to /proc/sys/net/ipv4/conf/all/send_redirects
04-24 05:47:18.577 14907 14907 I olsrd   : Writing '0' (was 0) to /proc/sys/net/ipv4/conf/all/rp_filter
04-24 05:47:18.577 14907 14907 I olsrd   : Writing '0' (was 0) to /proc/sys/net/ipv4/conf/wlan0/send_redirects
04-24 05:47:18.577 14907 14907 I olsrd   : Writing '0' (was 0) to /proc/sys/net/ipv4/conf/wlan0/rp_filter
04-24 05:47:18.577 14907 14907 I olsrd   : Adding interface wlan0
04-24 05:47:18.577 14907 14907 I olsrd   : New main address: 10.1.1.15
04-24 05:47:18.597 14908 14908 I olsrd   : olsr.org -  0.6.6.2-n -git_0000000 -n -hash_ 7985605520f3cae9b305d56e83b35d9c successfully started
04-24 05:47:18.777  1420  1427 E MP-Decision: num online cores: 2 reqd : 1 available : 4 rq_depth:0.000000 hotplug_avg_load_dw: 17
04-24 05:47:18.777  1420  1427 E MP-Decision: DOWN cpu:1 core_idx:1 Ns:1.100000 Ts:190 total_time_down:157.000000
04-24 05:47:21.370 14927 14927 D dalvikvm: Not late-enabling CheckJNI (already on)
--------- beginning of /dev/log/system
04-24 05:47:21.390   805   832 I ActivityManager: Start proc edu.mit.ll.cbmen.monitor for service edu.mit.ll.cbmen.monitor/.MonitorService: pid=14927 uid=10055 gids={50055, 1015, 3003, 1028}
04-24 05:47:21.440 14927 14927 I MonitorService: onCreate() MonitorService
04-24 05:47:21.440 14927 14927 D AndroidRuntime: Shutting down VM
04-24 05:47:21.450 14927 14927 W dalvikvm: threadid=1: thread exiting with uncaught exception (group=0x415e47c0)
04-24 05:47:21.450 14927 14927 E AndroidRuntime: FATAL EXCEPTION: main
04-24 05:47:21.450 14927 14927 E AndroidRuntime: java.lang.RuntimeException: Unable to start service edu.mit.ll.cbmen.monitor.MonitorService@41862880 with null: java.lang.NullPointerException
04-24 05:47:21.450 14927 14927 E AndroidRuntime: 	at android.app.ActivityThread.handleServiceArgs(ActivityThread.java:2849)
04-24 05:47:21.450 14927 14927 E AndroidRuntime: 	at android.app.ActivityThread.access$1900(ActivityThread.java:153)
04-24 05:47:21.450 14927 14927 E AndroidRuntime: 	at android.app.ActivityThread$H.handleMessage(ActivityThread.java:1366)
04-24 05:47:21.450 14927 14927 E AndroidRuntime: 	at android.os.Handler.dispatchMessage(Handler.java:99)
04-24 05:47:21.450 14927 14927 E AndroidRuntime: 	at android.os.Looper.loop(Looper.java:137)
04-24 05:47:21.450 14927 14927 E AndroidRuntime: 	at android.app.ActivityThread.main(ActivityThread.java:5289)
04-24 05:47:21.450 14927 14927 E AndroidRuntime: 	at java.lang.reflect.Method.invokeNative(Native Method)
04-24 05:47:21.450 14927 14927 E AndroidRuntime: 	at java.lang.reflect.Method.invoke(Method.java:525)
04-24 05:47:21.450 14927 14927 E AndroidRuntime: 	at com.android.internal.os.ZygoteInit$MethodAndArgsCaller.run(ZygoteInit.java:739)
04-24 05:47:21.450 14927 14927 E AndroidRuntime: 	at com.android.internal.os.ZygoteInit.main(ZygoteInit.java:555)
04-24 05:47:21.450 14927 14927 E AndroidRuntime: 	at dalvik.system.NativeStart.main(Native Method)
04-24 05:47:21.450 14927 14927 E AndroidRuntime: Caused by: java.lang.NullPointerException
04-24 05:47:21.450 14927 14927 E AndroidRuntime: 	at edu.mit.ll.cbmen.monitor.MonitorService.onStartCommand(MonitorService.java:773)
04-24 05:47:21.450 14927 14927 E AndroidRuntime: 	at android.app.ActivityThread.handleServiceArgs(ActivityThread.java:2832)
04-24 05:47:21.450 14927 14927 E AndroidRuntime: 	... 10 more
04-24 05:47:21.460 14927 14927 I Process : Sending signal. PID: 14927 SIG: 9
04-24 05:47:21.470   805  1234 I ActivityManager: Process edu.mit.ll.cbmen.monitor (pid 14927) has died.
04-24 05:47:21.470   805  1234 W ActivityManager: Scheduling restart of crashed service edu.mit.ll.cbmen.monitor/.MonitorService in 20000ms
04-24 05:47:21.500  1420  1427 E MP-Decision: num online cores: 1 reqd : 2 available : 4 rq_depth:2.700000 hotplug_avg_load_dw: 32
04-24 05:47:21.500  1420  1427 E MP-Decision: UP cpu:1 core_idx:1 Nw:1.900000 Tw:140 total_time_up:145.000000
04-24 05:47:21.550  1420  1427 E MP-Decision: num online cores: 2 reqd : 1 available : 4 rq_depth:1.000000 hotplug_avg_load_dw: 10
04-24 05:47:21.550  1420  1427 E MP-Decision: DOWN cpu:1 core_idx:1 Ns:1.100000 Ts:190 total_time_down:44.000000
04-24 05:47:41.499 15079 15079 D dalvikvm: Not late-enabling CheckJNI (already on)
04-24 05:47:41.519   805   832 I ActivityManager: Start proc edu.mit.ll.cbmen.monitor for service edu.mit.ll.cbmen.monitor/.MonitorService: pid=15079 uid=10055 gids={50055, 1015, 3003, 1028}
04-24 05:47:41.589 15079 15079 I MonitorService: onCreate() MonitorService
04-24 05:47:41.589 15079 15079 D AndroidRuntime: Shutting down VM
04-24 05:47:41.599 15079 15079 W dalvikvm: threadid=1: thread exiting with uncaught exception (group=0x415e47c0)
04-24 05:47:41.599 15079 15079 E AndroidRuntime: FATAL EXCEPTION: main
04-24 05:47:41.599 15079 15079 E AndroidRuntime: java.lang.RuntimeException: Unable to start service edu.mit.ll.cbmen.monitor.MonitorService@41863788 with null: java.lang.NullPointerException
04-24 05:47:41.599 15079 15079 E AndroidRuntime: 	at android.app.ActivityThread.handleServiceArgs(ActivityThread.java:2849)
04-24 05:47:41.599 15079 15079 E AndroidRuntime: 	at android.app.ActivityThread.access$1900(ActivityThread.java:153)
04-24 05:47:41.599 15079 15079 E AndroidRuntime: 	at android.app.ActivityThread$H.handleMessage(ActivityThread.java:1366)
04-24 05:47:41.599 15079 15079 E AndroidRuntime: 	at android.os.Handler.dispatchMessage(Handler.java:99)
04-24 05:47:41.599 15079 15079 E AndroidRuntime: 	at android.os.Looper.loop(Looper.java:137)
04-24 05:47:41.599 15079 15079 E AndroidRuntime: 	at android.app.ActivityThread.main(ActivityThread.java:5289)
04-24 05:47:41.599 15079 15079 E AndroidRuntime: 	at java.lang.reflect.Method.invokeNative(Native Method)
04-24 05:47:41.599 15079 15079 E AndroidRuntime: 	at java.lang.reflect.Method.invoke(Method.java:525)
04-24 05:47:41.599 15079 15079 E AndroidRuntime: 	at com.android.internal.os.ZygoteInit$MethodAndArgsCaller.run(ZygoteInit.java:739)
04-24 05:47:41.599 15079 15079 E AndroidRuntime: 	at com.android.internal.os.ZygoteInit.main(ZygoteInit.java:555)
04-24 05:47:41.599 15079 15079 E AndroidRuntime: 	at dalvik.system.NativeStart.main(Native Method)
04-24 05:47:41.599 15079 15079 E AndroidRuntime: Caused by: java.lang.NullPointerException
04-24 05:47:41.599 15079 15079 E AndroidRuntime: 	at edu.mit.ll.cbmen.monitor.MonitorService.onStartCommand(MonitorService.java:773)
04-24 05:47:41.599 15079 15079 E AndroidRuntime: 	at android.app.ActivityThread.handleServiceArgs(ActivityThread.java:2832)
04-24 05:47:41.599 15079 15079 E AndroidRuntime: 	... 10 more
04-24 05:47:41.599 15079 15079 I Process : Sending signal. PID: 15079 SIG: 9
04-24 05:47:41.609   805  1234 I ActivityManager: Process edu.mit.ll.cbmen.monitor (pid 15079) has died.
04-24 05:47:41.609   805  1234 W ActivityManager: Service crashed 2 times, stopping: ServiceRecord{420ab308 u0 edu.mit.ll.cbmen.monitor/.MonitorService}
04-24 05:47:41.619  1420  1427 E MP-Decision: num online cores: 1 reqd : 2 available : 4 rq_depth:2.400000 hotplug_avg_load_dw: 32
04-24 05:47:41.619  1420  1427 E MP-Decision: UP cpu:1 core_idx:1 Nw:1.900000 Tw:140 total_time_up:145.000000
04-24 05:47:41.729  1420  1427 E MP-Decision: num online cores: 2 reqd : 1 available : 4 rq_depth:0.000000 hotplug_avg_load_dw: 15
04-24 05:47:41.729  1420  1427 E MP-Decision: DOWN cpu:1 core_idx:1 Ns:1.100000 Ts:190 total_time_down:107.000000
04-24 05:49:42.024   805   832 W ProcessStats: Skipping unknown process pid 15849
04-24 05:52:20.285  1420  1427 E MP-Decision: num online cores: 1 reqd : 2 available : 4 rq_depth:1.000000 hotplug_avg_load_dw: 64
04-24 05:52:20.285  1420  1427 E MP-Decision: UP cpu:1 core_idx:1 Nw:1.900000 Tw:140 total_time_up:0.000000
04-24 05:52:20.465 16869 16869 D AndroidRuntime: 
04-24 05:52:20.465 16869 16869 D AndroidRuntime: >>>>>> AndroidRuntime START com.android.internal.os.RuntimeInit <<<<<<
04-24 05:52:20.465 16869 16869 D AndroidRuntime: CheckJNI is ON
04-24 05:52:20.465 16869 16869 E dalvikvm: ERROR: must specify non-'.' bootclasspath
04-24 05:52:20.465 16869 16869 W dalvikvm: CreateJavaVM failed: dvmClassStartup failed
04-24 05:52:20.465 16869 16869 E AndroidRuntime: JNI_CreateJavaVM failed
04-24 05:52:20.576 14908 14908 I olsrd   : Writing '1' (was 0) to /proc/sys/net/ipv4/conf/all/send_redirects
04-24 05:52:20.576 14908 14908 I olsrd   : olsr.org -  0.6.6.2-n -git_0000000 -n -hash_ 7985605520f3cae9b305d56e83b35d9c stopped
04-24 05:52:21.346  1420  1427 E MP-Decision: num online cores: 2 reqd : 1 available : 4 rq_depth:0.000000 hotplug_avg_load_dw: 16
04-24 05:52:21.346  1420  1427 E MP-Decision: DOWN cpu:1 core_idx:1 Ns:1.100000 Ts:190 total_time_down:313.000000
04-24 05:52:21.917  1420  1427 E MP-Decision: num online cores: 1 reqd : 2 available : 4 rq_depth:1.300000 hotplug_avg_load_dw: 74
04-24 05:52:21.917  1420  1427 E MP-Decision: UP cpu:1 core_idx:1 Nw:1.900000 Tw:140 total_time_up:0.000000
04-24 05:52:22.447 16981 16981 D AndroidRuntime: 
04-24 05:52:22.447 16981 16981 D AndroidRuntime: >>>>>> AndroidRuntime START com.android.internal.os.RuntimeInit <<<<<<
04-24 05:52:22.447 16981 16981 D AndroidRuntime: CheckJNI is ON
04-24 05:52:22.447 16981 16981 E dalvikvm: ERROR: must specify non-'.' bootclasspath
04-24 05:52:22.447 16981 16981 W dalvikvm: CreateJavaVM failed: dvmClassStartup failed
04-24 05:52:22.447 16981 16981 E AndroidRuntime: JNI_CreateJavaVM failed
04-24 05:52:22.778 16982 16982 D AndroidRuntime: 
04-24 05:52:22.778 16982 16982 D AndroidRuntime: >>>>>> AndroidRuntime START com.android.internal.os.RuntimeInit <<<<<<
04-24 05:52:22.778 16982 16982 D AndroidRuntime: CheckJNI is ON
04-24 05:52:22.788 16982 16982 E dalvikvm: ERROR: must specify non-'.' bootclasspath
04-24 05:52:22.788 16982 16982 W dalvikvm: CreateJavaVM failed: dvmClassStartup failed
04-24 05:52:22.788 16982 16982 E AndroidRuntime: JNI_CreateJavaVM failed
