--------- beginning of /dev/log/main
04-24 03:46:41.573  1421  1427 E MP-Decision: num online cores: 2 reqd : 1 available : 4 rq_depth:0.000000 hotplug_avg_load_dw: 13
04-24 03:46:41.573  1421  1427 E MP-Decision: DOWN cpu:1 core_idx:1 Ns:1.100000 Ts:190 total_time_down:697.000000
04-24 03:46:44.375  2281  2281 D dalvikvm: Not late-enabling CheckJNI (already on)
--------- beginning of /dev/log/system
04-24 03:46:44.395   805   826 I ActivityManager: Start proc edu.mit.ll.cbmen.monitor for service edu.mit.ll.cbmen.monitor/.MonitorService: pid=2281 uid=10055 gids={50055, 1015, 3003, 1028}
04-24 03:46:44.465  2281  2281 I MonitorService: onCreate() MonitorService
04-24 03:46:44.465  2281  2281 D AndroidRuntime: Shutting down VM
04-24 03:46:44.465  2281  2281 W dalvikvm: threadid=1: thread exiting with uncaught exception (group=0x418fe7c0)
04-24 03:46:44.475  2281  2281 I Process : Sending signal. PID: 2281 SIG: 9
04-24 03:46:44.475  2281  2281 E AndroidRuntime: FATAL EXCEPTION: main
04-24 03:46:44.475  2281  2281 E AndroidRuntime: java.lang.RuntimeException: Unable to start service edu.mit.ll.cbmen.monitor.MonitorService@41b7cb28 with null: java.lang.NullPointerException
04-24 03:46:44.475  2281  2281 E AndroidRuntime: 	at android.app.ActivityThread.handleServiceArgs(ActivityThread.java:2849)
04-24 03:46:44.475  2281  2281 E AndroidRuntime: 	at android.app.ActivityThread.access$1900(ActivityThread.java:153)
04-24 03:46:44.475  2281  2281 E AndroidRuntime: 	at android.app.ActivityThread$H.handleMessage(ActivityThread.java:1366)
04-24 03:46:44.475  2281  2281 E AndroidRuntime: 	at android.os.Handler.dispatchMessage(Handler.java:99)
04-24 03:46:44.475  2281  2281 E AndroidRuntime: 	at android.os.Looper.loop(Looper.java:137)
04-24 03:46:44.475  2281  2281 E AndroidRuntime: 	at android.app.ActivityThread.main(ActivityThread.java:5289)
04-24 03:46:44.475  2281  2281 E AndroidRuntime: 	at java.lang.reflect.Method.invokeNative(Native Method)
04-24 03:46:44.475  2281  2281 E AndroidRuntime: 	at java.lang.reflect.Method.invoke(Method.java:525)
04-24 03:46:44.475  2281  2281 E AndroidRuntime: 	at com.android.internal.os.ZygoteInit$MethodAndArgsCaller.run(ZygoteInit.java:739)
04-24 03:46:44.475  2281  2281 E AndroidRuntime: 	at com.android.internal.os.ZygoteInit.main(ZygoteInit.java:555)
04-24 03:46:44.475  2281  2281 E AndroidRuntime: 	at dalvik.system.NativeStart.main(Native Method)
04-24 03:46:44.475  2281  2281 E AndroidRuntime: Caused by: java.lang.NullPointerException
04-24 03:46:44.475  2281  2281 E AndroidRuntime: 	at edu.mit.ll.cbmen.monitor.MonitorService.onStartCommand(MonitorService.java:773)
04-24 03:46:44.475  2281  2281 E AndroidRuntime: 	at android.app.ActivityThread.handleServiceArgs(ActivityThread.java:2832)
04-24 03:46:44.475  2281  2281 E AndroidRuntime: 	... 10 more
04-24 03:46:44.485   805  1160 I ActivityManager: Process edu.mit.ll.cbmen.monitor (pid 2281) has died.
04-24 03:46:44.485   805  1160 W ActivityManager: Scheduling restart of crashed service edu.mit.ll.cbmen.monitor/.MonitorService in 20000ms
04-24 03:47:04.514  2398  2398 D dalvikvm: Not late-enabling CheckJNI (already on)
04-24 03:47:04.545   805   826 I ActivityManager: Start proc edu.mit.ll.cbmen.monitor for service edu.mit.ll.cbmen.monitor/.MonitorService: pid=2398 uid=10055 gids={50055, 1015, 3003, 1028}
04-24 03:47:04.635  2398  2398 I MonitorService: onCreate() MonitorService
04-24 03:47:04.645  1421  1427 E MP-Decision: num online cores: 1 reqd : 2 available : 4 rq_depth:2.700000 hotplug_avg_load_dw: 34
04-24 03:47:04.645  1421  1427 E MP-Decision: UP cpu:1 core_idx:1 Nw:1.900000 Tw:140 total_time_up:144.000000
04-24 03:47:04.645  2398  2398 D AndroidRuntime: Shutting down VM
04-24 03:47:04.645  2398  2398 W dalvikvm: threadid=1: thread exiting with uncaught exception (group=0x418fe7c0)
04-24 03:47:04.645  2398  2398 I Process : Sending signal. PID: 2398 SIG: 9
04-24 03:47:04.645  2398  2398 E AndroidRuntime: FATAL EXCEPTION: main
04-24 03:47:04.645  2398  2398 E AndroidRuntime: java.lang.RuntimeException: Unable to start service edu.mit.ll.cbmen.monitor.MonitorService@41b7da10 with null: java.lang.NullPointerException
04-24 03:47:04.645  2398  2398 E AndroidRuntime: 	at android.app.ActivityThread.handleServiceArgs(ActivityThread.java:2849)
04-24 03:47:04.645  2398  2398 E AndroidRuntime: 	at android.app.ActivityThread.access$1900(ActivityThread.java:153)
04-24 03:47:04.645  2398  2398 E AndroidRuntime: 	at android.app.ActivityThread$H.handleMessage(ActivityThread.java:1366)
04-24 03:47:04.645  2398  2398 E AndroidRuntime: 	at android.os.Handler.dispatchMessage(Handler.java:99)
04-24 03:47:04.645  2398  2398 E AndroidRuntime: 	at android.os.Looper.loop(Looper.java:137)
04-24 03:47:04.645  2398  2398 E AndroidRuntime: 	at android.app.ActivityThread.main(ActivityThread.java:5289)
04-24 03:47:04.645  2398  2398 E AndroidRuntime: 	at java.lang.reflect.Method.invokeNative(Native Method)
04-24 03:47:04.645  2398  2398 E AndroidRuntime: 	at java.lang.reflect.Method.invoke(Method.java:525)
04-24 03:47:04.645  2398  2398 E AndroidRuntime: 	at com.android.internal.os.ZygoteInit$MethodAndArgsCaller.run(ZygoteInit.java:739)
04-24 03:47:04.645  2398  2398 E AndroidRuntime: 	at com.android.internal.os.ZygoteInit.main(ZygoteInit.java:555)
04-24 03:47:04.645  2398  2398 E AndroidRuntime: 	at dalvik.system.NativeStart.main(Native Method)
04-24 03:47:04.645  2398  2398 E AndroidRuntime: Caused by: java.lang.NullPointerException
04-24 03:47:04.645  2398  2398 E AndroidRuntime: 	at edu.mit.ll.cbmen.monitor.MonitorService.onStartCommand(MonitorService.java:773)
04-24 03:47:04.645  2398  2398 E AndroidRuntime: 	at android.app.ActivityThread.handleServiceArgs(ActivityThread.java:2832)
04-24 03:47:04.645  2398  2398 E AndroidRuntime: 	... 10 more
04-24 03:47:04.655   805   805 I ActivityManager: Process edu.mit.ll.cbmen.monitor (pid 2398) has died.
04-24 03:47:04.655   805   805 W ActivityManager: Service crashed 2 times, stopping: ServiceRecord{41d08598 u0 edu.mit.ll.cbmen.monitor/.MonitorService}
04-24 03:47:04.775  1421  1427 E MP-Decision: num online cores: 2 reqd : 1 available : 4 rq_depth:0.000000 hotplug_avg_load_dw: 15
04-24 03:47:04.775  1421  1427 E MP-Decision: DOWN cpu:1 core_idx:1 Ns:1.100000 Ts:190 total_time_down:126.000000
04-24 03:47:12.132  2483  2483 I olsrd   : Writing '1' (was 1) to /proc/sys/net/ipv4/ip_forward
04-24 03:47:12.132  2483  2483 I olsrd   : Writing '0' (was 1) to /proc/sys/net/ipv4/conf/all/send_redirects
04-24 03:47:12.132  2483  2483 I olsrd   : Writing '0' (was 0) to /proc/sys/net/ipv4/conf/all/rp_filter
04-24 03:47:12.132  2483  2483 I olsrd   : Writing '0' (was 1) to /proc/sys/net/ipv4/conf/wlan0/send_redirects
04-24 03:47:12.132  2483  2483 I olsrd   : Writing '0' (was 0) to /proc/sys/net/ipv4/conf/wlan0/rp_filter
04-24 03:47:12.132  2483  2483 I olsrd   : Adding interface wlan0
04-24 03:47:12.142  2483  2483 I olsrd   : New main address: 10.1.1.7
04-24 03:47:12.152  2488  2488 I olsrd   : olsr.org -  0.6.6.2-n -git_0000000 -n -hash_ 7985605520f3cae9b305d56e83b35d9c successfully started
04-24 03:48:41.175  2488  2488 I olsrd   : detected duplicate packet with seqnr 0x64d0 from 10.1.1.37 on wlan0 (672 Bytes)
04-24 03:48:41.175  2488  2488 I olsrd   : detected duplicate packet with seqnr 0x64d0 from 10.1.1.37 on wlan0 (672 Bytes)
04-24 03:48:41.175  2488  2488 I olsrd   : detected duplicate packet with seqnr 0x64d0 from 10.1.1.37 on wlan0 (672 Bytes)
04-24 03:48:41.226  2488  2488 I olsrd   : detected duplicate packet with seqnr 0x64d0 from 10.1.1.37 on wlan0 (672 Bytes)
04-24 03:48:54.338  2488  2488 I olsrd   : detected duplicate packet with seqnr 0x4c4a from 10.1.1.9 on wlan0 (992 Bytes)
04-24 03:48:54.338  2488  2488 I olsrd   : detected duplicate packet with seqnr 0x4c4a from 10.1.1.9 on wlan0 (992 Bytes)
04-24 03:48:54.338  2488  2488 I olsrd   : detected duplicate packet with seqnr 0x4c4a from 10.1.1.9 on wlan0 (992 Bytes)
04-24 03:48:54.378  2488  2488 I olsrd   : detected duplicate packet with seqnr 0x4c4a from 10.1.1.9 on wlan0 (992 Bytes)
04-24 03:49:25.527  2488  2488 I olsrd   : detected duplicate packet with seqnr 0x3017 from 10.1.1.1 on wlan0 (1032 Bytes)
04-24 03:49:31.342  2488  2488 I olsrd   : detected duplicate packet with seqnr 0x3017 from 10.1.1.1 on wlan0 (1032 Bytes)
04-24 03:49:40.831  2488  2488 I olsrd   : detected duplicate packet with seqnr 0x26 from 10.1.1.6 on wlan0 (860 Bytes)
04-24 03:49:42.083  2488  2488 I olsrd   : detected duplicate packet with seqnr 0x26 from 10.1.1.6 on wlan0 (860 Bytes)
04-24 03:49:46.096  2488  2488 I olsrd   : detected duplicate packet with seqnr 0xf25 from 10.1.1.12 on wlan0 (1404 Bytes)
04-24 03:49:48.509  2488  2488 I olsrd   : detected duplicate packet with seqnr 0x3027 from 10.1.1.1 on wlan0 (1340 Bytes)
04-24 03:49:48.509  2488  2488 I olsrd   : detected duplicate packet with seqnr 0x3027 from 10.1.1.1 on wlan0 (1340 Bytes)
04-24 03:49:48.509  2488  2488 I olsrd   : detected duplicate packet with seqnr 0x3027 from 10.1.1.1 on wlan0 (1340 Bytes)
04-24 03:49:48.509  2488  2488 I olsrd   : detected duplicate packet with seqnr 0x3027 from 10.1.1.1 on wlan0 (1340 Bytes)
04-24 03:49:48.609  2488  2488 I olsrd   : detected duplicate packet with seqnr 0x3027 from 10.1.1.1 on wlan0 (1340 Bytes)
04-24 03:49:59.059  2488  2488 I olsrd   : detected duplicate packet with seqnr 0x5e7c from 10.1.1.2 on wlan0 (596 Bytes)
04-24 03:50:03.573  2488  2488 I olsrd   : detected duplicate packet with seqnr 0x6564 from 10.1.1.24 on wlan0 (1080 Bytes)
04-24 03:50:39.147  2488  2488 I olsrd   : detected duplicate packet with seqnr 0x43b4 from 10.1.1.29 on wlan0 (1456 Bytes)
04-24 03:50:39.147  2488  2488 I olsrd   : detected duplicate packet with seqnr 0x43b4 from 10.1.1.29 on wlan0 (1456 Bytes)
04-24 03:50:40.758  2488  2488 I olsrd   : detected duplicate packet with seqnr 0x8abc from 10.1.1.22 on wlan0 (536 Bytes)
04-24 03:50:40.758  2488  2488 I olsrd   : detected duplicate packet with seqnr 0x8abc from 10.1.1.22 on wlan0 (536 Bytes)
04-24 03:50:45.823  2488  2488 I olsrd   : detected duplicate packet with seqnr 0xcf76 from 10.1.1.25 on wlan0 (1380 Bytes)
04-24 03:50:45.823  2488  2488 I olsrd   : detected duplicate packet with seqnr 0xcf76 from 10.1.1.25 on wlan0 (1380 Bytes)
04-24 03:50:48.285  2488  2488 I olsrd   : detected duplicate packet with seqnr 0x5a from 10.1.1.6 on wlan0 (984 Bytes)
04-24 03:50:48.295  2488  2488 I olsrd   : detected duplicate packet with seqnr 0x5a from 10.1.1.6 on wlan0 (984 Bytes)
04-24 03:50:48.295  2488  2488 I olsrd   : detected duplicate packet with seqnr 0x5a from 10.1.1.6 on wlan0 (984 Bytes)
04-24 03:50:48.295  2488  2488 I olsrd   : detected duplicate packet with seqnr 0x5a from 10.1.1.6 on wlan0 (984 Bytes)
04-24 03:50:48.295  2488  2488 I olsrd   : detected duplicate packet with seqnr 0x5a from 10.1.1.6 on wlan0 (984 Bytes)
04-24 03:50:48.295  2488  2488 I olsrd   : detected duplicate packet with seqnr 0x5a from 10.1.1.6 on wlan0 (984 Bytes)
04-24 03:50:48.305  2488  2488 I olsrd   : detected duplicate packet with seqnr 0x5a from 10.1.1.6 on wlan0 (984 Bytes)
04-24 03:50:48.305  2488  2488 I olsrd   : detected duplicate packet with seqnr 0x5a from 10.1.1.6 on wlan0 (984 Bytes)
04-24 03:50:48.335  2488  2488 I olsrd   : detected duplicate packet with seqnr 0x5a from 10.1.1.6 on wlan0 (984 Bytes)
04-24 03:50:48.335  2488  2488 I olsrd   : detected duplicate packet with seqnr 0x5a from 10.1.1.6 on wlan0 (984 Bytes)
04-24 03:50:48.345  2488  2488 I olsrd   : detected duplicate packet with seqnr 0x5a from 10.1.1.6 on wlan0 (984 Bytes)
04-24 03:50:48.345  2488  2488 I olsrd   : detected duplicate packet with seqnr 0x5a from 10.1.1.6 on wlan0 (984 Bytes)
04-24 03:50:48.345  2488  2488 I olsrd   : detected duplicate packet with seqnr 0x5a from 10.1.1.6 on wlan0 (984 Bytes)
04-24 03:50:56.073  2488  2488 I olsrd   : detected duplicate packet with seqnr 0x6680 from 10.1.1.15 on wlan0 (364 Bytes)
04-24 03:50:56.073  2488  2488 I olsrd   : detected duplicate packet with seqnr 0x6680 from 10.1.1.15 on wlan0 (364 Bytes)
04-24 03:50:56.223  2488  2488 I olsrd   : detected duplicate packet with seqnr 0xcf7d from 10.1.1.25 on wlan0 (980 Bytes)
04-24 03:50:56.223  2488  2488 I olsrd   : detected duplicate packet with seqnr 0xcf7d from 10.1.1.25 on wlan0 (980 Bytes)
04-24 03:50:56.223  2488  2488 I olsrd   : detected duplicate packet with seqnr 0xcf7d from 10.1.1.25 on wlan0 (980 Bytes)
04-24 03:50:57.835  2488  2488 I olsrd   : detected duplicate packet with seqnr 0xddc1 from 10.1.1.10 on wlan0 (1460 Bytes)
04-24 03:50:57.835  2488  2488 I olsrd   : detected duplicate packet with seqnr 0xddc1 from 10.1.1.10 on wlan0 (1460 Bytes)
04-24 03:51:03.910  2488  2488 I olsrd   : detected duplicate packet with seqnr 0xddc6 from 10.1.1.10 on wlan0 (1276 Bytes)
04-24 03:51:03.960  2488  2488 I olsrd   : detected duplicate packet with seqnr 0xddc6 from 10.1.1.10 on wlan0 (1276 Bytes)
04-24 03:51:08.084  2488  2488 I olsrd   : detected duplicate packet with seqnr 0x4dcb from 10.1.1.32 on wlan0 (516 Bytes)
04-24 03:51:09.846  2488  2488 I olsrd   : detected duplicate packet with seqnr 0xddce from 10.1.1.10 on wlan0 (540 Bytes)
04-24 03:51:09.846  2488  2488 I olsrd   : detected duplicate packet with seqnr 0xddce from 10.1.1.10 on wlan0 (540 Bytes)
04-24 03:51:09.846  2488  2488 I olsrd   : detected duplicate packet with seqnr 0xddce from 10.1.1.10 on wlan0 (540 Bytes)
04-24 03:51:09.846  2488  2488 I olsrd   : detected duplicate packet with seqnr 0xddce from 10.1.1.10 on wlan0 (540 Bytes)
04-24 03:51:09.846  2488  2488 I olsrd   : detected duplicate packet with seqnr 0xddce from 10.1.1.10 on wlan0 (540 Bytes)
04-24 03:51:09.846  2488  2488 I olsrd   : detected duplicate packet with seqnr 0xddce from 10.1.1.10 on wlan0 (540 Bytes)
04-24 03:51:09.846  2488  2488 I olsrd   : detected duplicate packet with seqnr 0xddce from 10.1.1.10 on wlan0 (540 Bytes)
04-24 03:51:09.856  2488  2488 I olsrd   : detected duplicate packet with seqnr 0xddce from 10.1.1.10 on wlan0 (540 Bytes)
04-24 03:51:10.046  2488  2488 I olsrd   : detected duplicate packet with seqnr 0xddce from 10.1.1.10 on wlan0 (540 Bytes)
04-24 03:51:26.112  2488  2488 I olsrd   : detected duplicate packet with seqnr 0x79cf from 10.1.1.28 on wlan0 (316 Bytes)
04-24 03:51:26.162  2488  2488 I olsrd   : detected duplicate packet with seqnr 0x79cf from 10.1.1.28 on wlan0 (316 Bytes)
04-24 03:51:26.162  2488  2488 I olsrd   : detected duplicate packet with seqnr 0x79cf from 10.1.1.28 on wlan0 (316 Bytes)
04-24 03:51:26.162  2488  2488 I olsrd   : detected duplicate packet with seqnr 0x79cf from 10.1.1.28 on wlan0 (316 Bytes)
04-24 03:51:32.027  2488  2488 I olsrd   : detected duplicate packet with seqnr 0x43cb from 10.1.1.29 on wlan0 (1468 Bytes)
04-24 03:51:33.489  2488  2488 I olsrd   : detected duplicate packet with seqnr 0xddd8 from 10.1.1.10 on wlan0 (1296 Bytes)
04-24 03:51:33.489  2488  2488 I olsrd   : detected duplicate packet with seqnr 0xddd8 from 10.1.1.10 on wlan0 (1296 Bytes)
04-24 03:51:33.489  2488  2488 I olsrd   : detected duplicate packet with seqnr 0xddd8 from 10.1.1.10 on wlan0 (1296 Bytes)
04-24 03:51:33.749  2488  2488 I olsrd   : detected duplicate packet with seqnr 0x4cbd from 10.1.1.9 on wlan0 (1256 Bytes)
04-24 03:51:33.749  2488  2488 I olsrd   : detected duplicate packet with seqnr 0x4cbd from 10.1.1.9 on wlan0 (1256 Bytes)
04-24 03:51:37.453  4679  4679 D dalvikvm: Not late-enabling CheckJNI (already on)
04-24 03:51:37.463   805   826 I ActivityManager: Start proc edu.mit.ll.NletLog.android for service edu.mit.ll.NletLog.android/.LoggerService: pid=4679 uid=10056 gids={50056, 1015, 3003, 1028}
04-24 03:51:37.483  4679  4679 I dalvikvm: Turning on JNI app bug workarounds for target SDK version 12...
04-24 03:51:37.533  1421  1427 E MP-Decision: num online cores: 1 reqd : 2 available : 4 rq_depth:4.500000 hotplug_avg_load_dw: 26
04-24 03:51:37.533  1421  1427 E MP-Decision: UP cpu:1 core_idx:1 Nw:1.900000 Tw:140 total_time_up:145.000000
04-24 03:51:37.553  4679  4679 V LoggerService: Reading config file at /sdcard/llcbmen/startup_40/Logger.json
04-24 03:51:37.553  4679  4679 V LoggerService: Could not read config file!
04-24 03:51:37.573  4679  4679 V LoggerService: registering broadcast receiver...
04-24 03:51:37.573  4679  4679 V LoggerService: registered broadcast receiver
04-24 03:51:37.833  1421  1427 E MP-Decision: num online cores: 2 reqd : 1 available : 4 rq_depth:0.000000 hotplug_avg_load_dw: 7
04-24 03:51:37.833  1421  1427 E MP-Decision: DOWN cpu:1 core_idx:1 Ns:1.100000 Ts:190 total_time_down:48.000000
04-24 03:51:39.515  2488  2488 I olsrd   : detected duplicate packet with seqnr 0xaa88 from 10.1.1.27 on wlan0 (296 Bytes)
04-24 03:51:39.525  2488  2488 I olsrd   : detected duplicate packet with seqnr 0xaa88 from 10.1.1.27 on wlan0 (296 Bytes)
04-24 03:51:39.525  2488  2488 I olsrd   : detected duplicate packet with seqnr 0xaa88 from 10.1.1.27 on wlan0 (296 Bytes)
04-24 03:51:39.535  2488  2488 I olsrd   : detected duplicate packet with seqnr 0xaa88 from 10.1.1.27 on wlan0 (296 Bytes)
04-24 03:51:39.535  2488  2488 I olsrd   : detected duplicate packet with seqnr 0xaa88 from 10.1.1.27 on wlan0 (296 Bytes)
04-24 03:51:39.535  2488  2488 I olsrd   : detected duplicate packet with seqnr 0xaa88 from 10.1.1.27 on wlan0 (296 Bytes)
04-24 03:51:39.535  2488  2488 I olsrd   : detected duplicate packet with seqnr 0xaa88 from 10.1.1.27 on wlan0 (296 Bytes)
04-24 03:51:52.327  2488  2488 I olsrd   : detected duplicate packet with seqnr 0xcae7 from 10.1.1.36 on wlan0 (1172 Bytes)
04-24 03:51:52.888  2488  2488 I olsrd   : detected duplicate packet with seqnr 0x4cbf from 10.1.1.9 on wlan0 (680 Bytes)
04-24 03:51:52.888  2488  2488 I olsrd   : detected duplicate packet with seqnr 0x4cbf from 10.1.1.9 on wlan0 (680 Bytes)
04-24 03:51:52.888  2488  2488 I olsrd   : detected duplicate packet with seqnr 0x4cbf from 10.1.1.9 on wlan0 (680 Bytes)
04-24 03:51:52.938  2488  2488 I olsrd   : detected duplicate packet with seqnr 0x4cbf from 10.1.1.9 on wlan0 (680 Bytes)
04-24 03:51:54.689  2488  2488 I olsrd   : detected duplicate packet with seqnr 0x66aa from 10.1.1.15 on wlan0 (1300 Bytes)
04-24 03:51:54.740  2488  2488 I olsrd   : detected duplicate packet with seqnr 0x66aa from 10.1.1.15 on wlan0 (1300 Bytes)
04-24 03:51:56.191  2488  2488 I olsrd   : detected duplicate packet with seqnr 0xddef from 10.1.1.10 on wlan0 (1144 Bytes)
04-24 03:51:56.191  2488  2488 I olsrd   : detected duplicate packet with seqnr 0xddef from 10.1.1.10 on wlan0 (1144 Bytes)
04-24 03:51:56.191  2488  2488 I olsrd   : detected duplicate packet with seqnr 0xddef from 10.1.1.10 on wlan0 (1144 Bytes)
04-24 03:51:58.253  2488  2488 I olsrd   : detected duplicate packet with seqnr 0x94 from 10.1.1.6 on wlan0 (272 Bytes)
04-24 03:51:59.124  2488  2488 I olsrd   : detected duplicate packet with seqnr 0xcfac from 10.1.1.25 on wlan0 (1380 Bytes)
04-24 03:52:00.365  2488  2488 I olsrd   : detected duplicate packet with seqnr 0xf8a from 10.1.1.12 on wlan0 (492 Bytes)
04-24 03:52:00.365  2488  2488 I olsrd   : detected duplicate packet with seqnr 0xf8a from 10.1.1.12 on wlan0 (492 Bytes)
04-24 03:52:00.375  2488  2488 I olsrd   : detected duplicate packet with seqnr 0xf8a from 10.1.1.12 on wlan0 (492 Bytes)
04-24 03:52:00.375  2488  2488 I olsrd   : detected duplicate packet with seqnr 0xf8a from 10.1.1.12 on wlan0 (492 Bytes)
04-24 03:52:00.375  2488  2488 I olsrd   : detected duplicate packet with seqnr 0xf8a from 10.1.1.12 on wlan0 (492 Bytes)
04-24 03:52:00.385  2488  2488 I olsrd   : detected duplicate packet with seqnr 0xf8a from 10.1.1.12 on wlan0 (492 Bytes)
04-24 03:52:00.515  2488  2488 I olsrd   : detected duplicate packet with seqnr 0xf8a from 10.1.1.12 on wlan0 (492 Bytes)
04-24 03:52:00.875  2488  2488 I olsrd   : detected duplicate packet with seqnr 0xaa95 from 10.1.1.27 on wlan0 (676 Bytes)
04-24 03:52:00.886  2488  2488 I olsrd   : detected duplicate packet with seqnr 0xaa95 from 10.1.1.27 on wlan0 (676 Bytes)
04-24 03:52:01.626  2488  2488 I olsrd   : detected duplicate packet with seqnr 0x9b from 10.1.1.6 on wlan0 (1016 Bytes)
04-24 03:52:03.688  2488  2488 I olsrd   : detected duplicate packet with seqnr 0xaa97 from 10.1.1.27 on wlan0 (500 Bytes)
04-24 03:52:04.589  2488  2488 I olsrd   : detected duplicate packet with seqnr 0xaa97 from 10.1.1.27 on wlan0 (500 Bytes)
04-24 03:52:05.240  2488  2488 I olsrd   : detected duplicate packet with seqnr 0xddfc from 10.1.1.10 on wlan0 (1244 Bytes)
04-24 03:52:05.240  2488  2488 I olsrd   : detected duplicate packet with seqnr 0xddfc from 10.1.1.10 on wlan0 (1244 Bytes)
04-24 03:52:08.603  2488  2488 I olsrd   : detected duplicate packet with seqnr 0x30a7 from 10.1.1.1 on wlan0 (1192 Bytes)
04-24 03:52:08.603  2488  2488 I olsrd   : detected duplicate packet with seqnr 0x30a7 from 10.1.1.1 on wlan0 (1192 Bytes)
04-24 03:52:08.603  2488  2488 I olsrd   : detected duplicate packet with seqnr 0x30a7 from 10.1.1.1 on wlan0 (1192 Bytes)
04-24 03:52:10.465  2488  2488 I olsrd   : detected duplicate packet with seqnr 0x4e89 from 10.1.1.4 on wlan0 (1188 Bytes)
04-24 03:52:10.475  2488  2488 I olsrd   : detected duplicate packet with seqnr 0x4e89 from 10.1.1.4 on wlan0 (1188 Bytes)
04-24 03:52:12.467  2488  2488 I olsrd   : detected duplicate packet with seqnr 0xde08 from 10.1.1.10 on wlan0 (1364 Bytes)
04-24 03:52:12.467  2488  2488 I olsrd   : detected duplicate packet with seqnr 0xde08 from 10.1.1.10 on wlan0 (1364 Bytes)
04-24 03:52:13.418  2488  2488 I olsrd   : detected duplicate packet with seqnr 0x6580 from 10.1.1.37 on wlan0 (1468 Bytes)
04-24 03:52:13.668  2488  2488 I olsrd   : detected duplicate packet with seqnr 0x6580 from 10.1.1.37 on wlan0 (1468 Bytes)
04-24 03:52:14.018  2488  2488 I olsrd   : detected duplicate packet with seqnr 0xa7 from 10.1.1.6 on wlan0 (1412 Bytes)
04-24 03:52:15.340  2488  2488 I olsrd   : detected duplicate packet with seqnr 0x65b8 from 10.1.1.24 on wlan0 (1032 Bytes)
04-24 03:52:16.681  2488  2488 I olsrd   : detected duplicate packet with seqnr 0x4cdc from 10.1.1.9 on wlan0 (1056 Bytes)
04-24 03:52:18.993  2488  2488 I olsrd   : detected duplicate packet with seqnr 0xfaa from 10.1.1.12 on wlan0 (1052 Bytes)
04-24 03:52:18.993  2488  2488 I olsrd   : detected duplicate packet with seqnr 0xfaa from 10.1.1.12 on wlan0 (1052 Bytes)
04-24 03:52:20.955  2488  2488 I olsrd   : detected duplicate packet with seqnr 0x27cc from 10.1.1.16 on wlan0 (1420 Bytes)
04-24 03:52:23.468  2488  2488 I olsrd   : detected duplicate packet with seqnr 0x30ba from 10.1.1.1 on wlan0 (960 Bytes)
04-24 03:52:26.520  2488  2488 I olsrd   : detected duplicate packet with seqnr 0xde2a from 10.1.1.10 on wlan0 (1308 Bytes)
04-24 03:52:26.520  2488  2488 I olsrd   : detected duplicate packet with seqnr 0xde2a from 10.1.1.10 on wlan0 (1308 Bytes)
04-24 03:52:27.882  2488  2488 I olsrd   : detected duplicate packet with seqnr 0xfbe from 10.1.1.12 on wlan0 (1404 Bytes)
04-24 03:52:29.954  2488  2488 I olsrd   : detected duplicate packet with seqnr 0x4ebc from 10.1.1.4 on wlan0 (1404 Bytes)
04-24 03:52:29.954  2488  2488 I olsrd   : detected duplicate packet with seqnr 0x4ebc from 10.1.1.4 on wlan0 (1404 Bytes)
04-24 03:52:32.366  2488  2488 I olsrd   : detected duplicate packet with seqnr 0x30bd from 10.1.1.1 on wlan0 (1460 Bytes)
04-24 03:52:38.122  2488  2488 I olsrd   : detected duplicate packet with seqnr 0x4d05 from 10.1.1.9 on wlan0 (1248 Bytes)
04-24 03:52:38.983  2488  2488 I olsrd   : detected duplicate packet with seqnr 0x66d4 from 10.1.1.15 on wlan0 (972 Bytes)
04-24 03:52:39.733  2488  2488 I olsrd   : detected duplicate packet with seqnr 0x30c5 from 10.1.1.1 on wlan0 (1396 Bytes)
04-24 03:52:39.733  2488  2488 I olsrd   : detected duplicate packet with seqnr 0x30c5 from 10.1.1.1 on wlan0 (1396 Bytes)
04-24 03:52:41.095  2488  2488 I olsrd   : detected duplicate packet with seqnr 0x66d6 from 10.1.1.15 on wlan0 (1348 Bytes)
04-24 03:52:41.095  2488  2488 I olsrd   : detected duplicate packet with seqnr 0x66d6 from 10.1.1.15 on wlan0 (1348 Bytes)
04-24 03:52:41.095  2488  2488 I olsrd   : detected duplicate packet with seqnr 0x66d6 from 10.1.1.15 on wlan0 (1348 Bytes)
04-24 03:52:41.345  2488  2488 I olsrd   : detected duplicate packet with seqnr 0xbed3 from 10.1.1.23 on wlan0 (1364 Bytes)
04-24 03:52:41.395  2488  2488 I olsrd   : detected duplicate packet with seqnr 0xbed3 from 10.1.1.23 on wlan0 (1364 Bytes)
04-24 03:52:52.066  2488  2488 I olsrd   : Removing interface wlan0
04-24 03:52:52.086   805   868 D Tethering: InitialState.processMessage what=4
04-24 03:52:52.086   805   868 D Tethering: Exception adding default nw to upstreamIfaceTypes: java.lang.NullPointerException
04-24 03:52:52.086   805   868 D Tethering: sendTetherStateChangedBroadcast 1, 0, 0
04-24 03:52:52.096   805  1110 D Tethering: Exception adding default nw to upstreamIfaceTypes: java.lang.NullPointerException
04-24 03:54:13.618  5996  5996 W libc    : void endpwent()(3) is not implemented on Android
04-24 03:54:13.618   251   251 I busybox : void endpwent()(3) is not implemented on Android
04-24 03:54:13.708  5998  5998 W libc    : void endpwent()(3) is not implemented on Android
04-24 03:54:13.909  1421  1427 E MP-Decision: num online cores: 1 reqd : 2 available : 4 rq_depth:1.100000 hotplug_avg_load_dw: 64
04-24 03:54:13.909  1421  1427 E MP-Decision: UP cpu:1 core_idx:1 Nw:1.900000 Tw:140 total_time_up:0.000000
