--------- beginning of /dev/log/main
04-24 12:47:18.557 16036 16036 I olsrd   : Writing '1' (was 1) to /proc/sys/net/ipv4/ip_forward
04-24 12:47:18.557 16036 16036 I olsrd   : Writing '0' (was 1) to /proc/sys/net/ipv4/conf/all/send_redirects
04-24 12:47:18.557 16036 16036 I olsrd   : Writing '0' (was 0) to /proc/sys/net/ipv4/conf/all/rp_filter
04-24 12:47:18.557 16036 16036 I olsrd   : Writing '0' (was 0) to /proc/sys/net/ipv4/conf/wlan0/send_redirects
04-24 12:47:18.557 16036 16036 I olsrd   : Writing '0' (was 0) to /proc/sys/net/ipv4/conf/wlan0/rp_filter
04-24 12:47:18.557 16036 16036 I olsrd   : Adding interface wlan0
04-24 12:47:18.557 16036 16036 I olsrd   : New main address: 10.1.1.1
04-24 12:47:18.577 16041 16041 I olsrd   : olsr.org -  0.6.6.2-n -git_0000000 -n -hash_ 7985605520f3cae9b305d56e83b35d9c successfully started
04-24 12:47:18.687  1425  1432 E MP-Decision: num online cores: 2 reqd : 1 available : 4 rq_depth:0.000000 hotplug_avg_load_dw: 18
04-24 12:47:18.687  1425  1432 E MP-Decision: DOWN cpu:1 core_idx:1 Ns:1.100000 Ts:190 total_time_down:108.000000
04-24 12:47:21.370 16064 16064 D dalvikvm: Not late-enabling CheckJNI (already on)
--------- beginning of /dev/log/system
04-24 12:47:21.390   806   830 I ActivityManager: Start proc edu.mit.ll.cbmen.monitor for service edu.mit.ll.cbmen.monitor/.MonitorService: pid=16064 uid=10055 gids={50055, 1015, 3003, 1028}
04-24 12:47:21.470 16064 16064 I MonitorService: onCreate() MonitorService
04-24 12:47:21.470 16064 16064 D AndroidRuntime: Shutting down VM
04-24 12:47:21.470 16064 16064 W dalvikvm: threadid=1: thread exiting with uncaught exception (group=0x415e97c0)
04-24 12:47:21.470 16064 16064 E AndroidRuntime: FATAL EXCEPTION: main
04-24 12:47:21.470 16064 16064 E AndroidRuntime: java.lang.RuntimeException: Unable to start service edu.mit.ll.cbmen.monitor.MonitorService@418678e8 with null: java.lang.NullPointerException
04-24 12:47:21.470 16064 16064 E AndroidRuntime: 	at android.app.ActivityThread.handleServiceArgs(ActivityThread.java:2849)
04-24 12:47:21.470 16064 16064 E AndroidRuntime: 	at android.app.ActivityThread.access$1900(ActivityThread.java:153)
04-24 12:47:21.470 16064 16064 E AndroidRuntime: 	at android.app.ActivityThread$H.handleMessage(ActivityThread.java:1366)
04-24 12:47:21.470 16064 16064 E AndroidRuntime: 	at android.os.Handler.dispatchMessage(Handler.java:99)
04-24 12:47:21.470 16064 16064 E AndroidRuntime: 	at android.os.Looper.loop(Looper.java:137)
04-24 12:47:21.470 16064 16064 E AndroidRuntime: 	at android.app.ActivityThread.main(ActivityThread.java:5289)
04-24 12:47:21.470 16064 16064 E AndroidRuntime: 	at java.lang.reflect.Method.invokeNative(Native Method)
04-24 12:47:21.470 16064 16064 E AndroidRuntime: 	at java.lang.reflect.Method.invoke(Method.java:525)
04-24 12:47:21.470 16064 16064 E AndroidRuntime: 	at com.android.internal.os.ZygoteInit$MethodAndArgsCaller.run(ZygoteInit.java:739)
04-24 12:47:21.470 16064 16064 E AndroidRuntime: 	at com.android.internal.os.ZygoteInit.main(ZygoteInit.java:555)
04-24 12:47:21.470 16064 16064 E AndroidRuntime: 	at dalvik.system.NativeStart.main(Native Method)
04-24 12:47:21.470 16064 16064 E AndroidRuntime: Caused by: java.lang.NullPointerException
04-24 12:47:21.470 16064 16064 E AndroidRuntime: 	at edu.mit.ll.cbmen.monitor.MonitorService.onStartCommand(MonitorService.java:773)
04-24 12:47:21.470 16064 16064 E AndroidRuntime: 	at android.app.ActivityThread.handleServiceArgs(ActivityThread.java:2832)
04-24 12:47:21.470 16064 16064 E AndroidRuntime: 	... 10 more
04-24 12:47:21.480 16064 16064 I Process : Sending signal. PID: 16064 SIG: 9
04-24 12:47:21.490  1425  1432 E MP-Decision: num online cores: 1 reqd : 2 available : 4 rq_depth:2.300000 hotplug_avg_load_dw: 27
04-24 12:47:21.490  1425  1432 E MP-Decision: UP cpu:1 core_idx:1 Nw:1.900000 Tw:140 total_time_up:144.000000
04-24 12:47:21.490   806   817 I ActivityManager: Process edu.mit.ll.cbmen.monitor (pid 16064) has died.
04-24 12:47:21.490   806   817 W ActivityManager: Scheduling restart of crashed service edu.mit.ll.cbmen.monitor/.MonitorService in 20000ms
04-24 12:47:21.710  1425  1432 E MP-Decision: num online cores: 2 reqd : 1 available : 4 rq_depth:0.000000 hotplug_avg_load_dw: 16
04-24 12:47:21.710  1425  1432 E MP-Decision: DOWN cpu:1 core_idx:1 Ns:1.100000 Ts:190 total_time_down:213.000000
04-24 12:47:41.519 16257 16257 D dalvikvm: Not late-enabling CheckJNI (already on)
04-24 12:47:41.529   806   830 I ActivityManager: Start proc edu.mit.ll.cbmen.monitor for service edu.mit.ll.cbmen.monitor/.MonitorService: pid=16257 uid=10055 gids={50055, 1015, 3003, 1028}
04-24 12:47:41.599 16257 16257 I MonitorService: onCreate() MonitorService
04-24 12:47:41.609 16257 16257 D AndroidRuntime: Shutting down VM
04-24 12:47:41.609 16257 16257 W dalvikvm: threadid=1: thread exiting with uncaught exception (group=0x415e97c0)
04-24 12:47:41.609 16257 16257 I Process : Sending signal. PID: 16257 SIG: 9
04-24 12:47:41.609 16257 16257 E AndroidRuntime: FATAL EXCEPTION: main
04-24 12:47:41.609 16257 16257 E AndroidRuntime: java.lang.RuntimeException: Unable to start service edu.mit.ll.cbmen.monitor.MonitorService@418687e8 with null: java.lang.NullPointerException
04-24 12:47:41.609 16257 16257 E AndroidRuntime: 	at android.app.ActivityThread.handleServiceArgs(ActivityThread.java:2849)
04-24 12:47:41.609 16257 16257 E AndroidRuntime: 	at android.app.ActivityThread.access$1900(ActivityThread.java:153)
04-24 12:47:41.609 16257 16257 E AndroidRuntime: 	at android.app.ActivityThread$H.handleMessage(ActivityThread.java:1366)
04-24 12:47:41.609 16257 16257 E AndroidRuntime: 	at android.os.Handler.dispatchMessage(Handler.java:99)
04-24 12:47:41.609 16257 16257 E AndroidRuntime: 	at android.os.Looper.loop(Looper.java:137)
04-24 12:47:41.609 16257 16257 E AndroidRuntime: 	at android.app.ActivityThread.main(ActivityThread.java:5289)
04-24 12:47:41.609 16257 16257 E AndroidRuntime: 	at java.lang.reflect.Method.invokeNative(Native Method)
04-24 12:47:41.609 16257 16257 E AndroidRuntime: 	at java.lang.reflect.Method.invoke(Method.java:525)
04-24 12:47:41.609 16257 16257 E AndroidRuntime: 	at com.android.internal.os.ZygoteInit$MethodAndArgsCaller.run(ZygoteInit.java:739)
04-24 12:47:41.609 16257 16257 E AndroidRuntime: 	at com.android.internal.os.ZygoteInit.main(ZygoteInit.java:555)
04-24 12:47:41.609 16257 16257 E AndroidRuntime: 	at dalvik.system.NativeStart.main(Native Method)
04-24 12:47:41.609 16257 16257 E AndroidRuntime: Caused by: java.lang.NullPointerException
04-24 12:47:41.609 16257 16257 E AndroidRuntime: 	at edu.mit.ll.cbmen.monitor.MonitorService.onStartCommand(MonitorService.java:773)
04-24 12:47:41.609 16257 16257 E AndroidRuntime: 	at android.app.ActivityThread.handleServiceArgs(ActivityThread.java:2832)
04-24 12:47:41.609 16257 16257 E AndroidRuntime: 	... 10 more
04-24 12:47:41.619   806  1171 I ActivityManager: Process edu.mit.ll.cbmen.monitor (pid 16257) has died.
04-24 12:47:41.619   806  1171 W ActivityManager: Service crashed 2 times, stopping: ServiceRecord{419e1c80 u0 edu.mit.ll.cbmen.monitor/.MonitorService}
04-24 12:48:04.992   806   830 W BroadcastQueue: Timeout of broadcast BroadcastRecord{4207cb58 u0 com.android.server.action.NETWORK_STATS_POLL} - receiver=android.app.LoadedApk$ReceiverDispatcher$InnerReceiver@41b02998, started 60002ms ago
04-24 12:48:04.992   806   830 W BroadcastQueue: Receiver during timeout: BroadcastFilter{41ad0330 u0 ReceiverList{41ad0610 806 system/1000/u0 local:41b02998}}
04-24 12:50:05.057   806   830 W ProcessStats: Skipping unknown process pid 17448
04-24 12:50:05.057   806   830 W ProcessStats: Skipping unknown process pid 17449
04-24 12:50:05.067   806   830 W ProcessStats: Skipping unknown process pid 17450
04-24 12:50:52.953 16041 16041 I olsrd   : detected duplicate packet with seqnr 0x2e50 from 10.1.1.6 on wlan0 (368 Bytes)
04-24 12:50:52.953 16041 16041 I olsrd   : detected duplicate packet with seqnr 0x2e50 from 10.1.1.6 on wlan0 (368 Bytes)
04-24 12:51:03.043 16041 16041 I olsrd   : detected duplicate packet with seqnr 0xc41d from 10.1.1.2 on wlan0 (300 Bytes)
04-24 12:51:03.093 16041 16041 I olsrd   : detected duplicate packet with seqnr 0xc41d from 10.1.1.2 on wlan0 (300 Bytes)
04-24 12:52:20.277  1425  1432 E MP-Decision: num online cores: 1 reqd : 2 available : 4 rq_depth:1.000000 hotplug_avg_load_dw: 63
04-24 12:52:20.277  1425  1432 E MP-Decision: UP cpu:1 core_idx:1 Nw:1.900000 Tw:140 total_time_up:0.000000
04-24 12:52:20.447 18603 18603 D AndroidRuntime: 
04-24 12:52:20.447 18603 18603 D AndroidRuntime: >>>>>> AndroidRuntime START com.android.internal.os.RuntimeInit <<<<<<
04-24 12:52:20.447 18603 18603 D AndroidRuntime: CheckJNI is ON
04-24 12:52:20.447 18603 18603 E dalvikvm: ERROR: must specify non-'.' bootclasspath
04-24 12:52:20.447 18603 18603 W dalvikvm: CreateJavaVM failed: dvmClassStartup failed
04-24 12:52:20.447 18603 18603 E AndroidRuntime: JNI_CreateJavaVM failed
04-24 12:52:20.627 16041 16041 I olsrd   : Writing '1' (was 0) to /proc/sys/net/ipv4/conf/all/send_redirects
04-24 12:52:20.627 16041 16041 I olsrd   : olsr.org -  0.6.6.2-n -git_0000000 -n -hash_ 7985605520f3cae9b305d56e83b35d9c stopped
04-24 12:52:21.358  1425  1432 E MP-Decision: num online cores: 2 reqd : 1 available : 4 rq_depth:1.600000 hotplug_avg_load_dw: 19
04-24 12:52:21.358  1425  1432 E MP-Decision: DOWN cpu:1 core_idx:1 Ns:1.100000 Ts:190 total_time_down:0.000000
04-24 12:52:21.919  1425  1432 E MP-Decision: num online cores: 1 reqd : 2 available : 4 rq_depth:1.000000 hotplug_avg_load_dw: 59
04-24 12:52:21.919  1425  1432 E MP-Decision: UP cpu:1 core_idx:1 Nw:1.900000 Tw:140 total_time_up:0.000000
04-24 12:52:22.489 18719 18719 D AndroidRuntime: 
04-24 12:52:22.489 18719 18719 D AndroidRuntime: >>>>>> AndroidRuntime START com.android.internal.os.RuntimeInit <<<<<<
04-24 12:52:22.489 18719 18719 D AndroidRuntime: CheckJNI is ON
04-24 12:52:22.489 18719 18719 E dalvikvm: ERROR: must specify non-'.' bootclasspath
04-24 12:52:22.489 18719 18719 W dalvikvm: CreateJavaVM failed: dvmClassStartup failed
04-24 12:52:22.489 18719 18719 E AndroidRuntime: JNI_CreateJavaVM failed
04-24 12:52:22.840 18721 18721 D AndroidRuntime: 
04-24 12:52:22.840 18721 18721 D AndroidRuntime: >>>>>> AndroidRuntime START com.android.internal.os.RuntimeInit <<<<<<
04-24 12:52:22.840 18721 18721 D AndroidRuntime: CheckJNI is ON
04-24 12:52:22.840 18721 18721 E dalvikvm: ERROR: must specify non-'.' bootclasspath
04-24 12:52:22.840 18721 18721 W dalvikvm: CreateJavaVM failed: dvmClassStartup failed
04-24 12:52:22.840 18721 18721 E AndroidRuntime: JNI_CreateJavaVM failed
