--------- beginning of /dev/log/main
04-24 03:46:41.533  1406  1414 E MP-Decision: num online cores: 2 reqd : 1 available : 4 rq_depth:0.000000 hotplug_avg_load_dw: 27
04-24 03:46:41.533  1406  1414 E MP-Decision: DOWN cpu:1 core_idx:1 Ns:1.100000 Ts:190 total_time_down:443.000000
04-24 03:46:44.366  2276  2276 D dalvikvm: Not late-enabling CheckJNI (already on)
--------- beginning of /dev/log/system
04-24 03:46:44.376   798   816 I ActivityManager: Start proc edu.mit.ll.cbmen.monitor for service edu.mit.ll.cbmen.monitor/.MonitorService: pid=2276 uid=10055 gids={50055, 1015, 3003, 1028}
04-24 03:46:44.436  2276  2276 I MonitorService: onCreate() MonitorService
04-24 03:46:44.436  2276  2276 D AndroidRuntime: Shutting down VM
04-24 03:46:44.436  2276  2276 W dalvikvm: threadid=1: thread exiting with uncaught exception (group=0x415397c0)
04-24 03:46:44.446  2276  2276 E AndroidRuntime: FATAL EXCEPTION: main
04-24 03:46:44.446  2276  2276 E AndroidRuntime: java.lang.RuntimeException: Unable to start service edu.mit.ll.cbmen.monitor.MonitorService@417b7950 with null: java.lang.NullPointerException
04-24 03:46:44.446  2276  2276 E AndroidRuntime: 	at android.app.ActivityThread.handleServiceArgs(ActivityThread.java:2849)
04-24 03:46:44.446  2276  2276 E AndroidRuntime: 	at android.app.ActivityThread.access$1900(ActivityThread.java:153)
04-24 03:46:44.446  2276  2276 E AndroidRuntime: 	at android.app.ActivityThread$H.handleMessage(ActivityThread.java:1366)
04-24 03:46:44.446  2276  2276 E AndroidRuntime: 	at android.os.Handler.dispatchMessage(Handler.java:99)
04-24 03:46:44.446  2276  2276 E AndroidRuntime: 	at android.os.Looper.loop(Looper.java:137)
04-24 03:46:44.446  2276  2276 E AndroidRuntime: 	at android.app.ActivityThread.main(ActivityThread.java:5289)
04-24 03:46:44.446  2276  2276 E AndroidRuntime: 	at java.lang.reflect.Method.invokeNative(Native Method)
04-24 03:46:44.446  2276  2276 E AndroidRuntime: 	at java.lang.reflect.Method.invoke(Method.java:525)
04-24 03:46:44.446  2276  2276 E AndroidRuntime: 	at com.android.internal.os.ZygoteInit$MethodAndArgsCaller.run(ZygoteInit.java:739)
04-24 03:46:44.446  2276  2276 E AndroidRuntime: 	at com.android.internal.os.ZygoteInit.main(ZygoteInit.java:555)
04-24 03:46:44.446  2276  2276 E AndroidRuntime: 	at dalvik.system.NativeStart.main(Native Method)
04-24 03:46:44.446  2276  2276 E AndroidRuntime: Caused by: java.lang.NullPointerException
04-24 03:46:44.446  2276  2276 E AndroidRuntime: 	at edu.mit.ll.cbmen.monitor.MonitorService.onStartCommand(MonitorService.java:773)
04-24 03:46:44.446  2276  2276 E AndroidRuntime: 	at android.app.ActivityThread.handleServiceArgs(ActivityThread.java:2832)
04-24 03:46:44.446  2276  2276 E AndroidRuntime: 	... 10 more
04-24 03:46:44.456  2276  2276 I Process : Sending signal. PID: 2276 SIG: 9
04-24 03:46:44.456   798  1112 I ActivityManager: Process edu.mit.ll.cbmen.monitor (pid 2276) has died.
04-24 03:46:44.456   798  1112 W ActivityManager: Scheduling restart of crashed service edu.mit.ll.cbmen.monitor/.MonitorService in 20000ms
04-24 03:47:04.485  2393  2393 D dalvikvm: Not late-enabling CheckJNI (already on)
04-24 03:47:04.505   798   816 I ActivityManager: Start proc edu.mit.ll.cbmen.monitor for service edu.mit.ll.cbmen.monitor/.MonitorService: pid=2393 uid=10055 gids={50055, 1015, 3003, 1028}
04-24 03:47:04.595  2393  2393 I MonitorService: onCreate() MonitorService
04-24 03:47:04.605  2393  2393 D AndroidRuntime: Shutting down VM
04-24 03:47:04.605  2393  2393 W dalvikvm: threadid=1: thread exiting with uncaught exception (group=0x415397c0)
04-24 03:47:04.605  2393  2393 E AndroidRuntime: FATAL EXCEPTION: main
04-24 03:47:04.605  2393  2393 E AndroidRuntime: java.lang.RuntimeException: Unable to start service edu.mit.ll.cbmen.monitor.MonitorService@417b8848 with null: java.lang.NullPointerException
04-24 03:47:04.605  2393  2393 E AndroidRuntime: 	at android.app.ActivityThread.handleServiceArgs(ActivityThread.java:2849)
04-24 03:47:04.605  2393  2393 E AndroidRuntime: 	at android.app.ActivityThread.access$1900(ActivityThread.java:153)
04-24 03:47:04.605  2393  2393 E AndroidRuntime: 	at android.app.ActivityThread$H.handleMessage(ActivityThread.java:1366)
04-24 03:47:04.605  2393  2393 E AndroidRuntime: 	at android.os.Handler.dispatchMessage(Handler.java:99)
04-24 03:47:04.605  2393  2393 E AndroidRuntime: 	at android.os.Looper.loop(Looper.java:137)
04-24 03:47:04.605  2393  2393 E AndroidRuntime: 	at android.app.ActivityThread.main(ActivityThread.java:5289)
04-24 03:47:04.605  2393  2393 E AndroidRuntime: 	at java.lang.reflect.Method.invokeNative(Native Method)
04-24 03:47:04.605  2393  2393 E AndroidRuntime: 	at java.lang.reflect.Method.invoke(Method.java:525)
04-24 03:47:04.605  2393  2393 E AndroidRuntime: 	at com.android.internal.os.ZygoteInit$MethodAndArgsCaller.run(ZygoteInit.java:739)
04-24 03:47:04.605  2393  2393 E AndroidRuntime: 	at com.android.internal.os.ZygoteInit.main(ZygoteInit.java:555)
04-24 03:47:04.605  2393  2393 E AndroidRuntime: 	at dalvik.system.NativeStart.main(Native Method)
04-24 03:47:04.605  2393  2393 E AndroidRuntime: Caused by: java.lang.NullPointerException
04-24 03:47:04.605  2393  2393 E AndroidRuntime: 	at edu.mit.ll.cbmen.monitor.MonitorService.onStartCommand(MonitorService.java:773)
04-24 03:47:04.605  2393  2393 E AndroidRuntime: 	at android.app.ActivityThread.handleServiceArgs(ActivityThread.java:2832)
04-24 03:47:04.605  2393  2393 E AndroidRuntime: 	... 10 more
04-24 03:47:04.615  2393  2393 I Process : Sending signal. PID: 2393 SIG: 9
04-24 03:47:04.625   798  1144 I ActivityManager: Process edu.mit.ll.cbmen.monitor (pid 2393) has died.
04-24 03:47:04.625   798  1144 W ActivityManager: Service crashed 2 times, stopping: ServiceRecord{41fb0ed0 u0 edu.mit.ll.cbmen.monitor/.MonitorService}
04-24 03:47:12.142  2471  2471 I olsrd   : Writing '1' (was 1) to /proc/sys/net/ipv4/ip_forward
04-24 03:47:12.142  2471  2471 I olsrd   : Writing '0' (was 1) to /proc/sys/net/ipv4/conf/all/send_redirects
04-24 03:47:12.142  2471  2471 I olsrd   : Writing '0' (was 0) to /proc/sys/net/ipv4/conf/all/rp_filter
04-24 03:47:12.142  2471  2471 I olsrd   : Writing '0' (was 1) to /proc/sys/net/ipv4/conf/wlan0/send_redirects
04-24 03:47:12.142  2471  2471 I olsrd   : Writing '0' (was 0) to /proc/sys/net/ipv4/conf/wlan0/rp_filter
04-24 03:47:12.142  2471  2471 I olsrd   : Adding interface wlan0
04-24 03:47:12.142  2471  2471 I olsrd   : New main address: 10.1.1.22
04-24 03:47:12.162  2472  2472 I olsrd   : olsr.org -  0.6.6.2-n -git_0000000 -n -hash_ 7985605520f3cae9b305d56e83b35d9c successfully started
04-24 03:48:11.087   798   816 W BroadcastQueue: Timeout of broadcast BroadcastRecord{41ecf540 u0 com.android.server.action.NETWORK_STATS_POLL} - receiver=android.app.LoadedApk$ReceiverDispatcher$InnerReceiver@41a6ef20, started 60003ms ago
04-24 03:48:11.087   798   816 W BroadcastQueue: Receiver during timeout: BroadcastFilter{41a4a2f8 u0 ReceiverList{41a4b278 798 system/1000/u0 local:41a6ef20}}
04-24 03:48:41.184  2472  2472 I olsrd   : detected duplicate packet with seqnr 0x64d0 from 10.1.1.37 on wlan0 (672 Bytes)
04-24 03:48:41.184  2472  2472 I olsrd   : detected duplicate packet with seqnr 0x64d0 from 10.1.1.37 on wlan0 (672 Bytes)
04-24 03:48:41.234  2472  2472 I olsrd   : detected duplicate packet with seqnr 0x64d0 from 10.1.1.37 on wlan0 (672 Bytes)
04-24 03:48:54.367  2472  2472 I olsrd   : detected duplicate packet with seqnr 0x4c4a from 10.1.1.9 on wlan0 (992 Bytes)
04-24 03:48:54.367  2472  2472 I olsrd   : detected duplicate packet with seqnr 0x4c4a from 10.1.1.9 on wlan0 (992 Bytes)
04-24 03:48:54.367  2472  2472 I olsrd   : detected duplicate packet with seqnr 0x4c4a from 10.1.1.9 on wlan0 (992 Bytes)
04-24 03:48:54.367  2472  2472 I olsrd   : detected duplicate packet with seqnr 0x4c4a from 10.1.1.9 on wlan0 (992 Bytes)
04-24 03:49:25.505  2472  2472 I olsrd   : detected duplicate packet with seqnr 0x3017 from 10.1.1.1 on wlan0 (1032 Bytes)
04-24 03:49:31.331  2472  2472 I olsrd   : detected duplicate packet with seqnr 0x3017 from 10.1.1.1 on wlan0 (1032 Bytes)
04-24 03:49:40.830  2472  2472 I olsrd   : detected duplicate packet with seqnr 0x26 from 10.1.1.6 on wlan0 (860 Bytes)
04-24 03:49:42.081  2472  2472 I olsrd   : detected duplicate packet with seqnr 0x26 from 10.1.1.6 on wlan0 (860 Bytes)
04-24 03:49:46.095  2472  2472 I olsrd   : detected duplicate packet with seqnr 0xf25 from 10.1.1.12 on wlan0 (1404 Bytes)
04-24 03:49:48.517  2472  2472 I olsrd   : detected duplicate packet with seqnr 0x3027 from 10.1.1.1 on wlan0 (1340 Bytes)
04-24 03:49:48.517  2472  2472 I olsrd   : detected duplicate packet with seqnr 0x3027 from 10.1.1.1 on wlan0 (1340 Bytes)
04-24 03:49:48.517  2472  2472 I olsrd   : detected duplicate packet with seqnr 0x3027 from 10.1.1.1 on wlan0 (1340 Bytes)
04-24 03:49:48.517  2472  2472 I olsrd   : detected duplicate packet with seqnr 0x3027 from 10.1.1.1 on wlan0 (1340 Bytes)
04-24 03:49:48.617  2472  2472 I olsrd   : detected duplicate packet with seqnr 0x3027 from 10.1.1.1 on wlan0 (1340 Bytes)
04-24 03:50:36.623  2472  2472 I olsrd   : detected duplicate packet with seqnr 0x7999 from 10.1.1.28 on wlan0 (524 Bytes)
04-24 03:50:36.623  2472  2472 I olsrd   : detected duplicate packet with seqnr 0x7999 from 10.1.1.28 on wlan0 (524 Bytes)
04-24 03:50:56.212  2472  2472 I olsrd   : detected duplicate packet with seqnr 0x6680 from 10.1.1.15 on wlan0 (364 Bytes)
04-24 03:50:56.212  2472  2472 I olsrd   : detected duplicate packet with seqnr 0x6680 from 10.1.1.15 on wlan0 (364 Bytes)
04-24 03:50:56.462  2472  2472 I olsrd   : detected duplicate packet with seqnr 0xcf7d from 10.1.1.25 on wlan0 (980 Bytes)
04-24 03:50:56.462  2472  2472 I olsrd   : detected duplicate packet with seqnr 0xcf7d from 10.1.1.25 on wlan0 (980 Bytes)
04-24 03:50:57.873  2472  2472 I olsrd   : detected duplicate packet with seqnr 0xddc1 from 10.1.1.10 on wlan0 (1460 Bytes)
04-24 03:50:57.873  2472  2472 I olsrd   : detected duplicate packet with seqnr 0xddc1 from 10.1.1.10 on wlan0 (1460 Bytes)
04-24 03:51:03.949  2472  2472 I olsrd   : detected duplicate packet with seqnr 0xddc6 from 10.1.1.10 on wlan0 (1276 Bytes)
04-24 03:51:03.949  2472  2472 I olsrd   : detected duplicate packet with seqnr 0xddc6 from 10.1.1.10 on wlan0 (1276 Bytes)
04-24 03:51:03.949  2472  2472 I olsrd   : detected duplicate packet with seqnr 0xddc6 from 10.1.1.10 on wlan0 (1276 Bytes)
04-24 03:51:09.825  2472  2472 I olsrd   : detected duplicate packet with seqnr 0xddce from 10.1.1.10 on wlan0 (540 Bytes)
04-24 03:51:09.835  2472  2472 I olsrd   : detected duplicate packet with seqnr 0xddce from 10.1.1.10 on wlan0 (540 Bytes)
04-24 03:51:09.835  2472  2472 I olsrd   : detected duplicate packet with seqnr 0xddce from 10.1.1.10 on wlan0 (540 Bytes)
04-24 03:51:09.835  2472  2472 I olsrd   : detected duplicate packet with seqnr 0xddce from 10.1.1.10 on wlan0 (540 Bytes)
04-24 03:51:09.835  2472  2472 I olsrd   : detected duplicate packet with seqnr 0xddce from 10.1.1.10 on wlan0 (540 Bytes)
04-24 03:51:09.845  2472  2472 I olsrd   : detected duplicate packet with seqnr 0xddce from 10.1.1.10 on wlan0 (540 Bytes)
04-24 03:51:09.845  2472  2472 I olsrd   : detected duplicate packet with seqnr 0xddce from 10.1.1.10 on wlan0 (540 Bytes)
04-24 03:51:09.845  2472  2472 I olsrd   : detected duplicate packet with seqnr 0xddce from 10.1.1.10 on wlan0 (540 Bytes)
04-24 03:51:10.025  2472  2472 I olsrd   : detected duplicate packet with seqnr 0xddce from 10.1.1.10 on wlan0 (540 Bytes)
04-24 03:51:26.151  2472  2472 I olsrd   : detected duplicate packet with seqnr 0x79cf from 10.1.1.28 on wlan0 (316 Bytes)
04-24 03:51:26.151  2472  2472 I olsrd   : detected duplicate packet with seqnr 0x79cf from 10.1.1.28 on wlan0 (316 Bytes)
04-24 03:51:26.161  2472  2472 I olsrd   : detected duplicate packet with seqnr 0x79cf from 10.1.1.28 on wlan0 (316 Bytes)
04-24 03:51:26.171  2472  2472 I olsrd   : detected duplicate packet with seqnr 0x79cf from 10.1.1.28 on wlan0 (316 Bytes)
04-24 03:51:32.026  2472  2472 I olsrd   : detected duplicate packet with seqnr 0x43cb from 10.1.1.29 on wlan0 (1468 Bytes)
04-24 03:51:33.478  2472  2472 I olsrd   : detected duplicate packet with seqnr 0xddd8 from 10.1.1.10 on wlan0 (1296 Bytes)
04-24 03:51:33.478  2472  2472 I olsrd   : detected duplicate packet with seqnr 0xddd8 from 10.1.1.10 on wlan0 (1296 Bytes)
04-24 03:51:33.478  2472  2472 I olsrd   : detected duplicate packet with seqnr 0xddd8 from 10.1.1.10 on wlan0 (1296 Bytes)
04-24 03:51:33.778  2472  2472 I olsrd   : detected duplicate packet with seqnr 0x4cbd from 10.1.1.9 on wlan0 (1256 Bytes)
04-24 03:51:33.778  2472  2472 I olsrd   : detected duplicate packet with seqnr 0x4cbd from 10.1.1.9 on wlan0 (1256 Bytes)
04-24 03:51:35.990  2472  2472 I olsrd   : detected duplicate packet with seqnr 0x7fb1 from 10.1.1.34 on wlan0 (1064 Bytes)
04-24 03:51:37.742  4131  4131 D dalvikvm: Not late-enabling CheckJNI (already on)
04-24 03:51:37.762   798   816 I ActivityManager: Start proc edu.mit.ll.NletLog.android for service edu.mit.ll.NletLog.android/.LoggerService: pid=4131 uid=10056 gids={50056, 1015, 3003, 1028}
04-24 03:51:37.772  4131  4131 I dalvikvm: Turning on JNI app bug workarounds for target SDK version 12...
04-24 03:51:37.822  1406  1414 E MP-Decision: num online cores: 1 reqd : 2 available : 4 rq_depth:4.100000 hotplug_avg_load_dw: 27
04-24 03:51:37.822  1406  1414 E MP-Decision: UP cpu:1 core_idx:1 Nw:1.900000 Tw:140 total_time_up:146.000000
04-24 03:51:37.842  4131  4131 V LoggerService: Reading config file at /sdcard/llcbmen/startup_40/Logger.json
04-24 03:51:37.842  4131  4131 V LoggerService: Could not read config file!
04-24 03:51:37.852  4131  4131 V LoggerService: registering broadcast receiver...
04-24 03:51:37.852  4131  4131 V LoggerService: registered broadcast receiver
04-24 03:51:38.072  1406  1414 E MP-Decision: num online cores: 2 reqd : 1 available : 4 rq_depth:0.000000 hotplug_avg_load_dw: 21
04-24 03:51:38.072  1406  1414 E MP-Decision: DOWN cpu:1 core_idx:1 Ns:1.100000 Ts:190 total_time_down:194.000000
04-24 03:51:39.243  2472  2472 I olsrd   : detected duplicate packet with seqnr 0x4cbe from 10.1.1.9 on wlan0 (544 Bytes)
04-24 03:51:39.514  2472  2472 I olsrd   : detected duplicate packet with seqnr 0xaa88 from 10.1.1.27 on wlan0 (296 Bytes)
04-24 03:51:39.514  2472  2472 I olsrd   : detected duplicate packet with seqnr 0xaa88 from 10.1.1.27 on wlan0 (296 Bytes)
04-24 03:51:39.514  2472  2472 I olsrd   : detected duplicate packet with seqnr 0xaa88 from 10.1.1.27 on wlan0 (296 Bytes)
04-24 03:51:39.524  2472  2472 I olsrd   : detected duplicate packet with seqnr 0xaa88 from 10.1.1.27 on wlan0 (296 Bytes)
04-24 03:51:39.524  2472  2472 I olsrd   : detected duplicate packet with seqnr 0xaa88 from 10.1.1.27 on wlan0 (296 Bytes)
04-24 03:51:39.524  2472  2472 I olsrd   : detected duplicate packet with seqnr 0xaa88 from 10.1.1.27 on wlan0 (296 Bytes)
04-24 03:51:39.534  2472  2472 I olsrd   : detected duplicate packet with seqnr 0xaa88 from 10.1.1.27 on wlan0 (296 Bytes)
04-24 03:51:40.605  2472  2472 I olsrd   : detected duplicate packet with seqnr 0xdde2 from 10.1.1.10 on wlan0 (1000 Bytes)
04-24 03:51:40.605  2472  2472 I olsrd   : detected duplicate packet with seqnr 0xdde2 from 10.1.1.10 on wlan0 (1000 Bytes)
04-24 03:51:44.068  2472  2472 I olsrd   : detected duplicate packet with seqnr 0xcf95 from 10.1.1.25 on wlan0 (1388 Bytes)
04-24 03:51:52.887  2472  2472 I olsrd   : detected duplicate packet with seqnr 0x4cbf from 10.1.1.9 on wlan0 (680 Bytes)
04-24 03:51:52.887  2472  2472 I olsrd   : detected duplicate packet with seqnr 0x4cbf from 10.1.1.9 on wlan0 (680 Bytes)
04-24 03:51:52.897  2472  2472 I olsrd   : detected duplicate packet with seqnr 0x4cbf from 10.1.1.9 on wlan0 (680 Bytes)
04-24 03:51:52.897  2472  2472 I olsrd   : detected duplicate packet with seqnr 0x4cbf from 10.1.1.9 on wlan0 (680 Bytes)
04-24 03:51:52.937  2472  2472 I olsrd   : detected duplicate packet with seqnr 0x4cbf from 10.1.1.9 on wlan0 (680 Bytes)
04-24 03:51:54.738  2472  2472 I olsrd   : detected duplicate packet with seqnr 0x66aa from 10.1.1.15 on wlan0 (1300 Bytes)
04-24 03:51:54.789  2472  2472 I olsrd   : detected duplicate packet with seqnr 0x66aa from 10.1.1.15 on wlan0 (1300 Bytes)
04-24 03:51:56.200  2472  2472 I olsrd   : detected duplicate packet with seqnr 0xddef from 10.1.1.10 on wlan0 (1144 Bytes)
04-24 03:51:56.200  2472  2472 I olsrd   : detected duplicate packet with seqnr 0xddef from 10.1.1.10 on wlan0 (1144 Bytes)
04-24 03:51:56.200  2472  2472 I olsrd   : detected duplicate packet with seqnr 0xddef from 10.1.1.10 on wlan0 (1144 Bytes)
04-24 03:51:56.210  2472  2472 I olsrd   : detected duplicate packet with seqnr 0xddef from 10.1.1.10 on wlan0 (1144 Bytes)
04-24 03:51:58.222  2472  2472 I olsrd   : detected duplicate packet with seqnr 0x94 from 10.1.1.6 on wlan0 (272 Bytes)
04-24 03:51:58.222  2472  2472 I olsrd   : detected duplicate packet with seqnr 0x94 from 10.1.1.6 on wlan0 (272 Bytes)
04-24 03:52:01.595  2472  2472 I olsrd   : detected duplicate packet with seqnr 0x9b from 10.1.1.6 on wlan0 (1016 Bytes)
04-24 03:52:05.199  2472  2472 I olsrd   : detected duplicate packet with seqnr 0xddfc from 10.1.1.10 on wlan0 (1244 Bytes)
04-24 03:52:05.199  2472  2472 I olsrd   : detected duplicate packet with seqnr 0xddfc from 10.1.1.10 on wlan0 (1244 Bytes)
04-24 03:52:05.199  2472  2472 I olsrd   : detected duplicate packet with seqnr 0xddfc from 10.1.1.10 on wlan0 (1244 Bytes)
04-24 03:52:05.209  2472  2472 I olsrd   : detected duplicate packet with seqnr 0xddfc from 10.1.1.10 on wlan0 (1244 Bytes)
04-24 03:52:05.249  2472  2472 I olsrd   : detected duplicate packet with seqnr 0xddfc from 10.1.1.10 on wlan0 (1244 Bytes)
04-24 03:52:05.249  2472  2472 I olsrd   : detected duplicate packet with seqnr 0xddfc from 10.1.1.10 on wlan0 (1244 Bytes)
04-24 03:52:06.360  2472  2472 I olsrd   : detected duplicate packet with seqnr 0x66b4 from 10.1.1.15 on wlan0 (1096 Bytes)
04-24 03:52:08.633  2472  2472 I olsrd   : detected duplicate packet with seqnr 0x30a7 from 10.1.1.1 on wlan0 (1192 Bytes)
04-24 03:52:08.633  2472  2472 I olsrd   : detected duplicate packet with seqnr 0x30a7 from 10.1.1.1 on wlan0 (1192 Bytes)
04-24 03:52:08.633  2472  2472 I olsrd   : detected duplicate packet with seqnr 0x30a7 from 10.1.1.1 on wlan0 (1192 Bytes)
04-24 03:52:10.805  2472  2472 I olsrd   : detected duplicate packet with seqnr 0x4e89 from 10.1.1.4 on wlan0 (1188 Bytes)
04-24 03:52:13.397  2472  2472 I olsrd   : detected duplicate packet with seqnr 0x6580 from 10.1.1.37 on wlan0 (1468 Bytes)
04-24 03:52:13.648  2472  2472 I olsrd   : detected duplicate packet with seqnr 0x6580 from 10.1.1.37 on wlan0 (1468 Bytes)
04-24 03:52:16.691  2472  2472 I olsrd   : detected duplicate packet with seqnr 0x4cdc from 10.1.1.9 on wlan0 (1056 Bytes)
04-24 03:52:17.341  2472  2472 I olsrd   : detected duplicate packet with seqnr 0x4cea from 10.1.1.9 on wlan0 (1364 Bytes)
04-24 03:52:20.965  2472  2472 I olsrd   : detected duplicate packet with seqnr 0x27cc from 10.1.1.16 on wlan0 (1420 Bytes)
04-24 03:52:22.977  2472  2472 I olsrd   : detected duplicate packet with seqnr 0xb4 from 10.1.1.6 on wlan0 (1236 Bytes)
04-24 03:52:26.511  2472  2472 I olsrd   : detected duplicate packet with seqnr 0xde2a from 10.1.1.10 on wlan0 (1308 Bytes)
04-24 03:52:26.511  2472  2472 I olsrd   : detected duplicate packet with seqnr 0xde2a from 10.1.1.10 on wlan0 (1308 Bytes)
04-24 03:52:27.912  2472  2472 I olsrd   : detected duplicate packet with seqnr 0xfbe from 10.1.1.12 on wlan0 (1404 Bytes)
04-24 03:52:29.924  2472  2472 I olsrd   : detected duplicate packet with seqnr 0x4ebc from 10.1.1.4 on wlan0 (1404 Bytes)
04-24 03:52:29.924  2472  2472 I olsrd   : detected duplicate packet with seqnr 0x4ebc from 10.1.1.4 on wlan0 (1404 Bytes)
04-24 03:52:32.387  2472  2472 I olsrd   : detected duplicate packet with seqnr 0x30bd from 10.1.1.1 on wlan0 (1460 Bytes)
04-24 03:52:33.278  2472  2472 I olsrd   : detected duplicate packet with seqnr 0xc3 from 10.1.1.6 on wlan0 (1444 Bytes)
04-24 03:52:38.122  2472  2472 I olsrd   : detected duplicate packet with seqnr 0x4d05 from 10.1.1.9 on wlan0 (1248 Bytes)
04-24 03:52:39.033  2472  2472 I olsrd   : detected duplicate packet with seqnr 0x66d4 from 10.1.1.15 on wlan0 (972 Bytes)
04-24 03:52:39.564  2472  2472 I olsrd   : detected duplicate packet with seqnr 0x27f4 from 10.1.1.16 on wlan0 (1372 Bytes)
04-24 03:52:39.564  2472  2472 I olsrd   : detected duplicate packet with seqnr 0x27f4 from 10.1.1.16 on wlan0 (1372 Bytes)
04-24 03:52:39.564  2472  2472 I olsrd   : detected duplicate packet with seqnr 0x27f4 from 10.1.1.16 on wlan0 (1372 Bytes)
04-24 03:52:39.564  2472  2472 I olsrd   : detected duplicate packet with seqnr 0x27f4 from 10.1.1.16 on wlan0 (1372 Bytes)
04-24 03:52:39.564  2472  2472 I olsrd   : detected duplicate packet with seqnr 0x27f4 from 10.1.1.16 on wlan0 (1372 Bytes)
04-24 03:52:39.694  2472  2472 I olsrd   : detected duplicate packet with seqnr 0x27f4 from 10.1.1.16 on wlan0 (1372 Bytes)
04-24 03:52:39.744  2472  2472 I olsrd   : detected duplicate packet with seqnr 0x30c5 from 10.1.1.1 on wlan0 (1396 Bytes)
04-24 03:52:39.744  2472  2472 I olsrd   : detected duplicate packet with seqnr 0x30c5 from 10.1.1.1 on wlan0 (1396 Bytes)
04-24 03:52:41.105  2472  2472 I olsrd   : detected duplicate packet with seqnr 0x66d6 from 10.1.1.15 on wlan0 (1348 Bytes)
04-24 03:52:41.105  2472  2472 I olsrd   : detected duplicate packet with seqnr 0x66d6 from 10.1.1.15 on wlan0 (1348 Bytes)
04-24 03:52:41.105  2472  2472 I olsrd   : detected duplicate packet with seqnr 0x66d6 from 10.1.1.15 on wlan0 (1348 Bytes)
04-24 03:52:41.195  2472  2472 I olsrd   : detected duplicate packet with seqnr 0x7a2a from 10.1.1.28 on wlan0 (1204 Bytes)
04-24 03:52:41.195  2472  2472 I olsrd   : detected duplicate packet with seqnr 0x7a2a from 10.1.1.28 on wlan0 (1204 Bytes)
04-24 03:52:41.356  2472  2472 I olsrd   : detected duplicate packet with seqnr 0xbed3 from 10.1.1.23 on wlan0 (1364 Bytes)
04-24 03:52:41.396  2472  2472 I olsrd   : detected duplicate packet with seqnr 0xbed3 from 10.1.1.23 on wlan0 (1364 Bytes)
04-24 03:52:52.066  2472  2472 I olsrd   : Removing interface wlan0
04-24 03:52:52.076   798   890 D Tethering: InitialState.processMessage what=4
04-24 03:52:52.076   798   890 D Tethering: Exception adding default nw to upstreamIfaceTypes: java.lang.NullPointerException
04-24 03:52:52.076   798   890 D Tethering: sendTetherStateChangedBroadcast 0, 0, 0
04-24 03:52:52.076   798  1156 D Tethering: Exception adding default nw to upstreamIfaceTypes: java.lang.NullPointerException
04-24 03:52:52.086  2472  2472 E olsrd   : OLSR: sendto IPv4 m
04-24 03:54:13.649  5142  5142 W libc    : void endpwent()(3) is not implemented on Android
04-24 03:54:13.649   252   252 I busybox : void endpwent()(3) is not implemented on Android
04-24 03:54:13.759  5144  5144 W libc    : void endpwent()(3) is not implemented on Android
04-24 03:54:13.969  1406  1414 E MP-Decision: num online cores: 1 reqd : 2 available : 4 rq_depth:1.700000 hotplug_avg_load_dw: 66
04-24 03:54:13.969  1406  1414 E MP-Decision: UP cpu:1 core_idx:1 Nw:1.900000 Tw:140 total_time_up:0.000000
