--------- beginning of /dev/log/main
04-24 03:46:41.308  1423  1430 E MP-Decision: num online cores: 2 reqd : 1 available : 4 rq_depth:0.000000 hotplug_avg_load_dw: 19
04-24 03:46:41.308  1423  1430 E MP-Decision: DOWN cpu:1 core_idx:1 Ns:1.100000 Ts:190 total_time_down:196.000000
04-24 03:46:44.361  2217  2217 D dalvikvm: Not late-enabling CheckJNI (already on)
--------- beginning of /dev/log/system
04-24 03:46:44.371   805   823 I ActivityManager: Start proc edu.mit.ll.cbmen.monitor for service edu.mit.ll.cbmen.monitor/.MonitorService: pid=2217 uid=10055 gids={50055, 1015, 3003, 1028}
04-24 03:46:44.441  2217  2217 I MonitorService: onCreate() MonitorService
04-24 03:46:44.441  2217  2217 D AndroidRuntime: Shutting down VM
04-24 03:46:44.441  2217  2217 W dalvikvm: threadid=1: thread exiting with uncaught exception (group=0x415597c0)
04-24 03:46:44.441  2217  2217 E AndroidRuntime: FATAL EXCEPTION: main
04-24 03:46:44.441  2217  2217 E AndroidRuntime: java.lang.RuntimeException: Unable to start service edu.mit.ll.cbmen.monitor.MonitorService@417d6a50 with null: java.lang.NullPointerException
04-24 03:46:44.441  2217  2217 E AndroidRuntime: 	at android.app.ActivityThread.handleServiceArgs(ActivityThread.java:2849)
04-24 03:46:44.441  2217  2217 E AndroidRuntime: 	at android.app.ActivityThread.access$1900(ActivityThread.java:153)
04-24 03:46:44.441  2217  2217 E AndroidRuntime: 	at android.app.ActivityThread$H.handleMessage(ActivityThread.java:1366)
04-24 03:46:44.441  2217  2217 E AndroidRuntime: 	at android.os.Handler.dispatchMessage(Handler.java:99)
04-24 03:46:44.441  2217  2217 E AndroidRuntime: 	at android.os.Looper.loop(Looper.java:137)
04-24 03:46:44.441  2217  2217 E AndroidRuntime: 	at android.app.ActivityThread.main(ActivityThread.java:5289)
04-24 03:46:44.441  2217  2217 E AndroidRuntime: 	at java.lang.reflect.Method.invokeNative(Native Method)
04-24 03:46:44.441  2217  2217 E AndroidRuntime: 	at java.lang.reflect.Method.invoke(Method.java:525)
04-24 03:46:44.441  2217  2217 E AndroidRuntime: 	at com.android.internal.os.ZygoteInit$MethodAndArgsCaller.run(ZygoteInit.java:739)
04-24 03:46:44.441  2217  2217 E AndroidRuntime: 	at com.android.internal.os.ZygoteInit.main(ZygoteInit.java:555)
04-24 03:46:44.441  2217  2217 E AndroidRuntime: 	at dalvik.system.NativeStart.main(Native Method)
04-24 03:46:44.441  2217  2217 E AndroidRuntime: Caused by: java.lang.NullPointerException
04-24 03:46:44.441  2217  2217 E AndroidRuntime: 	at edu.mit.ll.cbmen.monitor.MonitorService.onStartCommand(MonitorService.java:773)
04-24 03:46:44.441  2217  2217 E AndroidRuntime: 	at android.app.ActivityThread.handleServiceArgs(ActivityThread.java:2832)
04-24 03:46:44.441  2217  2217 E AndroidRuntime: 	... 10 more
04-24 03:46:44.451  2217  2217 I Process : Sending signal. PID: 2217 SIG: 9
04-24 03:46:44.451   805  1174 I ActivityManager: Process edu.mit.ll.cbmen.monitor (pid 2217) has died.
04-24 03:46:44.451   805  1174 W ActivityManager: Scheduling restart of crashed service edu.mit.ll.cbmen.monitor/.MonitorService in 20000ms
04-24 03:47:04.480  2333  2333 D dalvikvm: Not late-enabling CheckJNI (already on)
04-24 03:47:04.500   805   823 I ActivityManager: Start proc edu.mit.ll.cbmen.monitor for service edu.mit.ll.cbmen.monitor/.MonitorService: pid=2333 uid=10055 gids={50055, 1015, 3003, 1028}
04-24 03:47:04.600  2333  2333 I MonitorService: onCreate() MonitorService
04-24 03:47:04.610  1423  1430 E MP-Decision: num online cores: 1 reqd : 2 available : 4 rq_depth:3.300000 hotplug_avg_load_dw: 34
04-24 03:47:04.610  1423  1430 E MP-Decision: UP cpu:1 core_idx:1 Nw:1.900000 Tw:140 total_time_up:142.000000
04-24 03:47:04.610  2333  2333 D AndroidRuntime: Shutting down VM
04-24 03:47:04.610  2333  2333 W dalvikvm: threadid=1: thread exiting with uncaught exception (group=0x415597c0)
04-24 03:47:04.610  2333  2333 E AndroidRuntime: FATAL EXCEPTION: main
04-24 03:47:04.610  2333  2333 E AndroidRuntime: java.lang.RuntimeException: Unable to start service edu.mit.ll.cbmen.monitor.MonitorService@417d7940 with null: java.lang.NullPointerException
04-24 03:47:04.610  2333  2333 E AndroidRuntime: 	at android.app.ActivityThread.handleServiceArgs(ActivityThread.java:2849)
04-24 03:47:04.610  2333  2333 E AndroidRuntime: 	at android.app.ActivityThread.access$1900(ActivityThread.java:153)
04-24 03:47:04.610  2333  2333 E AndroidRuntime: 	at android.app.ActivityThread$H.handleMessage(ActivityThread.java:1366)
04-24 03:47:04.610  2333  2333 E AndroidRuntime: 	at android.os.Handler.dispatchMessage(Handler.java:99)
04-24 03:47:04.610  2333  2333 E AndroidRuntime: 	at android.os.Looper.loop(Looper.java:137)
04-24 03:47:04.610  2333  2333 E AndroidRuntime: 	at android.app.ActivityThread.main(ActivityThread.java:5289)
04-24 03:47:04.610  2333  2333 E AndroidRuntime: 	at java.lang.reflect.Method.invokeNative(Native Method)
04-24 03:47:04.610  2333  2333 E AndroidRuntime: 	at java.lang.reflect.Method.invoke(Method.java:525)
04-24 03:47:04.610  2333  2333 E AndroidRuntime: 	at com.android.internal.os.ZygoteInit$MethodAndArgsCaller.run(ZygoteInit.java:739)
04-24 03:47:04.610  2333  2333 E AndroidRuntime: 	at com.android.internal.os.ZygoteInit.main(ZygoteInit.java:555)
04-24 03:47:04.610  2333  2333 E AndroidRuntime: 	at dalvik.system.NativeStart.main(Native Method)
04-24 03:47:04.610  2333  2333 E AndroidRuntime: Caused by: java.lang.NullPointerException
04-24 03:47:04.610  2333  2333 E AndroidRuntime: 	at edu.mit.ll.cbmen.monitor.MonitorService.onStartCommand(MonitorService.java:773)
04-24 03:47:04.610  2333  2333 E AndroidRuntime: 	at android.app.ActivityThread.handleServiceArgs(ActivityThread.java:2832)
04-24 03:47:04.610  2333  2333 E AndroidRuntime: 	... 10 more
04-24 03:47:04.620  2333  2333 I Process : Sending signal. PID: 2333 SIG: 9
04-24 03:47:04.630   805  1188 I ActivityManager: Process edu.mit.ll.cbmen.monitor (pid 2333) has died.
04-24 03:47:04.630   805  1188 W ActivityManager: Service crashed 2 times, stopping: ServiceRecord{420192d8 u0 edu.mit.ll.cbmen.monitor/.MonitorService}
04-24 03:47:04.740  1423  1430 E MP-Decision: num online cores: 2 reqd : 1 available : 4 rq_depth:0.000000 hotplug_avg_load_dw: 16
04-24 03:47:04.740  1423  1430 E MP-Decision: DOWN cpu:1 core_idx:1 Ns:1.100000 Ts:190 total_time_down:126.000000
04-24 03:47:12.127  2420  2420 I olsrd   : Writing '1' (was 1) to /proc/sys/net/ipv4/ip_forward
04-24 03:47:12.127  2420  2420 I olsrd   : Writing '0' (was 1) to /proc/sys/net/ipv4/conf/all/send_redirects
04-24 03:47:12.127  2420  2420 I olsrd   : Writing '0' (was 0) to /proc/sys/net/ipv4/conf/all/rp_filter
04-24 03:47:12.127  2420  2420 I olsrd   : Writing '0' (was 1) to /proc/sys/net/ipv4/conf/wlan0/send_redirects
04-24 03:47:12.127  2420  2420 I olsrd   : Writing '0' (was 0) to /proc/sys/net/ipv4/conf/wlan0/rp_filter
04-24 03:47:12.127  2420  2420 I olsrd   : Adding interface wlan0
04-24 03:47:12.137  2420  2420 I olsrd   : New main address: 10.1.1.5
04-24 03:47:12.147  2425  2425 I olsrd   : olsr.org -  0.6.6.2-n -git_0000000 -n -hash_ 7985605520f3cae9b305d56e83b35d9c successfully started
04-24 03:48:41.111  2425  2425 I olsrd   : detected duplicate packet with seqnr 0x64d0 from 10.1.1.37 on wlan0 (672 Bytes)
04-24 03:48:41.111  2425  2425 I olsrd   : detected duplicate packet with seqnr 0x64d0 from 10.1.1.37 on wlan0 (672 Bytes)
04-24 03:48:41.151  2425  2425 I olsrd   : detected duplicate packet with seqnr 0x64d0 from 10.1.1.37 on wlan0 (672 Bytes)
04-24 03:48:41.161  2425  2425 I olsrd   : detected duplicate packet with seqnr 0x64d0 from 10.1.1.37 on wlan0 (672 Bytes)
04-24 03:48:41.161  2425  2425 I olsrd   : detected duplicate packet with seqnr 0x64d0 from 10.1.1.37 on wlan0 (672 Bytes)
04-24 03:48:41.201  2425  2425 I olsrd   : detected duplicate packet with seqnr 0x64d0 from 10.1.1.37 on wlan0 (672 Bytes)
04-24 03:48:54.323  2425  2425 I olsrd   : detected duplicate packet with seqnr 0x4c4a from 10.1.1.9 on wlan0 (992 Bytes)
04-24 03:48:54.333  2425  2425 I olsrd   : detected duplicate packet with seqnr 0x4c4a from 10.1.1.9 on wlan0 (992 Bytes)
04-24 03:48:54.333  2425  2425 I olsrd   : detected duplicate packet with seqnr 0x4c4a from 10.1.1.9 on wlan0 (992 Bytes)
04-24 03:48:54.373  2425  2425 I olsrd   : detected duplicate packet with seqnr 0x4c4a from 10.1.1.9 on wlan0 (992 Bytes)
04-24 03:49:25.512  2425  2425 I olsrd   : detected duplicate packet with seqnr 0x3017 from 10.1.1.1 on wlan0 (1032 Bytes)
04-24 03:49:31.337  2425  2425 I olsrd   : detected duplicate packet with seqnr 0x3017 from 10.1.1.1 on wlan0 (1032 Bytes)
04-24 03:49:40.846  2425  2425 I olsrd   : detected duplicate packet with seqnr 0x26 from 10.1.1.6 on wlan0 (860 Bytes)
04-24 03:49:42.088  2425  2425 I olsrd   : detected duplicate packet with seqnr 0x26 from 10.1.1.6 on wlan0 (860 Bytes)
04-24 03:49:46.061  2425  2425 I olsrd   : detected duplicate packet with seqnr 0xf25 from 10.1.1.12 on wlan0 (1404 Bytes)
04-24 03:49:48.484  2425  2425 I olsrd   : detected duplicate packet with seqnr 0x3027 from 10.1.1.1 on wlan0 (1340 Bytes)
04-24 03:49:48.484  2425  2425 I olsrd   : detected duplicate packet with seqnr 0x3027 from 10.1.1.1 on wlan0 (1340 Bytes)
04-24 03:49:48.484  2425  2425 I olsrd   : detected duplicate packet with seqnr 0x3027 from 10.1.1.1 on wlan0 (1340 Bytes)
04-24 03:49:48.484  2425  2425 I olsrd   : detected duplicate packet with seqnr 0x3027 from 10.1.1.1 on wlan0 (1340 Bytes)
04-24 03:49:48.634  2425  2425 I olsrd   : detected duplicate packet with seqnr 0x3027 from 10.1.1.1 on wlan0 (1340 Bytes)
04-24 03:49:59.034  2425  2425 I olsrd   : detected duplicate packet with seqnr 0x5e7c from 10.1.1.2 on wlan0 (596 Bytes)
04-24 03:50:03.598  2425  2425 I olsrd   : detected duplicate packet with seqnr 0x6564 from 10.1.1.24 on wlan0 (1080 Bytes)
04-24 03:50:36.569  2425  2425 I olsrd   : detected duplicate packet with seqnr 0x7999 from 10.1.1.28 on wlan0 (524 Bytes)
04-24 03:50:36.579  2425  2425 I olsrd   : detected duplicate packet with seqnr 0x7999 from 10.1.1.28 on wlan0 (524 Bytes)
04-24 03:50:39.132  2425  2425 I olsrd   : detected duplicate packet with seqnr 0x43b4 from 10.1.1.29 on wlan0 (1456 Bytes)
04-24 03:50:39.142  2425  2425 I olsrd   : detected duplicate packet with seqnr 0x43b4 from 10.1.1.29 on wlan0 (1456 Bytes)
04-24 03:50:40.743  2425  2425 I olsrd   : detected duplicate packet with seqnr 0x8abc from 10.1.1.22 on wlan0 (536 Bytes)
04-24 03:50:40.753  2425  2425 I olsrd   : detected duplicate packet with seqnr 0x8abc from 10.1.1.22 on wlan0 (536 Bytes)
04-24 03:50:45.858  2425  2425 I olsrd   : detected duplicate packet with seqnr 0xcf76 from 10.1.1.25 on wlan0 (1380 Bytes)
04-24 03:50:45.858  2425  2425 I olsrd   : detected duplicate packet with seqnr 0xcf76 from 10.1.1.25 on wlan0 (1380 Bytes)
04-24 03:50:48.321  2425  2425 I olsrd   : detected duplicate packet with seqnr 0x5a from 10.1.1.6 on wlan0 (984 Bytes)
04-24 03:50:48.321  2425  2425 I olsrd   : detected duplicate packet with seqnr 0x5a from 10.1.1.6 on wlan0 (984 Bytes)
04-24 03:50:48.321  2425  2425 I olsrd   : detected duplicate packet with seqnr 0x5a from 10.1.1.6 on wlan0 (984 Bytes)
04-24 03:50:48.321  2425  2425 I olsrd   : detected duplicate packet with seqnr 0x5a from 10.1.1.6 on wlan0 (984 Bytes)
04-24 03:50:48.321  2425  2425 I olsrd   : detected duplicate packet with seqnr 0x5a from 10.1.1.6 on wlan0 (984 Bytes)
04-24 03:50:48.321  2425  2425 I olsrd   : detected duplicate packet with seqnr 0x5a from 10.1.1.6 on wlan0 (984 Bytes)
04-24 03:50:48.321  2425  2425 I olsrd   : detected duplicate packet with seqnr 0x5a from 10.1.1.6 on wlan0 (984 Bytes)
04-24 03:50:48.321  2425  2425 I olsrd   : detected duplicate packet with seqnr 0x5a from 10.1.1.6 on wlan0 (984 Bytes)
04-24 03:50:48.321  2425  2425 I olsrd   : detected duplicate packet with seqnr 0x5a from 10.1.1.6 on wlan0 (984 Bytes)
04-24 03:50:48.321  2425  2425 I olsrd   : detected duplicate packet with seqnr 0x5a from 10.1.1.6 on wlan0 (984 Bytes)
04-24 03:50:48.321  2425  2425 I olsrd   : detected duplicate packet with seqnr 0x5a from 10.1.1.6 on wlan0 (984 Bytes)
04-24 03:50:48.331  2425  2425 I olsrd   : detected duplicate packet with seqnr 0x5a from 10.1.1.6 on wlan0 (984 Bytes)
04-24 03:50:48.331  2425  2425 I olsrd   : detected duplicate packet with seqnr 0x5a from 10.1.1.6 on wlan0 (984 Bytes)
04-24 03:50:50.633  2425  2425 I olsrd   : detected duplicate packet with seqnr 0x2776 from 10.1.1.16 on wlan0 (1436 Bytes)
04-24 03:50:56.048  2425  2425 I olsrd   : detected duplicate packet with seqnr 0x6680 from 10.1.1.15 on wlan0 (364 Bytes)
04-24 03:50:56.058  2425  2425 I olsrd   : detected duplicate packet with seqnr 0x6680 from 10.1.1.15 on wlan0 (364 Bytes)
04-24 03:50:56.208  2425  2425 I olsrd   : detected duplicate packet with seqnr 0xcf7d from 10.1.1.25 on wlan0 (980 Bytes)
04-24 03:50:56.218  2425  2425 I olsrd   : detected duplicate packet with seqnr 0xcf7d from 10.1.1.25 on wlan0 (980 Bytes)
04-24 03:50:56.218  2425  2425 I olsrd   : detected duplicate packet with seqnr 0xcf7d from 10.1.1.25 on wlan0 (980 Bytes)
04-24 03:50:57.850  2425  2425 I olsrd   : detected duplicate packet with seqnr 0xddc1 from 10.1.1.10 on wlan0 (1460 Bytes)
04-24 03:50:57.850  2425  2425 I olsrd   : detected duplicate packet with seqnr 0xddc1 from 10.1.1.10 on wlan0 (1460 Bytes)
04-24 03:51:03.936  2425  2425 I olsrd   : detected duplicate packet with seqnr 0xddc6 from 10.1.1.10 on wlan0 (1276 Bytes)
04-24 03:51:03.936  2425  2425 I olsrd   : detected duplicate packet with seqnr 0xddc6 from 10.1.1.10 on wlan0 (1276 Bytes)
04-24 03:51:05.097  2425  2425 I olsrd   : detected duplicate packet with seqnr 0x4dc4 from 10.1.1.32 on wlan0 (1052 Bytes)
04-24 03:51:05.097  2425  2425 I olsrd   : detected duplicate packet with seqnr 0x4dc4 from 10.1.1.32 on wlan0 (1052 Bytes)
04-24 03:51:08.060  2425  2425 I olsrd   : detected duplicate packet with seqnr 0x4dcb from 10.1.1.32 on wlan0 (516 Bytes)
04-24 03:51:08.070  2425  2425 I olsrd   : detected duplicate packet with seqnr 0x4dcb from 10.1.1.32 on wlan0 (516 Bytes)
04-24 03:51:09.822  2425  2425 I olsrd   : detected duplicate packet with seqnr 0xddce from 10.1.1.10 on wlan0 (540 Bytes)
04-24 03:51:09.822  2425  2425 I olsrd   : detected duplicate packet with seqnr 0xddce from 10.1.1.10 on wlan0 (540 Bytes)
04-24 03:51:09.822  2425  2425 I olsrd   : detected duplicate packet with seqnr 0xddce from 10.1.1.10 on wlan0 (540 Bytes)
04-24 03:51:09.832  2425  2425 I olsrd   : detected duplicate packet with seqnr 0xddce from 10.1.1.10 on wlan0 (540 Bytes)
04-24 03:51:09.832  2425  2425 I olsrd   : detected duplicate packet with seqnr 0xddce from 10.1.1.10 on wlan0 (540 Bytes)
04-24 03:51:09.832  2425  2425 I olsrd   : detected duplicate packet with seqnr 0xddce from 10.1.1.10 on wlan0 (540 Bytes)
04-24 03:51:09.832  2425  2425 I olsrd   : detected duplicate packet with seqnr 0xddce from 10.1.1.10 on wlan0 (540 Bytes)
04-24 03:51:09.832  2425  2425 I olsrd   : detected duplicate packet with seqnr 0xddce from 10.1.1.10 on wlan0 (540 Bytes)
04-24 03:51:10.022  2425  2425 I olsrd   : detected duplicate packet with seqnr 0xddce from 10.1.1.10 on wlan0 (540 Bytes)
04-24 03:51:26.177  2425  2425 I olsrd   : detected duplicate packet with seqnr 0x79cf from 10.1.1.28 on wlan0 (316 Bytes)
04-24 03:51:26.177  2425  2425 I olsrd   : detected duplicate packet with seqnr 0x79cf from 10.1.1.28 on wlan0 (316 Bytes)
04-24 03:51:32.003  2425  2425 I olsrd   : detected duplicate packet with seqnr 0x43cb from 10.1.1.29 on wlan0 (1468 Bytes)
04-24 03:51:33.465  2425  2425 I olsrd   : detected duplicate packet with seqnr 0xddd8 from 10.1.1.10 on wlan0 (1296 Bytes)
04-24 03:51:33.465  2425  2425 I olsrd   : detected duplicate packet with seqnr 0xddd8 from 10.1.1.10 on wlan0 (1296 Bytes)
04-24 03:51:33.465  2425  2425 I olsrd   : detected duplicate packet with seqnr 0xddd8 from 10.1.1.10 on wlan0 (1296 Bytes)
04-24 03:51:33.765  2425  2425 I olsrd   : detected duplicate packet with seqnr 0x4cbd from 10.1.1.9 on wlan0 (1256 Bytes)
04-24 03:51:33.765  2425  2425 I olsrd   : detected duplicate packet with seqnr 0x4cbd from 10.1.1.9 on wlan0 (1256 Bytes)
04-24 03:51:37.569  4617  4617 D dalvikvm: Not late-enabling CheckJNI (already on)
04-24 03:51:37.589   805   823 I ActivityManager: Start proc edu.mit.ll.NletLog.android for service edu.mit.ll.NletLog.android/.LoggerService: pid=4617 uid=10056 gids={50056, 1015, 3003, 1028}
04-24 03:51:37.609  4617  4617 I dalvikvm: Turning on JNI app bug workarounds for target SDK version 12...
04-24 03:51:37.669  4617  4617 V LoggerService: Reading config file at /sdcard/llcbmen/startup_40/Logger.json
04-24 03:51:37.679  1423  1430 E MP-Decision: num online cores: 1 reqd : 2 available : 4 rq_depth:3.600000 hotplug_avg_load_dw: 32
04-24 03:51:37.679  1423  1430 E MP-Decision: UP cpu:1 core_idx:1 Nw:1.900000 Tw:140 total_time_up:141.000000
04-24 03:51:37.679  4617  4617 V LoggerService: Could not read config file!
04-24 03:51:37.689  4617  4617 V LoggerService: registering broadcast receiver...
04-24 03:51:37.689  4617  4617 V LoggerService: registered broadcast receiver
04-24 03:51:37.879  1423  1430 E MP-Decision: num online cores: 2 reqd : 1 available : 4 rq_depth:0.900000 hotplug_avg_load_dw: 16
04-24 03:51:37.879  1423  1430 E MP-Decision: DOWN cpu:1 core_idx:1 Ns:1.100000 Ts:190 total_time_down:192.000000
04-24 03:51:39.500  2425  2425 I olsrd   : detected duplicate packet with seqnr 0xaa88 from 10.1.1.27 on wlan0 (296 Bytes)
04-24 03:51:39.500  2425  2425 I olsrd   : detected duplicate packet with seqnr 0xaa88 from 10.1.1.27 on wlan0 (296 Bytes)
04-24 03:51:39.500  2425  2425 I olsrd   : detected duplicate packet with seqnr 0xaa88 from 10.1.1.27 on wlan0 (296 Bytes)
04-24 03:51:39.510  2425  2425 I olsrd   : detected duplicate packet with seqnr 0xaa88 from 10.1.1.27 on wlan0 (296 Bytes)
04-24 03:51:39.510  2425  2425 I olsrd   : detected duplicate packet with seqnr 0xaa88 from 10.1.1.27 on wlan0 (296 Bytes)
04-24 03:51:39.520  2425  2425 I olsrd   : detected duplicate packet with seqnr 0xaa88 from 10.1.1.27 on wlan0 (296 Bytes)
04-24 03:51:40.592  2425  2425 I olsrd   : detected duplicate packet with seqnr 0xdde2 from 10.1.1.10 on wlan0 (1000 Bytes)
04-24 03:51:48.019  2425  2425 I olsrd   : detected duplicate packet with seqnr 0x7fbe from 10.1.1.34 on wlan0 (956 Bytes)
04-24 03:51:48.019  2425  2425 I olsrd   : detected duplicate packet with seqnr 0x7fbe from 10.1.1.34 on wlan0 (956 Bytes)
04-24 03:51:48.019  2425  2425 I olsrd   : detected duplicate packet with seqnr 0x7fbe from 10.1.1.34 on wlan0 (956 Bytes)
04-24 03:51:48.119  2425  2425 I olsrd   : detected duplicate packet with seqnr 0x7fbf from 10.1.1.34 on wlan0 (1404 Bytes)
04-24 03:51:48.119  2425  2425 I olsrd   : detected duplicate packet with seqnr 0x7fbf from 10.1.1.34 on wlan0 (1404 Bytes)
04-24 03:51:52.854  2425  2425 I olsrd   : detected duplicate packet with seqnr 0x4cbf from 10.1.1.9 on wlan0 (680 Bytes)
04-24 03:51:52.894  2425  2425 I olsrd   : detected duplicate packet with seqnr 0x4cbf from 10.1.1.9 on wlan0 (680 Bytes)
04-24 03:51:52.944  2425  2425 I olsrd   : detected duplicate packet with seqnr 0x4cbf from 10.1.1.9 on wlan0 (680 Bytes)
04-24 03:51:54.696  2425  2425 I olsrd   : detected duplicate packet with seqnr 0x66aa from 10.1.1.15 on wlan0 (1300 Bytes)
04-24 03:51:54.746  2425  2425 I olsrd   : detected duplicate packet with seqnr 0x66aa from 10.1.1.15 on wlan0 (1300 Bytes)
04-24 03:51:56.197  2425  2425 I olsrd   : detected duplicate packet with seqnr 0xddef from 10.1.1.10 on wlan0 (1144 Bytes)
04-24 03:51:56.197  2425  2425 I olsrd   : detected duplicate packet with seqnr 0xddef from 10.1.1.10 on wlan0 (1144 Bytes)
04-24 03:51:56.207  2425  2425 I olsrd   : detected duplicate packet with seqnr 0xddef from 10.1.1.10 on wlan0 (1144 Bytes)
04-24 03:51:58.009  2425  2425 I olsrd   : detected duplicate packet with seqnr 0x4de7 from 10.1.1.32 on wlan0 (984 Bytes)
04-24 03:51:58.009  2425  2425 I olsrd   : detected duplicate packet with seqnr 0x4de7 from 10.1.1.32 on wlan0 (984 Bytes)
04-24 03:51:59.120  2425  2425 I olsrd   : detected duplicate packet with seqnr 0xcfac from 10.1.1.25 on wlan0 (1380 Bytes)
04-24 03:52:00.322  2425  2425 I olsrd   : detected duplicate packet with seqnr 0xf8a from 10.1.1.12 on wlan0 (492 Bytes)
04-24 03:52:00.322  2425  2425 I olsrd   : detected duplicate packet with seqnr 0xf8a from 10.1.1.12 on wlan0 (492 Bytes)
04-24 03:52:00.322  2425  2425 I olsrd   : detected duplicate packet with seqnr 0xf8a from 10.1.1.12 on wlan0 (492 Bytes)
04-24 03:52:00.322  2425  2425 I olsrd   : detected duplicate packet with seqnr 0xf8a from 10.1.1.12 on wlan0 (492 Bytes)
04-24 03:52:00.322  2425  2425 I olsrd   : detected duplicate packet with seqnr 0xf8a from 10.1.1.12 on wlan0 (492 Bytes)
04-24 03:52:00.342  2425  2425 I olsrd   : detected duplicate packet with seqnr 0xf8a from 10.1.1.12 on wlan0 (492 Bytes)
04-24 03:52:00.522  2425  2425 I olsrd   : detected duplicate packet with seqnr 0xf8a from 10.1.1.12 on wlan0 (492 Bytes)
04-24 03:52:00.822  2425  2425 I olsrd   : detected duplicate packet with seqnr 0xaa95 from 10.1.1.27 on wlan0 (676 Bytes)
04-24 03:52:00.872  2425  2425 I olsrd   : detected duplicate packet with seqnr 0xaa95 from 10.1.1.27 on wlan0 (676 Bytes)
04-24 03:52:01.633  2425  2425 I olsrd   : detected duplicate packet with seqnr 0x9b from 10.1.1.6 on wlan0 (1016 Bytes)
04-24 03:52:03.695  2425  2425 I olsrd   : detected duplicate packet with seqnr 0xaa97 from 10.1.1.27 on wlan0 (500 Bytes)
04-24 03:52:04.596  2425  2425 I olsrd   : detected duplicate packet with seqnr 0xaa97 from 10.1.1.27 on wlan0 (500 Bytes)
04-24 03:52:05.237  2425  2425 I olsrd   : detected duplicate packet with seqnr 0xddfc from 10.1.1.10 on wlan0 (1244 Bytes)
04-24 03:52:05.237  2425  2425 I olsrd   : detected duplicate packet with seqnr 0xddfc from 10.1.1.10 on wlan0 (1244 Bytes)
04-24 03:52:06.598  2425  2425 I olsrd   : detected duplicate packet with seqnr 0x66b8 from 10.1.1.15 on wlan0 (308 Bytes)
04-24 03:52:08.600  2425  2425 I olsrd   : detected duplicate packet with seqnr 0x30a7 from 10.1.1.1 on wlan0 (1192 Bytes)
04-24 03:52:08.610  2425  2425 I olsrd   : detected duplicate packet with seqnr 0x30a7 from 10.1.1.1 on wlan0 (1192 Bytes)
04-24 03:52:08.610  2425  2425 I olsrd   : detected duplicate packet with seqnr 0x30a7 from 10.1.1.1 on wlan0 (1192 Bytes)
04-24 03:52:09.811  2425  2425 I olsrd   : detected duplicate packet with seqnr 0x4df2 from 10.1.1.32 on wlan0 (748 Bytes)
04-24 03:52:09.811  2425  2425 I olsrd   : detected duplicate packet with seqnr 0x4df2 from 10.1.1.32 on wlan0 (748 Bytes)
04-24 03:52:09.911  2425  2425 I olsrd   : detected duplicate packet with seqnr 0x4df2 from 10.1.1.32 on wlan0 (748 Bytes)
04-24 03:52:10.472  2425  2425 I olsrd   : detected duplicate packet with seqnr 0x4e89 from 10.1.1.4 on wlan0 (1188 Bytes)
04-24 03:52:12.324  2425  2425 I olsrd   : detected duplicate packet with seqnr 0x4e8a from 10.1.1.4 on wlan0 (1460 Bytes)
04-24 03:52:12.474  2425  2425 I olsrd   : detected duplicate packet with seqnr 0xde08 from 10.1.1.10 on wlan0 (1364 Bytes)
04-24 03:52:12.474  2425  2425 I olsrd   : detected duplicate packet with seqnr 0xde08 from 10.1.1.10 on wlan0 (1364 Bytes)
04-24 03:52:13.435  2425  2425 I olsrd   : detected duplicate packet with seqnr 0x6580 from 10.1.1.37 on wlan0 (1468 Bytes)
04-24 03:52:13.635  2425  2425 I olsrd   : detected duplicate packet with seqnr 0x6580 from 10.1.1.37 on wlan0 (1468 Bytes)
04-24 03:52:14.035  2425  2425 I olsrd   : detected duplicate packet with seqnr 0xa7 from 10.1.1.6 on wlan0 (1412 Bytes)
04-24 03:52:15.337  2425  2425 I olsrd   : detected duplicate packet with seqnr 0x65b8 from 10.1.1.24 on wlan0 (1032 Bytes)
04-24 03:52:16.698  2425  2425 I olsrd   : detected duplicate packet with seqnr 0x4cdc from 10.1.1.9 on wlan0 (1056 Bytes)
04-24 03:52:19.010  2425  2425 I olsrd   : detected duplicate packet with seqnr 0xfaa from 10.1.1.12 on wlan0 (1052 Bytes)
04-24 03:52:19.010  2425  2425 I olsrd   : detected duplicate packet with seqnr 0xfaa from 10.1.1.12 on wlan0 (1052 Bytes)
04-24 03:52:20.712  2425  2425 I olsrd   : detected duplicate packet with seqnr 0x659a from 10.1.1.37 on wlan0 (1444 Bytes)
04-24 03:52:20.962  2425  2425 I olsrd   : detected duplicate packet with seqnr 0x27cc from 10.1.1.16 on wlan0 (1420 Bytes)
04-24 03:52:23.425  2425  2425 I olsrd   : detected duplicate packet with seqnr 0x30ba from 10.1.1.1 on wlan0 (960 Bytes)
04-24 03:52:26.528  2425  2425 I olsrd   : detected duplicate packet with seqnr 0xde2a from 10.1.1.10 on wlan0 (1308 Bytes)
04-24 03:52:26.528  2425  2425 I olsrd   : detected duplicate packet with seqnr 0xde2a from 10.1.1.10 on wlan0 (1308 Bytes)
04-24 03:52:27.879  2425  2425 I olsrd   : detected duplicate packet with seqnr 0xfbe from 10.1.1.12 on wlan0 (1404 Bytes)
04-24 03:52:29.941  2425  2425 I olsrd   : detected duplicate packet with seqnr 0x4ebc from 10.1.1.4 on wlan0 (1404 Bytes)
04-24 03:52:29.941  2425  2425 I olsrd   : detected duplicate packet with seqnr 0x4ebc from 10.1.1.4 on wlan0 (1404 Bytes)
04-24 03:52:32.354  2425  2425 I olsrd   : detected duplicate packet with seqnr 0x30bd from 10.1.1.1 on wlan0 (1460 Bytes)
04-24 03:52:38.120  2425  2425 I olsrd   : detected duplicate packet with seqnr 0x4d05 from 10.1.1.9 on wlan0 (1248 Bytes)
04-24 03:52:39.021  2425  2425 I olsrd   : detected duplicate packet with seqnr 0x66d4 from 10.1.1.15 on wlan0 (972 Bytes)
04-24 03:52:39.731  2425  2425 I olsrd   : detected duplicate packet with seqnr 0x30c5 from 10.1.1.1 on wlan0 (1396 Bytes)
04-24 03:52:39.741  2425  2425 I olsrd   : detected duplicate packet with seqnr 0x30c5 from 10.1.1.1 on wlan0 (1396 Bytes)
04-24 03:52:41.103  2425  2425 I olsrd   : detected duplicate packet with seqnr 0x66d6 from 10.1.1.15 on wlan0 (1348 Bytes)
04-24 03:52:41.103  2425  2425 I olsrd   : detected duplicate packet with seqnr 0x66d6 from 10.1.1.15 on wlan0 (1348 Bytes)
04-24 03:52:41.103  2425  2425 I olsrd   : detected duplicate packet with seqnr 0x66d6 from 10.1.1.15 on wlan0 (1348 Bytes)
04-24 03:52:41.153  2425  2425 I olsrd   : detected duplicate packet with seqnr 0x7a2a from 10.1.1.28 on wlan0 (1204 Bytes)
04-24 03:52:41.153  2425  2425 I olsrd   : detected duplicate packet with seqnr 0x7a2a from 10.1.1.28 on wlan0 (1204 Bytes)
04-24 03:52:41.353  2425  2425 I olsrd   : detected duplicate packet with seqnr 0xbed3 from 10.1.1.23 on wlan0 (1364 Bytes)
04-24 03:52:41.403  2425  2425 I olsrd   : detected duplicate packet with seqnr 0xbed3 from 10.1.1.23 on wlan0 (1364 Bytes)
04-24 03:52:52.074  2425  2425 I olsrd   : Removing interface wlan0
04-24 03:52:52.074   805   868 D Tethering: InitialState.processMessage what=4
04-24 03:52:52.074   805   868 D Tethering: Exception adding default nw to upstreamIfaceTypes: java.lang.NullPointerException
04-24 03:52:52.084   805   868 D Tethering: sendTetherStateChangedBroadcast 1, 0, 0
04-24 03:52:52.084   805  1145 D Tethering: Exception adding default nw to upstreamIfaceTypes: java.lang.NullPointerException
04-24 03:53:52.745   805   820 E Sensors : Acc old sensor_state 0, new sensor_state : 1 en : 1
04-24 03:53:52.745   805   821 I PowerManagerService: Waking up from sleep...
04-24 03:53:52.755   805   844 E LightSensor: Light old sensor_state 1, new sensor_state : 129 en : 1
04-24 03:53:52.856  1108  1108 D PhoneApp: mReceiver: ACTION_SCREEN_OFF / ACTION_SCREEN_ON
04-24 03:53:52.856  1108  1108 D AccelerometerListener: enable(false)
04-24 03:53:52.926   805   821 I WindowManager: Lock screen displayed!
04-24 03:53:52.946   805   821 D InputEventConsistencyVerifier: KeyEvent: ACTION_UP but key was not down.
04-24 03:53:52.946   805   821 D InputEventConsistencyVerifier:   in android.view.ViewRootImpl@419cad70
04-24 03:53:52.946   805   821 D InputEventConsistencyVerifier:   0: sent at 1582580000000, KeyEvent { action=ACTION_UP, keyCode=KEYCODE_HOME, scanCode=172, metaState=0, flags=0x8, repeatCount=0, eventTime=1582580, downTime=1582381, deviceId=6, source=0x101 }
04-24 03:53:52.946   805   821 D InputEventConsistencyVerifier:   -- recent events --
04-24 03:53:52.946   805   821 D InputEventConsistencyVerifier:   1: sent at 355300000000, KeyEvent { action=ACTION_UP, keyCode=KEYCODE_HOME, scanCode=172, metaState=0, flags=0x80000008, repeatCount=0, eventTime=355300, downTime=355130, deviceId=6, source=0x101 }
04-24 03:53:53.156   805  1056 D PowerManagerService-JNI: Excessive delay in autosuspend_disable() while turning screen on: 385ms
04-24 03:53:53.156   333   388 D SurfaceFlinger: Screen acquired, type=0 flinger=0xb78a3478
04-24 03:53:53.156   333   388 D qdhwcomposer: hwc_blank: Unblanking display: 0
04-24 03:53:53.156   333   388 D qdhwcomposer: hwc_blank: Done unblanking display: 0
04-24 03:53:53.266   805  1819 D LightsService: Excessive delay setting light: 94ms
04-24 03:53:53.326   805  1819 D LightsService: Excessive delay setting light: 63ms
04-24 03:53:53.416   805  1819 D LightsService: Excessive delay setting light: 79ms
04-24 03:54:13.607  5945  5945 W libc    : void endpwent()(3) is not implemented on Android
04-24 03:54:13.617   250   250 I busybox : void endpwent()(3) is not implemented on Android
04-24 03:54:13.707  5947  5947 W libc    : void endpwent()(3) is not implemented on Android
04-24 03:54:13.887  1423  1430 E MP-Decision: num online cores: 1 reqd : 2 available : 4 rq_depth:2.000000 hotplug_avg_load_dw: 63
04-24 03:54:13.887  1423  1430 E MP-Decision: UP cpu:1 core_idx:1 Nw:1.900000 Tw:140 total_time_up:49.000000
