--------- beginning of /dev/log/main
04-24 07:02:20.983  1419  1425 E MP-Decision: num online cores: 2 reqd : 1 available : 4 rq_depth:0.000000 hotplug_avg_load_dw: 28
04-24 07:02:20.983  1419  1425 E MP-Decision: DOWN cpu:1 core_idx:1 Ns:1.100000 Ts:190 total_time_down:387.000000
04-24 07:02:21.823  1419  1425 E MP-Decision: num online cores: 1 reqd : 2 available : 4 rq_depth:1.100000 hotplug_avg_load_dw: 72
04-24 07:02:21.823  1419  1425 E MP-Decision: UP cpu:1 core_idx:1 Nw:1.900000 Tw:140 total_time_up:0.000000
04-24 07:02:22.284 22845 22845 D AndroidRuntime: 
04-24 07:02:22.284 22845 22845 D AndroidRuntime: >>>>>> AndroidRuntime START com.android.internal.os.RuntimeInit <<<<<<
04-24 07:02:22.284 22845 22845 D AndroidRuntime: CheckJNI is ON
04-24 07:02:22.284 22845 22845 E dalvikvm: ERROR: must specify non-'.' bootclasspath
04-24 07:02:22.294 22845 22845 W dalvikvm: CreateJavaVM failed: dvmClassStartup failed
04-24 07:02:22.294 22845 22845 E AndroidRuntime: JNI_CreateJavaVM failed
04-24 07:02:22.564 22846 22846 D AndroidRuntime: 
04-24 07:02:22.564 22846 22846 D AndroidRuntime: >>>>>> AndroidRuntime START com.android.internal.os.RuntimeInit <<<<<<
04-24 07:02:22.564 22846 22846 D AndroidRuntime: CheckJNI is ON
04-24 07:02:22.564 22846 22846 E dalvikvm: ERROR: must specify non-'.' bootclasspath
04-24 07:02:22.574 22846 22846 W dalvikvm: CreateJavaVM failed: dvmClassStartup failed
04-24 07:02:22.574 22846 22846 E AndroidRuntime: JNI_CreateJavaVM failed
04-24 07:02:23.885  1419  1425 E MP-Decision: num online cores: 2 reqd : 1 available : 4 rq_depth:0.000000 hotplug_avg_load_dw: 17
04-24 07:02:23.885  1419  1425 E MP-Decision: DOWN cpu:1 core_idx:1 Ns:1.100000 Ts:190 total_time_down:1243.000000
04-24 07:20:00.104 23028 23028 I olsrd   : Writing '1' (was 1) to /proc/sys/net/ipv4/ip_forward
04-24 07:20:00.104 23028 23028 I olsrd   : Writing '0' (was 1) to /proc/sys/net/ipv4/conf/all/send_redirects
04-24 07:20:00.104 23028 23028 I olsrd   : Writing '0' (was 0) to /proc/sys/net/ipv4/conf/all/rp_filter
04-24 07:20:00.104 23028 23028 I olsrd   : Writing '0' (was 0) to /proc/sys/net/ipv4/conf/wlan0/send_redirects
04-24 07:20:00.104 23028 23028 I olsrd   : Writing '0' (was 0) to /proc/sys/net/ipv4/conf/wlan0/rp_filter
04-24 07:20:00.104 23028 23028 I olsrd   : Adding interface wlan0
04-24 07:20:00.104 23028 23028 I olsrd   : New main address: 10.1.1.33
04-24 07:20:00.114 23033 23033 I olsrd   : olsr.org -  0.6.6.2-n -git_0000000 -n -hash_ 7985605520f3cae9b305d56e83b35d9c successfully started
04-24 07:24:38.912 23033 23033 I olsrd   : detected duplicate packet with seqnr 0x6579 from 10.1.1.32 on wlan0 (232 Bytes)
04-24 07:25:40.071 23033 23033 I olsrd   : Removing interface wlan0
04-24 07:25:40.081   807   870 D Tethering: InitialState.processMessage what=4
04-24 07:25:40.091   807   870 D Tethering: Exception adding default nw to upstreamIfaceTypes: java.lang.NullPointerException
04-24 07:25:40.091   807   870 D Tethering: sendTetherStateChangedBroadcast 1, 0, 0
04-24 07:25:40.111   807   807 D Tethering: Exception adding default nw to upstreamIfaceTypes: java.lang.NullPointerException
04-24 07:26:14.735   953   953 E kickstart: Total bytes received so far: 48
04-24 07:26:14.735   953   953 E kickstart: EVENT: RECEIVED <-- SAHARA_HELLO
04-24 07:26:14.735   953   953 E kickstart: EVENT: SENDING --> SAHARA_HELLO_RESPONSE
04-24 07:26:14.735   953   953 E kickstart: EVENT: sahara_mode                         = 2
04-24 07:26:14.735   953   953 E kickstart: EVENT: m_comm->sahara_hello_packet_rx.mode = 2
04-24 07:26:14.735   953   953 E kickstart: EVENT: helloRx.mode                        = 2
04-24 07:26:14.745   953   953 E kickstart: Total bytes received so far: 64
04-24 07:26:14.745   953   953 E kickstart: EVENT: RECEIVED <-- SAHARA_MEMORY_DEBUG
04-24 07:26:14.755   953   953 E kickstart: Total bytes received so far: 116
04-24 07:26:14.755   953   953 E kickstart: EVENT: 0x46980000, len=000C0000, "m9kefs2", ""
04-24 07:26:14.755   953   953 E kickstart: EVENT: STATE <-- SAHARA_WAIT_MEMORY_REGION
04-24 07:26:14.755   953   953 E kickstart: EVENT: Saving "/dev/block/platform/msm_sdcc.1/by-name/m9kefs2"
04-24 07:26:14.835   953   953 E kickstart: Total bytes received so far: 786548
04-24 07:26:14.845   953   953 E kickstart: EVENT: Received: 786432 bytes
04-24 07:26:14.845   953   953 E kickstart: EVENT: Writing to disk
04-24 07:26:14.845   953   953 E kickstart: EVENT: Successfully wrote to disk
04-24 07:26:14.845   953   953 E kickstart: Received file "m9kefs2"
04-24 07:26:14.895   953   953 E kickstart: Sync finish Received file "m9kefs2"
04-24 07:26:14.895   953   953 E kickstart: 786432 bytes transferred in 0.141s (5.31 MBps)
04-24 07:26:14.895   953   953 E kickstart: EVENT: num_debug_entries not >=0
04-24 07:26:14.895   953   953 E kickstart: Successfully downloaded files from target 
04-24 07:26:14.895   953   953 E kickstart: EVENT: SENDING --> SAHARA_RESET
04-24 07:26:14.905   953   953 E kickstart: Total bytes received so far: 786556
04-24 07:26:14.905   953   953 E kickstart: EVENT: RECEIVED <-- SAHARA_RESET_RESP
04-24 07:26:14.905   953   953 E kickstart: Sahara protocol completed
04-24 07:26:14.905   953   953 E kickstart: EVENT: STATE <-- SAHARA_WAIT_HELLO
04-24 08:06:57.850 14369 14369 D dalvikvm: Not late-enabling CheckJNI (already on)
--------- beginning of /dev/log/system
04-24 08:06:57.860   807   830 I ActivityManager: Start proc edu.mit.ll.NletLog.android for service edu.mit.ll.NletLog.android/.LoggerService: pid=14369 uid=10056 gids={50056, 1015, 3003, 1028}
04-24 08:06:57.880 14369 14369 I dalvikvm: Turning on JNI app bug workarounds for target SDK version 12...
04-24 08:06:57.940 14369 14369 V LoggerService: Reading config file at /sdcard/llcbmen/startup_40/Logger.json
04-24 08:06:57.940 14369 14369 V LoggerService: Could not read config file!
04-24 08:06:57.950 14369 14369 V LoggerService: registering broadcast receiver...
04-24 08:06:57.950 14369 14369 V LoggerService: registered broadcast receiver
04-24 08:06:57.970 14369 14369 V LoggerService: Already a BroadcastReceiver running!!
04-24 08:06:57.970 14369 14369 V LoggerService: Already a BroadcastReceiver running!!
04-24 08:08:47.246   807   845 D lights  : set_light_leds: type=0, color=0x00ffff6000, fM=0, fOnMS=0, fOffMs=0.
04-24 08:08:47.256   807   845 D lights  : write_leds: color=0x00ff6000, delay_on=0, delay_off=0, blink="0x00ff6000 0 0".
04-24 08:08:47.256   807   826 I EntropyMixer: Writing entropy...
04-24 08:08:47.286   807   846 E LightSensor: Light old sensor_state 0, new sensor_state : 128 en : 1
04-24 08:08:47.286   807   846 I PowerManagerService: Waking up from sleep...
04-24 08:08:47.306   807   826 E Sensors : Acc old sensor_state 128, new sensor_state : 129 en : 1
04-24 08:08:47.336  1419  1425 E MP-Decision: num online cores: 1 reqd : 2 available : 4 rq_depth:3.700000 hotplug_avg_load_dw: 46
04-24 08:08:47.336  1419  1425 E MP-Decision: UP cpu:1 core_idx:1 Nw:1.900000 Tw:140 total_time_up:175.000000
04-24 08:08:47.366  1116  1116 D PhoneApp: mReceiver: ACTION_SCREEN_OFF / ACTION_SCREEN_ON
04-24 08:08:47.366  1116  1116 D AccelerometerListener: enable(false)
04-24 08:08:47.386  1419  1425 E MP-Decision: num online cores: 2 reqd : 3 available : 4 rq_depth:4.900000 hotplug_avg_load_dw: 91
04-24 08:08:47.386  1419  1425 E MP-Decision: UP cpu:1 core_idx:1 Nw:1.900000 Tw:140 total_time_up:0.000000
04-24 08:08:47.386  1419  1425 E MP-Decision: UP cpu:2 core_idx:2 Nw:2.700000 Tw:90 total_time_up:145.000000
04-24 08:08:47.416   807   827 I WindowManager: Lock screen displayed!
04-24 08:08:47.676   807   819 D Tethering: Exception adding default nw to upstreamIfaceTypes: java.lang.NullPointerException
04-24 08:08:47.686   807  1115 D Tethering: Exception adding default nw to upstreamIfaceTypes: java.lang.NullPointerException
04-24 08:08:47.696   807   998 D PowerManagerService-JNI: Excessive delay in autosuspend_disable() while turning screen on: 404ms
04-24 08:08:47.696   334   389 D SurfaceFlinger: Screen acquired, type=0 flinger=0xb7076478
04-24 08:08:47.696   334   389 D qdhwcomposer: hwc_blank: Unblanking display: 0
04-24 08:08:47.696   334   389 D qdhwcomposer: hwc_blank: Done unblanking display: 0
04-24 08:08:47.706   807   807 D Tethering: Exception adding default nw to upstreamIfaceTypes: java.lang.NullPointerException
04-24 08:08:47.726 10311 10311 D MtpService: updating state; isCurrentUser=true, mMtpLocked=true
04-24 08:08:47.736 10311 10311 D MtpService: updating state; isCurrentUser=true, mMtpLocked=true
04-24 08:08:47.736 10311 10311 D MtpService: starting MTP server in MTP mode
04-24 08:08:47.736 10311 10311 E MtpServerJNI: could not open MTP driver, errno: 16
04-24 08:08:47.736 10311 15317 E MtpServerJNI: server is null in run
04-24 08:08:47.736 10311 15317 E MtpServerJNI: server is null in cleanup
04-24 08:08:47.796   807  1830 D LightsService: Excessive delay setting light: 66ms
04-24 08:08:47.866   807  1830 D LightsService: Excessive delay setting light: 64ms
04-24 08:08:47.936   807  1830 D LightsService: Excessive delay setting light: 66ms
04-24 08:08:47.966  1419  1425 E MP-Decision: num online cores: 3 reqd : 2 available : 4 rq_depth:0.500000 hotplug_avg_load_dw: 47
04-24 08:08:47.966  1419  1425 E MP-Decision: DOWN cpu:2 core_idx:2 Ns:2.100000 Ts:240 total_time_down:274.000000
04-24 08:08:48.026  1419  1425 E MP-Decision: num online cores: 2 reqd : 1 available : 4 rq_depth:2.600000 hotplug_avg_load_dw: 13
04-24 08:08:48.026  1419  1425 E MP-Decision: DOWN cpu:1 core_idx:1 Ns:1.100000 Ts:190 total_time_down:0.000000
04-24 08:08:48.046   807  1830 D LightsService: Excessive delay setting light: 113ms
04-24 08:08:48.117   807  1830 D LightsService: Excessive delay setting light: 67ms
04-24 08:08:48.277   807  1830 D LightsService: Excessive delay setting light: 72ms
04-24 08:08:48.337   807  1830 D LightsService: Excessive delay setting light: 65ms
04-24 08:08:48.407   807  1830 D LightsService: Excessive delay setting light: 66ms
04-24 08:08:48.477   807  1830 D LightsService: Excessive delay setting light: 65ms
04-24 08:08:48.537   807  1830 D LightsService: Excessive delay setting light: 66ms
04-24 08:08:48.657   807  1830 D LightsService: Excessive delay setting light: 73ms
04-24 08:08:48.747   807  1830 D LightsService: Excessive delay setting light: 51ms
04-24 08:08:48.807   807  1830 D LightsService: Excessive delay setting light: 52ms
04-24 08:08:48.867   807  1830 D LightsService: Excessive delay setting light: 66ms
04-24 08:08:48.937   807  1830 D LightsService: Excessive delay setting light: 71ms
04-24 08:08:49.047   807  1830 D LightsService: Excessive delay setting light: 66ms
04-24 08:08:49.148   807  1830 D LightsService: Excessive delay setting light: 52ms
04-24 08:08:49.218   807  1830 D LightsService: Excessive delay setting light: 66ms
04-24 08:08:49.268   807  1830 D LightsService: Excessive delay setting light: 52ms
04-24 08:08:49.338   807  1830 D LightsService: Excessive delay setting light: 67ms
04-24 08:08:49.448   807  1830 D LightsService: Excessive delay setting light: 65ms
04-24 08:08:49.548   807  1830 D LightsService: Excessive delay setting light: 52ms
04-24 08:08:49.618   807  1830 D LightsService: Excessive delay setting light: 67ms
04-24 08:08:49.668   807  1830 D LightsService: Excessive delay setting light: 52ms
04-24 08:08:49.778   807  1830 D LightsService: Excessive delay setting light: 65ms
04-24 08:08:49.908   807  1830 D LightsService: Excessive delay setting light: 82ms
04-24 08:08:50.018   807  1830 D LightsService: Excessive delay setting light: 51ms
04-24 08:08:50.068   807  1830 D LightsService: Excessive delay setting light: 53ms
04-24 08:08:50.138   807  1830 D LightsService: Excessive delay setting light: 76ms
04-24 08:08:50.349   807  1830 D LightsService: Excessive delay setting light: 52ms
04-24 08:08:50.399   807  1830 D LightsService: Excessive delay setting light: 51ms
04-24 08:08:50.499   807  1830 D LightsService: Excessive delay setting light: 62ms
04-24 08:09:11.399   807  8576 D LightsService: Excessive delay setting light: 52ms
04-24 08:09:11.469   807  8576 D LightsService: Excessive delay setting light: 66ms
04-24 08:09:11.539   807  8576 D LightsService: Excessive delay setting light: 65ms
04-24 08:09:11.619   807  8576 D LightsService: Excessive delay setting light: 80ms
04-24 08:09:11.689   807  8576 D LightsService: Excessive delay setting light: 67ms
04-24 08:09:11.749   807  8576 D LightsService: Excessive delay setting light: 66ms
04-24 08:09:11.819   807  8576 D LightsService: Excessive delay setting light: 64ms
04-24 08:09:11.879   807  8576 D LightsService: Excessive delay setting light: 67ms
04-24 08:09:11.950   807  8576 D LightsService: Excessive delay setting light: 67ms
04-24 08:09:12.010   807  8576 D LightsService: Excessive delay setting light: 62ms
04-24 08:09:12.090   807  8576 D LightsService: Excessive delay setting light: 66ms
04-24 08:09:17.355   807   846 E LightSensor: Light old sensor_state 129, new sensor_state : 1 en : 0
04-24 08:09:17.355   807   846 I PowerManagerService: Going to sleep due to screen timeout...
04-24 08:09:17.475  1419  1425 E MP-Decision: num online cores: 1 reqd : 2 available : 4 rq_depth:1.900000 hotplug_avg_load_dw: 33
04-24 08:09:17.475  1419  1425 E MP-Decision: UP cpu:1 core_idx:1 Nw:1.900000 Tw:140 total_time_up:147.000000
04-24 08:09:17.875  1419  1425 E MP-Decision: num online cores: 2 reqd : 1 available : 4 rq_depth:2.000000 hotplug_avg_load_dw: 16
04-24 08:09:17.875  1419  1425 E MP-Decision: DOWN cpu:1 core_idx:1 Ns:1.100000 Ts:190 total_time_down:0.000000
04-24 08:09:17.965   807   826 E Sensors : Acc old sensor_state 1, new sensor_state : 0 en : 0
04-24 08:09:17.975  1116  1116 D PhoneApp: mReceiver: ACTION_SCREEN_OFF / ACTION_SCREEN_ON
04-24 08:09:17.975  1116  1116 D AccelerometerListener: enable(false)
04-24 08:09:18.025   807   827 V KeyguardHostView: Keyguard widgets disabled by DPM
04-24 08:09:18.025   807   827 V KeyguardHostView: Keyguard secure camera disabled by DPM
04-24 08:09:18.035   807 10419 D LightsService: Excessive delay setting light: 108ms
04-24 08:09:18.045   334   389 D SurfaceFlinger: Screen released, type=0 flinger=0xb7076478
04-24 08:09:18.045   334   389 D qdhwcomposer: hwc_blank: Blanking display: 0
04-24 08:09:18.075  1419  1425 E MP-Decision: num online cores: 1 reqd : 2 available : 4 rq_depth:2.700000 hotplug_avg_load_dw: 44
04-24 08:09:18.075  1419  1425 E MP-Decision: UP cpu:1 core_idx:1 Nw:1.900000 Tw:140 total_time_up:187.000000
04-24 08:09:18.166   807   827 V KeyguardHostView: hide transport, gen:3
04-24 08:09:18.166   807   827 V KeyguardHostView: music state changed: 0
04-24 08:09:18.296   334   389 D qdhwcomposer: hwc_blank: Done blanking display: 0
04-24 08:09:18.296   807 10419 D SurfaceControl: Excessive delay in blankDisplay() while turning screen off: 264ms
04-24 08:09:18.616  1419  1425 E MP-Decision: num online cores: 2 reqd : 1 available : 4 rq_depth:0.000000 hotplug_avg_load_dw: 14
04-24 08:09:18.616  1419  1425 E MP-Decision: DOWN cpu:1 core_idx:1 Ns:1.100000 Ts:190 total_time_down:295.000000
04-24 08:10:42.367 16309 16309 W libc    : void endpwent()(3) is not implemented on Android
04-24 08:10:42.367   251   251 I busybox : void endpwent()(3) is not implemented on Android
04-24 08:10:42.447 16311 16311 W libc    : void endpwent()(3) is not implemented on Android
04-24 08:10:42.637  1419  1425 E MP-Decision: num online cores: 1 reqd : 2 available : 4 rq_depth:2.100000 hotplug_avg_load_dw: 62
04-24 08:10:42.637  1419  1425 E MP-Decision: UP cpu:1 core_idx:1 Nw:1.900000 Tw:140 total_time_up:49.000000
04-24 08:10:43.538  1419  1425 E MP-Decision: num online cores: 2 reqd : 1 available : 4 rq_depth:0.000000 hotplug_avg_load_dw: 24
04-24 08:10:43.538  1419  1425 E MP-Decision: DOWN cpu:1 core_idx:1 Ns:1.100000 Ts:190 total_time_down:213.000000
04-24 08:11:24.017 16666 16666 W libc    : void endpwent()(3) is not implemented on Android
04-24 08:11:24.017   251   251 I busybox : void endpwent()(3) is not implemented on Android
04-24 08:11:24.107 16668 16668 W libc    : void endpwent()(3) is not implemented on Android
04-24 08:11:24.297  1419  1425 E MP-Decision: num online cores: 1 reqd : 2 available : 4 rq_depth:2.100000 hotplug_avg_load_dw: 61
04-24 08:11:24.297  1419  1425 E MP-Decision: UP cpu:1 core_idx:1 Nw:1.900000 Tw:140 total_time_up:49.000000
