--------- beginning of /dev/log/main
04-24 07:02:21.346  1425  1430 E MP-Decision: num online cores: 2 reqd : 1 available : 4 rq_depth:0.000000 hotplug_avg_load_dw: 26
04-24 07:02:21.346  1425  1430 E MP-Decision: DOWN cpu:1 core_idx:1 Ns:1.100000 Ts:190 total_time_down:668.000000
04-24 07:02:21.877  1425  1430 E MP-Decision: num online cores: 1 reqd : 2 available : 4 rq_depth:1.300000 hotplug_avg_load_dw: 53
04-24 07:02:21.877  1425  1430 E MP-Decision: UP cpu:1 core_idx:1 Nw:1.900000 Tw:140 total_time_up:0.000000
04-24 07:02:22.417 22947 22947 D AndroidRuntime: 
04-24 07:02:22.417 22947 22947 D AndroidRuntime: >>>>>> AndroidRuntime START com.android.internal.os.RuntimeInit <<<<<<
04-24 07:02:22.417 22947 22947 D AndroidRuntime: CheckJNI is ON
04-24 07:02:22.417 22947 22947 E dalvikvm: ERROR: must specify non-'.' bootclasspath
04-24 07:02:22.417 22947 22947 W dalvikvm: CreateJavaVM failed: dvmClassStartup failed
04-24 07:02:22.417 22947 22947 E AndroidRuntime: JNI_CreateJavaVM failed
04-24 07:02:22.757 22948 22948 D AndroidRuntime: 
04-24 07:02:22.757 22948 22948 D AndroidRuntime: >>>>>> AndroidRuntime START com.android.internal.os.RuntimeInit <<<<<<
04-24 07:02:22.757 22948 22948 D AndroidRuntime: CheckJNI is ON
04-24 07:02:22.757 22948 22948 E dalvikvm: ERROR: must specify non-'.' bootclasspath
04-24 07:02:22.757 22948 22948 W dalvikvm: CreateJavaVM failed: dvmClassStartup failed
04-24 07:02:22.757 22948 22948 E AndroidRuntime: JNI_CreateJavaVM failed
04-24 07:02:23.358  1425  1430 E MP-Decision: num online cores: 2 reqd : 1 available : 4 rq_depth:0.000000 hotplug_avg_load_dw: 29
04-24 07:02:23.358  1425  1430 E MP-Decision: DOWN cpu:1 core_idx:1 Ns:1.100000 Ts:190 total_time_down:562.000000
04-24 07:20:00.106 23128 23128 I olsrd   : Writing '1' (was 1) to /proc/sys/net/ipv4/ip_forward
04-24 07:20:00.106 23128 23128 I olsrd   : Writing '0' (was 1) to /proc/sys/net/ipv4/conf/all/send_redirects
04-24 07:20:00.106 23128 23128 I olsrd   : Writing '0' (was 0) to /proc/sys/net/ipv4/conf/all/rp_filter
04-24 07:20:00.106 23128 23128 I olsrd   : Writing '0' (was 0) to /proc/sys/net/ipv4/conf/wlan0/send_redirects
04-24 07:20:00.106 23128 23128 I olsrd   : Writing '0' (was 0) to /proc/sys/net/ipv4/conf/wlan0/rp_filter
04-24 07:20:00.106 23128 23128 I olsrd   : Adding interface wlan0
04-24 07:20:00.106 23128 23128 I olsrd   : New main address: 10.1.1.38
04-24 07:20:00.116 23133 23133 I olsrd   : olsr.org -  0.6.6.2-n -git_0000000 -n -hash_ 7985605520f3cae9b305d56e83b35d9c successfully started
04-24 07:24:38.944 23133 23133 I olsrd   : detected duplicate packet with seqnr 0x6579 from 10.1.1.32 on wlan0 (232 Bytes)
04-24 07:25:40.073 23133 23133 I olsrd   : Removing interface wlan0
04-24 07:25:40.073   807   870 D Tethering: InitialState.processMessage what=4
04-24 07:25:40.073   807   870 D Tethering: Exception adding default nw to upstreamIfaceTypes: java.lang.NullPointerException
04-24 07:25:40.073   807   870 D Tethering: sendTetherStateChangedBroadcast 1, 0, 0
04-24 07:25:40.083   807  1128 D Tethering: Exception adding default nw to upstreamIfaceTypes: java.lang.NullPointerException
04-24 07:48:14.267  5119  5119 D dalvikvm: Not late-enabling CheckJNI (already on)
--------- beginning of /dev/log/system
04-24 07:48:14.277   807   827 I ActivityManager: Start proc edu.mit.ll.NletLog.android for service edu.mit.ll.NletLog.android/.LoggerService: pid=5119 uid=10056 gids={50056, 1015, 3003, 1028}
04-24 07:48:14.307  5119  5119 I dalvikvm: Turning on JNI app bug workarounds for target SDK version 12...
04-24 07:48:14.357  5119  5119 V LoggerService: Reading config file at /sdcard/llcbmen/startup_40/Logger.json
04-24 07:48:14.357  5119  5119 V LoggerService: Could not read config file!
04-24 07:48:14.367  5119  5119 V LoggerService: registering broadcast receiver...
04-24 07:48:14.377  1425  1430 E MP-Decision: num online cores: 1 reqd : 2 available : 4 rq_depth:2.200000 hotplug_avg_load_dw: 25
04-24 07:48:14.377  1425  1430 E MP-Decision: UP cpu:1 core_idx:1 Nw:1.900000 Tw:140 total_time_up:142.000000
04-24 07:48:14.377  5119  5119 V LoggerService: registered broadcast receiver
04-24 07:48:14.387  5119  5119 V LoggerService: Already a BroadcastReceiver running!!
04-24 07:48:14.397  5119  5119 V LoggerService: Already a BroadcastReceiver running!!
04-24 07:48:15.188  1425  1430 E MP-Decision: num online cores: 2 reqd : 1 available : 4 rq_depth:0.000000 hotplug_avg_load_dw: 2
04-24 07:48:15.188  1425  1430 E MP-Decision: DOWN cpu:1 core_idx:1 Ns:1.100000 Ts:190 total_time_down:806.000000
04-24 07:59:39.207   807   838 W ProcessStats: Skipping unknown process pid 10849
04-24 08:09:08.425   807   845 D lights  : set_light_leds: type=0, color=0x00ffff6000, fM=0, fOnMS=0, fOffMs=0.
04-24 08:09:08.425   807   824 I EntropyMixer: Writing entropy...
04-24 08:09:08.435   807   845 D lights  : write_leds: color=0x00ff6000, delay_on=0, delay_off=0, blink="0x00ff6000 0 0".
04-24 08:09:08.455   807   846 E LightSensor: Light old sensor_state 0, new sensor_state : 128 en : 1
04-24 08:09:08.455   807   846 I PowerManagerService: Waking up from sleep...
04-24 08:09:08.485   807   824 E Sensors : Acc old sensor_state 128, new sensor_state : 129 en : 1
04-24 08:09:08.505  1425  1430 E MP-Decision: num online cores: 1 reqd : 2 available : 4 rq_depth:3.700000 hotplug_avg_load_dw: 45
04-24 08:09:08.505  1425  1430 E MP-Decision: UP cpu:1 core_idx:1 Nw:1.900000 Tw:140 total_time_up:171.000000
04-24 08:09:08.525  1121  1121 D PhoneApp: mReceiver: ACTION_SCREEN_OFF / ACTION_SCREEN_ON
04-24 08:09:08.525  1121  1121 D AccelerometerListener: enable(false)
04-24 08:09:08.555  1425  1430 E MP-Decision: num online cores: 2 reqd : 3 available : 4 rq_depth:3.700000 hotplug_avg_load_dw: 89
04-24 08:09:08.555  1425  1430 E MP-Decision: UP cpu:1 core_idx:1 Nw:1.900000 Tw:140 total_time_up:0.000000
04-24 08:09:08.555  1425  1430 E MP-Decision: UP cpu:2 core_idx:2 Nw:2.700000 Tw:90 total_time_up:216.000000
04-24 08:09:08.665   807   825 I WindowManager: Lock screen displayed!
04-24 08:09:08.855  1425  1430 E MP-Decision: num online cores: 3 reqd : 4 available : 4 rq_depth:4.700000 hotplug_avg_load_dw: 95
04-24 08:09:08.855  1425  1430 E MP-Decision: UP cpu:1 core_idx:1 Nw:1.900000 Tw:140 total_time_up:0.000000
04-24 08:09:08.855  1425  1430 E MP-Decision: UP cpu:2 core_idx:2 Nw:2.700000 Tw:90 total_time_up:0.000000
04-24 08:09:08.855  1425  1430 E MP-Decision: UP cpu:3 core_idx:3 Nw:3.500000 Tw:90 total_time_up:98.000000
04-24 08:09:08.855   807   999 D PowerManagerService-JNI: Excessive delay in autosuspend_disable() while turning screen on: 389ms
04-24 08:09:08.855   333   388 D SurfaceFlinger: Screen acquired, type=0 flinger=0xb87e6478
04-24 08:09:08.855   333   388 D qdhwcomposer: hwc_blank: Unblanking display: 0
04-24 08:09:08.855   333   388 D qdhwcomposer: hwc_blank: Done unblanking display: 0
04-24 08:09:08.885 10358 10358 D MtpService: updating state; isCurrentUser=true, mMtpLocked=true
04-24 08:09:08.895 10358 10358 D MtpService: updating state; isCurrentUser=true, mMtpLocked=true
04-24 08:09:08.905 10358 10358 D MtpService: starting MTP server in MTP mode
04-24 08:09:08.905 10358 10358 E MtpServerJNI: could not open MTP driver, errno: 16
04-24 08:09:08.905 10358 15597 E MtpServerJNI: server is null in run
04-24 08:09:08.905 10358 15597 E MtpServerJNI: server is null in cleanup
04-24 08:09:08.935   807   818 D Tethering: Exception adding default nw to upstreamIfaceTypes: java.lang.NullPointerException
04-24 08:09:08.945   807   819 D Tethering: Exception adding default nw to upstreamIfaceTypes: java.lang.NullPointerException
04-24 08:09:08.945   807  1092 D Tethering: Exception adding default nw to upstreamIfaceTypes: java.lang.NullPointerException
04-24 08:09:08.965   807  1828 D LightsService: Excessive delay setting light: 83ms
04-24 08:09:09.055   807  1828 D LightsService: Excessive delay setting light: 82ms
04-24 08:09:09.115  1425  1430 E MP-Decision: num online cores: 4 reqd : 3 available : 4 rq_depth:0.500000 hotplug_avg_load_dw: 64
04-24 08:09:09.115  1425  1430 E MP-Decision: DOWN cpu:3 core_idx:3 Ns:3.100000 Ts:240 total_time_down:252.000000
04-24 08:09:09.125   807  1828 D LightsService: Excessive delay setting light: 70ms
04-24 08:09:09.215   807  1828 D LightsService: Excessive delay setting light: 95ms
04-24 08:09:09.456  1425  1430 E MP-Decision: num online cores: 3 reqd : 1 available : 4 rq_depth:1.000000 hotplug_avg_load_dw: 25
04-24 08:09:09.456  1425  1430 E MP-Decision: DOWN cpu:2 core_idx:2 Ns:2.100000 Ts:240 total_time_down:282.000000
04-24 08:09:09.456  1425  1430 E MP-Decision: DOWN cpu:1 core_idx:1 Ns:1.100000 Ts:190 total_time_down:282.000000
04-24 08:09:17.543   807  8718 D LightsService: Excessive delay setting light: 65ms
04-24 08:09:32.678   807 10466 D LightsService: Excessive delay setting light: 52ms
04-24 08:09:32.748   807 10466 D LightsService: Excessive delay setting light: 65ms
04-24 08:09:32.828   807 10466 D LightsService: Excessive delay setting light: 80ms
04-24 08:09:32.888   807 10466 D LightsService: Excessive delay setting light: 66ms
04-24 08:09:32.958   807 10466 D LightsService: Excessive delay setting light: 66ms
04-24 08:09:33.018   807 10466 D LightsService: Excessive delay setting light: 67ms
04-24 08:09:33.088   807 10466 D LightsService: Excessive delay setting light: 65ms
04-24 08:09:33.159   807 10466 D LightsService: Excessive delay setting light: 66ms
04-24 08:09:33.219   807 10466 D LightsService: Excessive delay setting light: 66ms
04-24 08:09:33.289   807 10466 D LightsService: Excessive delay setting light: 63ms
04-24 08:09:38.604   807   846 E LightSensor: Light old sensor_state 129, new sensor_state : 1 en : 0
04-24 08:09:38.604   807   846 I PowerManagerService: Going to sleep due to screen timeout...
04-24 08:09:38.744  1425  1430 E MP-Decision: num online cores: 1 reqd : 2 available : 4 rq_depth:3.200000 hotplug_avg_load_dw: 37
04-24 08:09:38.744  1425  1430 E MP-Decision: UP cpu:1 core_idx:1 Nw:1.900000 Tw:140 total_time_up:186.000000
04-24 08:09:39.064  1425  1430 E MP-Decision: num online cores: 2 reqd : 1 available : 4 rq_depth:0.500000 hotplug_avg_load_dw: 27
04-24 08:09:39.064  1425  1430 E MP-Decision: DOWN cpu:1 core_idx:1 Ns:1.100000 Ts:190 total_time_down:263.000000
04-24 08:09:39.164   807   824 E Sensors : Acc old sensor_state 1, new sensor_state : 0 en : 0
04-24 08:09:39.174   333   388 D SurfaceFlinger: Screen released, type=0 flinger=0xb87e6478
04-24 08:09:39.174   333   388 D qdhwcomposer: hwc_blank: Blanking display: 0
04-24 08:09:39.174  1121  1121 D PhoneApp: mReceiver: ACTION_SCREEN_OFF / ACTION_SCREEN_ON
04-24 08:09:39.174  1121  1121 D AccelerometerListener: enable(false)
04-24 08:09:39.204   807   825 V KeyguardHostView: Keyguard widgets disabled by DPM
04-24 08:09:39.204   807   825 V KeyguardHostView: Keyguard secure camera disabled by DPM
04-24 08:09:39.224  1425  1430 E MP-Decision: num online cores: 1 reqd : 2 available : 4 rq_depth:5.200000 hotplug_avg_load_dw: 41
04-24 08:09:39.224  1425  1430 E MP-Decision: UP cpu:1 core_idx:1 Nw:1.900000 Tw:140 total_time_up:147.000000
04-24 08:09:39.344   807   825 V KeyguardHostView: hide transport, gen:3
04-24 08:09:39.344   807   825 V KeyguardHostView: music state changed: 0
04-24 08:09:39.425   333   388 D qdhwcomposer: hwc_blank: Done blanking display: 0
04-24 08:09:39.425   807   999 D SurfaceControl: Excessive delay in blankDisplay() while turning screen off: 254ms
04-24 08:09:39.815  1425  1430 E MP-Decision: num online cores: 2 reqd : 1 available : 4 rq_depth:0.000000 hotplug_avg_load_dw: 25
04-24 08:09:39.815  1425  1430 E MP-Decision: DOWN cpu:1 core_idx:1 Ns:1.100000 Ts:190 total_time_down:386.000000
04-24 08:10:44.297 16428 16428 W libc    : void endpwent()(3) is not implemented on Android
04-24 08:10:44.297   250   250 I busybox : void endpwent()(3) is not implemented on Android
04-24 08:10:44.387 16430 16430 W libc    : void endpwent()(3) is not implemented on Android
04-24 08:10:44.577  1425  1430 E MP-Decision: num online cores: 1 reqd : 2 available : 4 rq_depth:2.100000 hotplug_avg_load_dw: 61
04-24 08:10:44.577  1425  1430 E MP-Decision: UP cpu:1 core_idx:1 Nw:1.900000 Tw:140 total_time_up:49.000000
04-24 08:10:45.348  1425  1430 E MP-Decision: num online cores: 2 reqd : 1 available : 4 rq_depth:1.000000 hotplug_avg_load_dw: 21
04-24 08:10:45.348  1425  1430 E MP-Decision: DOWN cpu:1 core_idx:1 Ns:1.100000 Ts:190 total_time_down:223.000000
04-24 08:11:24.576 16780 16780 W libc    : void endpwent()(3) is not implemented on Android
04-24 08:11:24.576   250   250 I busybox : void endpwent()(3) is not implemented on Android
04-24 08:11:24.656 16782 16782 W libc    : void endpwent()(3) is not implemented on Android
04-24 08:11:24.846  1425  1430 E MP-Decision: num online cores: 1 reqd : 2 available : 4 rq_depth:1.100000 hotplug_avg_load_dw: 60
04-24 08:11:24.846  1425  1430 E MP-Decision: UP cpu:1 core_idx:1 Nw:1.900000 Tw:140 total_time_up:0.000000
