--------- beginning of /dev/log/main
04-24 05:47:18.703  1406  1414 E MP-Decision: num online cores: 2 reqd : 1 available : 4 rq_depth:0.000000 hotplug_avg_load_dw: 19
04-24 05:47:18.703  1406  1414 E MP-Decision: DOWN cpu:1 core_idx:1 Ns:1.100000 Ts:190 total_time_down:222.000000
04-24 05:47:19.073  9123  9123 I olsrd   : Writing '1' (was 1) to /proc/sys/net/ipv4/ip_forward
04-24 05:47:19.073  9123  9123 I olsrd   : Writing '0' (was 1) to /proc/sys/net/ipv4/conf/all/send_redirects
04-24 05:47:19.073  9123  9123 I olsrd   : Writing '0' (was 0) to /proc/sys/net/ipv4/conf/all/rp_filter
04-24 05:47:19.073  9123  9123 I olsrd   : Writing '0' (was 0) to /proc/sys/net/ipv4/conf/wlan0/send_redirects
04-24 05:47:19.073  9123  9123 I olsrd   : Writing '0' (was 0) to /proc/sys/net/ipv4/conf/wlan0/rp_filter
04-24 05:47:19.073  9123  9123 I olsrd   : Adding interface wlan0
04-24 05:47:19.073  9123  9123 I olsrd   : New main address: 10.1.1.22
04-24 05:47:19.083  9124  9124 I olsrd   : olsr.org -  0.6.6.2-n -git_0000000 -n -hash_ 7985605520f3cae9b305d56e83b35d9c successfully started
04-24 05:47:21.406  9141  9141 D dalvikvm: Not late-enabling CheckJNI (already on)
--------- beginning of /dev/log/system
04-24 05:47:21.426   798   816 I ActivityManager: Start proc edu.mit.ll.cbmen.monitor for service edu.mit.ll.cbmen.monitor/.MonitorService: pid=9141 uid=10055 gids={50055, 1015, 3003, 1028}
04-24 05:47:21.506  9141  9141 I MonitorService: onCreate() MonitorService
04-24 05:47:21.506  9141  9141 D AndroidRuntime: Shutting down VM
04-24 05:47:21.506  9141  9141 W dalvikvm: threadid=1: thread exiting with uncaught exception (group=0x415397c0)
04-24 05:47:21.506  9141  9141 I Process : Sending signal. PID: 9141 SIG: 9
04-24 05:47:21.506  9141  9141 E AndroidRuntime: FATAL EXCEPTION: main
04-24 05:47:21.506  9141  9141 E AndroidRuntime: java.lang.RuntimeException: Unable to start service edu.mit.ll.cbmen.monitor.MonitorService@417b7918 with null: java.lang.NullPointerException
04-24 05:47:21.506  9141  9141 E AndroidRuntime: 	at android.app.ActivityThread.handleServiceArgs(ActivityThread.java:2849)
04-24 05:47:21.506  9141  9141 E AndroidRuntime: 	at android.app.ActivityThread.access$1900(ActivityThread.java:153)
04-24 05:47:21.506  9141  9141 E AndroidRuntime: 	at android.app.ActivityThread$H.handleMessage(ActivityThread.java:1366)
04-24 05:47:21.506  9141  9141 E AndroidRuntime: 	at android.os.Handler.dispatchMessage(Handler.java:99)
04-24 05:47:21.506  9141  9141 E AndroidRuntime: 	at android.os.Looper.loop(Looper.java:137)
04-24 05:47:21.506  9141  9141 E AndroidRuntime: 	at android.app.ActivityThread.main(ActivityThread.java:5289)
04-24 05:47:21.506  9141  9141 E AndroidRuntime: 	at java.lang.reflect.Method.invokeNative(Native Method)
04-24 05:47:21.506  9141  9141 E AndroidRuntime: 	at java.lang.reflect.Method.invoke(Method.java:525)
04-24 05:47:21.506  9141  9141 E AndroidRuntime: 	at com.android.internal.os.ZygoteInit$MethodAndArgsCaller.run(ZygoteInit.java:739)
04-24 05:47:21.506  9141  9141 E AndroidRuntime: 	at com.android.internal.os.ZygoteInit.main(ZygoteInit.java:555)
04-24 05:47:21.506  9141  9141 E AndroidRuntime: 	at dalvik.system.NativeStart.main(Native Method)
04-24 05:47:21.506  9141  9141 E AndroidRuntime: Caused by: java.lang.NullPointerException
04-24 05:47:21.506  9141  9141 E AndroidRuntime: 	at edu.mit.ll.cbmen.monitor.MonitorService.onStartCommand(MonitorService.java:773)
04-24 05:47:21.506  9141  9141 E AndroidRuntime: 	at android.app.ActivityThread.handleServiceArgs(ActivityThread.java:2832)
04-24 05:47:21.506  9141  9141 E AndroidRuntime: 	... 10 more
04-24 05:47:21.516   798  1144 I ActivityManager: Process edu.mit.ll.cbmen.monitor (pid 9141) has died.
04-24 05:47:21.516   798  1144 W ActivityManager: Scheduling restart of crashed service edu.mit.ll.cbmen.monitor/.MonitorService in 20000ms
04-24 05:47:21.526  1406  1414 E MP-Decision: num online cores: 1 reqd : 2 available : 4 rq_depth:2.700000 hotplug_avg_load_dw: 26
04-24 05:47:21.526  1406  1414 E MP-Decision: UP cpu:1 core_idx:1 Nw:1.900000 Tw:140 total_time_up:145.000000
04-24 05:47:21.736  1406  1414 E MP-Decision: num online cores: 2 reqd : 1 available : 4 rq_depth:0.000000 hotplug_avg_load_dw: 6
04-24 05:47:21.736  1406  1414 E MP-Decision: DOWN cpu:1 core_idx:1 Ns:1.100000 Ts:190 total_time_down:201.000000
04-24 05:47:41.555  9292  9292 D dalvikvm: Not late-enabling CheckJNI (already on)
04-24 05:47:41.575   798   816 I ActivityManager: Start proc edu.mit.ll.cbmen.monitor for service edu.mit.ll.cbmen.monitor/.MonitorService: pid=9292 uid=10055 gids={50055, 1015, 3003, 1028}
04-24 05:47:41.645  9292  9292 I MonitorService: onCreate() MonitorService
04-24 05:47:41.645  9292  9292 D AndroidRuntime: Shutting down VM
04-24 05:47:41.645  9292  9292 W dalvikvm: threadid=1: thread exiting with uncaught exception (group=0x415397c0)
04-24 05:47:41.655  9292  9292 I Process : Sending signal. PID: 9292 SIG: 9
04-24 05:47:41.655  9292  9292 E AndroidRuntime: FATAL EXCEPTION: main
04-24 05:47:41.655  9292  9292 E AndroidRuntime: java.lang.RuntimeException: Unable to start service edu.mit.ll.cbmen.monitor.MonitorService@417b88f8 with null: java.lang.NullPointerException
04-24 05:47:41.655  9292  9292 E AndroidRuntime: 	at android.app.ActivityThread.handleServiceArgs(ActivityThread.java:2849)
04-24 05:47:41.655  9292  9292 E AndroidRuntime: 	at android.app.ActivityThread.access$1900(ActivityThread.java:153)
04-24 05:47:41.655  9292  9292 E AndroidRuntime: 	at android.app.ActivityThread$H.handleMessage(ActivityThread.java:1366)
04-24 05:47:41.655  9292  9292 E AndroidRuntime: 	at android.os.Handler.dispatchMessage(Handler.java:99)
04-24 05:47:41.655  9292  9292 E AndroidRuntime: 	at android.os.Looper.loop(Looper.java:137)
04-24 05:47:41.655  9292  9292 E AndroidRuntime: 	at android.app.ActivityThread.main(ActivityThread.java:5289)
04-24 05:47:41.655  9292  9292 E AndroidRuntime: 	at java.lang.reflect.Method.invokeNative(Native Method)
04-24 05:47:41.655  9292  9292 E AndroidRuntime: 	at java.lang.reflect.Method.invoke(Method.java:525)
04-24 05:47:41.655  9292  9292 E AndroidRuntime: 	at com.android.internal.os.ZygoteInit$MethodAndArgsCaller.run(ZygoteInit.java:739)
04-24 05:47:41.655  9292  9292 E AndroidRuntime: 	at com.android.internal.os.ZygoteInit.main(ZygoteInit.java:555)
04-24 05:47:41.655  9292  9292 E AndroidRuntime: 	at dalvik.system.NativeStart.main(Native Method)
04-24 05:47:41.655  9292  9292 E AndroidRuntime: Caused by: java.lang.NullPointerException
04-24 05:47:41.655  9292  9292 E AndroidRuntime: 	at edu.mit.ll.cbmen.monitor.MonitorService.onStartCommand(MonitorService.java:773)
04-24 05:47:41.655  9292  9292 E AndroidRuntime: 	at android.app.ActivityThread.handleServiceArgs(ActivityThread.java:2832)
04-24 05:47:41.655  9292  9292 E AndroidRuntime: 	... 10 more
04-24 05:47:41.665   798  1164 I ActivityManager: Process edu.mit.ll.cbmen.monitor (pid 9292) has died.
04-24 05:47:41.675  1406  1414 E MP-Decision: num online cores: 1 reqd : 2 available : 4 rq_depth:2.400000 hotplug_avg_load_dw: 29
04-24 05:47:41.675  1406  1414 E MP-Decision: UP cpu:1 core_idx:1 Nw:1.900000 Tw:140 total_time_up:194.000000
04-24 05:47:41.675   798  1164 W ActivityManager: Service crashed 2 times, stopping: ServiceRecord{420292b8 u0 edu.mit.ll.cbmen.monitor/.MonitorService}
04-24 05:47:41.875  1406  1414 E MP-Decision: num online cores: 2 reqd : 1 available : 4 rq_depth:0.000000 hotplug_avg_load_dw: 5
04-24 05:47:41.875  1406  1414 E MP-Decision: DOWN cpu:1 core_idx:1 Ns:1.100000 Ts:190 total_time_down:197.000000
04-24 05:48:11.093   798   816 W BroadcastQueue: Timeout of broadcast BroadcastRecord{41971a40 u0 com.android.server.action.NETWORK_STATS_POLL} - receiver=android.app.LoadedApk$ReceiverDispatcher$InnerReceiver@41a6ef20, started 60012ms ago
04-24 05:48:11.093   798   816 W BroadcastQueue: Receiver during timeout: BroadcastFilter{41a4a2f8 u0 ReceiverList{41a4b278 798 system/1000/u0 local:41a6ef20}}
04-24 05:48:11.103  1096  1096 D CallerInfoCacheUpdateReceiver: CallerInfoCacheUpdateReceiver#onReceive(). Intent: Intent { act=com.android.phone.UPDATE_CALLER_INFO_CACHE flg=0x14 cmp=com.android.phone/.CallerInfoCacheUpdateReceiver (has extras) }
04-24 05:48:11.103  1096  1096 D CallerInfoCache: startAsyncCache
04-24 05:48:11.103  1096  1096 W CallerInfoCache: Previous cache task is remaining.
04-24 05:48:11.113  1096  9496 D CallerInfoCache: Start refreshing cache.
04-24 05:48:11.143  1096  9496 D CallerInfoCache: Caching entries are done. Total: 0
04-24 05:52:20.202  1406  1414 E MP-Decision: num online cores: 1 reqd : 2 available : 4 rq_depth:1.000000 hotplug_avg_load_dw: 59
04-24 05:52:20.202  1406  1414 E MP-Decision: UP cpu:1 core_idx:1 Nw:1.900000 Tw:140 total_time_up:0.000000
04-24 05:52:20.432 11094 11094 D AndroidRuntime: 
04-24 05:52:20.432 11094 11094 D AndroidRuntime: >>>>>> AndroidRuntime START com.android.internal.os.RuntimeInit <<<<<<
04-24 05:52:20.432 11094 11094 D AndroidRuntime: CheckJNI is ON
04-24 05:52:20.432 11094 11094 E dalvikvm: ERROR: must specify non-'.' bootclasspath
04-24 05:52:20.432 11094 11094 W dalvikvm: CreateJavaVM failed: dvmClassStartup failed
04-24 05:52:20.432 11094 11094 E AndroidRuntime: JNI_CreateJavaVM failed
04-24 05:52:20.562  9124  9124 I olsrd   : Writing '1' (was 0) to /proc/sys/net/ipv4/conf/all/send_redirects
04-24 05:52:20.562  9124  9124 I olsrd   : olsr.org -  0.6.6.2-n -git_0000000 -n -hash_ 7985605520f3cae9b305d56e83b35d9c stopped
04-24 05:52:21.183  1406  1414 E MP-Decision: num online cores: 2 reqd : 1 available : 4 rq_depth:0.100000 hotplug_avg_load_dw: 18
04-24 05:52:21.183  1406  1414 E MP-Decision: DOWN cpu:1 core_idx:1 Ns:1.100000 Ts:190 total_time_down:172.000000
04-24 05:52:21.854  1406  1414 E MP-Decision: num online cores: 1 reqd : 2 available : 4 rq_depth:1.400000 hotplug_avg_load_dw: 66
04-24 05:52:21.854  1406  1414 E MP-Decision: UP cpu:1 core_idx:1 Nw:1.900000 Tw:140 total_time_up:0.000000
04-24 05:52:22.444 11193 11193 D AndroidRuntime: 
04-24 05:52:22.444 11193 11193 D AndroidRuntime: >>>>>> AndroidRuntime START com.android.internal.os.RuntimeInit <<<<<<
04-24 05:52:22.444 11193 11193 D AndroidRuntime: CheckJNI is ON
04-24 05:52:22.444 11193 11193 E dalvikvm: ERROR: must specify non-'.' bootclasspath
04-24 05:52:22.444 11193 11193 W dalvikvm: CreateJavaVM failed: dvmClassStartup failed
04-24 05:52:22.444 11193 11193 E AndroidRuntime: JNI_CreateJavaVM failed
04-24 05:52:22.734 11194 11194 D AndroidRuntime: 
04-24 05:52:22.734 11194 11194 D AndroidRuntime: >>>>>> AndroidRuntime START com.android.internal.os.RuntimeInit <<<<<<
04-24 05:52:22.734 11194 11194 D AndroidRuntime: CheckJNI is ON
04-24 05:52:22.734 11194 11194 E dalvikvm: ERROR: must specify non-'.' bootclasspath
04-24 05:52:22.734 11194 11194 W dalvikvm: CreateJavaVM failed: dvmClassStartup failed
04-24 05:52:22.734 11194 11194 E AndroidRuntime: JNI_CreateJavaVM failed
