--------- beginning of /dev/log/main
04-24 03:46:41.533  1419  1425 E MP-Decision: num online cores: 2 reqd : 1 available : 4 rq_depth:0.000000 hotplug_avg_load_dw: 14
04-24 03:46:41.533  1419  1425 E MP-Decision: DOWN cpu:1 core_idx:1 Ns:1.100000 Ts:190 total_time_down:560.000000
04-24 03:46:44.386  2191  2191 D dalvikvm: Not late-enabling CheckJNI (already on)
--------- beginning of /dev/log/system
04-24 03:46:44.406   807   830 I ActivityManager: Start proc edu.mit.ll.cbmen.monitor for service edu.mit.ll.cbmen.monitor/.MonitorService: pid=2191 uid=10055 gids={50055, 1015, 3003, 1028}
04-24 03:46:44.466  2191  2191 I MonitorService: onCreate() MonitorService
04-24 03:46:44.466  2191  2191 D AndroidRuntime: Shutting down VM
04-24 03:46:44.466  2191  2191 W dalvikvm: threadid=1: thread exiting with uncaught exception (group=0x415cc7c0)
04-24 03:46:44.476  2191  2191 I Process : Sending signal. PID: 2191 SIG: 9
04-24 03:46:44.476  2191  2191 E AndroidRuntime: FATAL EXCEPTION: main
04-24 03:46:44.476  2191  2191 E AndroidRuntime: java.lang.RuntimeException: Unable to start service edu.mit.ll.cbmen.monitor.MonitorService@41849a40 with null: java.lang.NullPointerException
04-24 03:46:44.476  2191  2191 E AndroidRuntime: 	at android.app.ActivityThread.handleServiceArgs(ActivityThread.java:2849)
04-24 03:46:44.476  2191  2191 E AndroidRuntime: 	at android.app.ActivityThread.access$1900(ActivityThread.java:153)
04-24 03:46:44.476  2191  2191 E AndroidRuntime: 	at android.app.ActivityThread$H.handleMessage(ActivityThread.java:1366)
04-24 03:46:44.476  2191  2191 E AndroidRuntime: 	at android.os.Handler.dispatchMessage(Handler.java:99)
04-24 03:46:44.476  2191  2191 E AndroidRuntime: 	at android.os.Looper.loop(Looper.java:137)
04-24 03:46:44.476  2191  2191 E AndroidRuntime: 	at android.app.ActivityThread.main(ActivityThread.java:5289)
04-24 03:46:44.476  2191  2191 E AndroidRuntime: 	at java.lang.reflect.Method.invokeNative(Native Method)
04-24 03:46:44.476  2191  2191 E AndroidRuntime: 	at java.lang.reflect.Method.invoke(Method.java:525)
04-24 03:46:44.476  2191  2191 E AndroidRuntime: 	at com.android.internal.os.ZygoteInit$MethodAndArgsCaller.run(ZygoteInit.java:739)
04-24 03:46:44.476  2191  2191 E AndroidRuntime: 	at com.android.internal.os.ZygoteInit.main(ZygoteInit.java:555)
04-24 03:46:44.476  2191  2191 E AndroidRuntime: 	at dalvik.system.NativeStart.main(Native Method)
04-24 03:46:44.476  2191  2191 E AndroidRuntime: Caused by: java.lang.NullPointerException
04-24 03:46:44.476  2191  2191 E AndroidRuntime: 	at edu.mit.ll.cbmen.monitor.MonitorService.onStartCommand(MonitorService.java:773)
04-24 03:46:44.476  2191  2191 E AndroidRuntime: 	at android.app.ActivityThread.handleServiceArgs(ActivityThread.java:2832)
04-24 03:46:44.476  2191  2191 E AndroidRuntime: 	... 10 more
04-24 03:46:44.486   807   818 I ActivityManager: Process edu.mit.ll.cbmen.monitor (pid 2191) has died.
04-24 03:46:44.486   807   818 W ActivityManager: Scheduling restart of crashed service edu.mit.ll.cbmen.monitor/.MonitorService in 20000ms
04-24 03:47:04.515  2308  2308 D dalvikvm: Not late-enabling CheckJNI (already on)
04-24 03:47:04.545   807   830 I ActivityManager: Start proc edu.mit.ll.cbmen.monitor for service edu.mit.ll.cbmen.monitor/.MonitorService: pid=2308 uid=10055 gids={50055, 1015, 3003, 1028}
04-24 03:47:04.635  2308  2308 I MonitorService: onCreate() MonitorService
04-24 03:47:04.635  2308  2308 D AndroidRuntime: Shutting down VM
04-24 03:47:04.635  2308  2308 W dalvikvm: threadid=1: thread exiting with uncaught exception (group=0x415cc7c0)
04-24 03:47:04.635  2308  2308 E AndroidRuntime: FATAL EXCEPTION: main
04-24 03:47:04.635  2308  2308 E AndroidRuntime: java.lang.RuntimeException: Unable to start service edu.mit.ll.cbmen.monitor.MonitorService@4184a948 with null: java.lang.NullPointerException
04-24 03:47:04.635  2308  2308 E AndroidRuntime: 	at android.app.ActivityThread.handleServiceArgs(ActivityThread.java:2849)
04-24 03:47:04.635  2308  2308 E AndroidRuntime: 	at android.app.ActivityThread.access$1900(ActivityThread.java:153)
04-24 03:47:04.635  2308  2308 E AndroidRuntime: 	at android.app.ActivityThread$H.handleMessage(ActivityThread.java:1366)
04-24 03:47:04.635  2308  2308 E AndroidRuntime: 	at android.os.Handler.dispatchMessage(Handler.java:99)
04-24 03:47:04.635  2308  2308 E AndroidRuntime: 	at android.os.Looper.loop(Looper.java:137)
04-24 03:47:04.635  2308  2308 E AndroidRuntime: 	at android.app.ActivityThread.main(ActivityThread.java:5289)
04-24 03:47:04.635  2308  2308 E AndroidRuntime: 	at java.lang.reflect.Method.invokeNative(Native Method)
04-24 03:47:04.635  2308  2308 E AndroidRuntime: 	at java.lang.reflect.Method.invoke(Method.java:525)
04-24 03:47:04.635  2308  2308 E AndroidRuntime: 	at com.android.internal.os.ZygoteInit$MethodAndArgsCaller.run(ZygoteInit.java:739)
04-24 03:47:04.635  2308  2308 E AndroidRuntime: 	at com.android.internal.os.ZygoteInit.main(ZygoteInit.java:555)
04-24 03:47:04.635  2308  2308 E AndroidRuntime: 	at dalvik.system.NativeStart.main(Native Method)
04-24 03:47:04.635  2308  2308 E AndroidRuntime: Caused by: java.lang.NullPointerException
04-24 03:47:04.635  2308  2308 E AndroidRuntime: 	at edu.mit.ll.cbmen.monitor.MonitorService.onStartCommand(MonitorService.java:773)
04-24 03:47:04.635  2308  2308 E AndroidRuntime: 	at android.app.ActivityThread.handleServiceArgs(ActivityThread.java:2832)
04-24 03:47:04.635  2308  2308 E AndroidRuntime: 	... 10 more
04-24 03:47:04.645  1419  1425 E MP-Decision: num online cores: 1 reqd : 2 available : 4 rq_depth:3.500000 hotplug_avg_load_dw: 34
04-24 03:47:04.645  1419  1425 E MP-Decision: UP cpu:1 core_idx:1 Nw:1.900000 Tw:140 total_time_up:146.000000
04-24 03:47:04.645  2308  2308 I Process : Sending signal. PID: 2308 SIG: 9
04-24 03:47:04.655   807  1091 I ActivityManager: Process edu.mit.ll.cbmen.monitor (pid 2308) has died.
04-24 03:47:04.655   807  1091 W ActivityManager: Service crashed 2 times, stopping: ServiceRecord{41ca4ae8 u0 edu.mit.ll.cbmen.monitor/.MonitorService}
04-24 03:47:04.775  1419  1425 E MP-Decision: num online cores: 2 reqd : 1 available : 4 rq_depth:0.000000 hotplug_avg_load_dw: 14
04-24 03:47:04.775  1419  1425 E MP-Decision: DOWN cpu:1 core_idx:1 Ns:1.100000 Ts:190 total_time_down:126.000000
04-24 03:47:12.122  2394  2394 I olsrd   : Writing '1' (was 1) to /proc/sys/net/ipv4/ip_forward
04-24 03:47:12.122  2394  2394 I olsrd   : Writing '0' (was 1) to /proc/sys/net/ipv4/conf/all/send_redirects
04-24 03:47:12.122  2394  2394 I olsrd   : Writing '0' (was 0) to /proc/sys/net/ipv4/conf/all/rp_filter
04-24 03:47:12.122  2394  2394 I olsrd   : Writing '0' (was 1) to /proc/sys/net/ipv4/conf/wlan0/send_redirects
04-24 03:47:12.132  2394  2394 I olsrd   : Writing '0' (was 0) to /proc/sys/net/ipv4/conf/wlan0/rp_filter
04-24 03:47:12.132  2394  2394 I olsrd   : Adding interface wlan0
04-24 03:47:12.132  2394  2394 I olsrd   : New main address: 10.1.1.33
04-24 03:47:12.142  2399  2399 I olsrd   : olsr.org -  0.6.6.2-n -git_0000000 -n -hash_ 7985605520f3cae9b305d56e83b35d9c successfully started
04-24 03:48:41.105  2399  2399 I olsrd   : detected duplicate packet with seqnr 0x64d0 from 10.1.1.37 on wlan0 (672 Bytes)
04-24 03:48:41.115  2399  2399 I olsrd   : detected duplicate packet with seqnr 0x64d0 from 10.1.1.37 on wlan0 (672 Bytes)
04-24 03:48:41.155  2399  2399 I olsrd   : detected duplicate packet with seqnr 0x64d0 from 10.1.1.37 on wlan0 (672 Bytes)
04-24 03:48:41.165  2399  2399 I olsrd   : detected duplicate packet with seqnr 0x64d0 from 10.1.1.37 on wlan0 (672 Bytes)
04-24 03:48:41.165  2399  2399 I olsrd   : detected duplicate packet with seqnr 0x64d0 from 10.1.1.37 on wlan0 (672 Bytes)
04-24 03:48:41.205  2399  2399 I olsrd   : detected duplicate packet with seqnr 0x64d0 from 10.1.1.37 on wlan0 (672 Bytes)
04-24 03:48:51.045  2399  2399 I olsrd   : detected duplicate packet with seqnr 0x7f44 from 10.1.1.34 on wlan0 (960 Bytes)
04-24 03:48:51.045  2399  2399 I olsrd   : detected duplicate packet with seqnr 0x7f44 from 10.1.1.34 on wlan0 (960 Bytes)
04-24 03:48:54.378  2399  2399 I olsrd   : detected duplicate packet with seqnr 0x4c4a from 10.1.1.9 on wlan0 (992 Bytes)
04-24 03:48:54.378  2399  2399 I olsrd   : detected duplicate packet with seqnr 0x4c4a from 10.1.1.9 on wlan0 (992 Bytes)
04-24 03:48:54.378  2399  2399 I olsrd   : detected duplicate packet with seqnr 0x4c4a from 10.1.1.9 on wlan0 (992 Bytes)
04-24 03:49:25.497  2399  2399 I olsrd   : detected duplicate packet with seqnr 0x3017 from 10.1.1.1 on wlan0 (1032 Bytes)
04-24 03:49:31.323  2399  2399 I olsrd   : detected duplicate packet with seqnr 0x3017 from 10.1.1.1 on wlan0 (1032 Bytes)
04-24 03:49:46.087  2399  2399 I olsrd   : detected duplicate packet with seqnr 0xf25 from 10.1.1.12 on wlan0 (1404 Bytes)
04-24 03:49:48.499  2399  2399 I olsrd   : detected duplicate packet with seqnr 0x3027 from 10.1.1.1 on wlan0 (1340 Bytes)
04-24 03:49:48.499  2399  2399 I olsrd   : detected duplicate packet with seqnr 0x3027 from 10.1.1.1 on wlan0 (1340 Bytes)
04-24 03:49:48.499  2399  2399 I olsrd   : detected duplicate packet with seqnr 0x3027 from 10.1.1.1 on wlan0 (1340 Bytes)
04-24 03:49:48.649  2399  2399 I olsrd   : detected duplicate packet with seqnr 0x3027 from 10.1.1.1 on wlan0 (1340 Bytes)
04-24 03:50:03.564  2399  2399 I olsrd   : detected duplicate packet with seqnr 0x6564 from 10.1.1.24 on wlan0 (1080 Bytes)
04-24 03:50:39.128  2399  2399 I olsrd   : detected duplicate packet with seqnr 0x43b4 from 10.1.1.29 on wlan0 (1456 Bytes)
04-24 03:50:39.128  2399  2399 I olsrd   : detected duplicate packet with seqnr 0x43b4 from 10.1.1.29 on wlan0 (1456 Bytes)
04-24 03:50:40.769  2399  2399 I olsrd   : detected duplicate packet with seqnr 0x8abc from 10.1.1.22 on wlan0 (536 Bytes)
04-24 03:50:45.844  2399  2399 I olsrd   : detected duplicate packet with seqnr 0xcf76 from 10.1.1.25 on wlan0 (1380 Bytes)
04-24 03:50:45.844  2399  2399 I olsrd   : detected duplicate packet with seqnr 0xcf76 from 10.1.1.25 on wlan0 (1380 Bytes)
04-24 03:50:48.306  2399  2399 I olsrd   : detected duplicate packet with seqnr 0x5a from 10.1.1.6 on wlan0 (984 Bytes)
04-24 03:50:48.306  2399  2399 I olsrd   : detected duplicate packet with seqnr 0x5a from 10.1.1.6 on wlan0 (984 Bytes)
04-24 03:50:48.316  2399  2399 I olsrd   : detected duplicate packet with seqnr 0x5a from 10.1.1.6 on wlan0 (984 Bytes)
04-24 03:50:48.316  2399  2399 I olsrd   : detected duplicate packet with seqnr 0x5a from 10.1.1.6 on wlan0 (984 Bytes)
04-24 03:50:48.316  2399  2399 I olsrd   : detected duplicate packet with seqnr 0x5a from 10.1.1.6 on wlan0 (984 Bytes)
04-24 03:50:48.316  2399  2399 I olsrd   : detected duplicate packet with seqnr 0x5a from 10.1.1.6 on wlan0 (984 Bytes)
04-24 03:50:48.316  2399  2399 I olsrd   : detected duplicate packet with seqnr 0x5a from 10.1.1.6 on wlan0 (984 Bytes)
04-24 03:50:48.326  2399  2399 I olsrd   : detected duplicate packet with seqnr 0x5a from 10.1.1.6 on wlan0 (984 Bytes)
04-24 03:50:48.326  2399  2399 I olsrd   : detected duplicate packet with seqnr 0x5a from 10.1.1.6 on wlan0 (984 Bytes)
04-24 03:50:48.326  2399  2399 I olsrd   : detected duplicate packet with seqnr 0x5a from 10.1.1.6 on wlan0 (984 Bytes)
04-24 03:50:48.336  2399  2399 I olsrd   : detected duplicate packet with seqnr 0x5a from 10.1.1.6 on wlan0 (984 Bytes)
04-24 03:50:48.336  2399  2399 I olsrd   : detected duplicate packet with seqnr 0x5a from 10.1.1.6 on wlan0 (984 Bytes)
04-24 03:50:48.336  2399  2399 I olsrd   : detected duplicate packet with seqnr 0x5a from 10.1.1.6 on wlan0 (984 Bytes)
04-24 03:51:03.922  2399  2399 I olsrd   : detected duplicate packet with seqnr 0xddc6 from 10.1.1.10 on wlan0 (1276 Bytes)
04-24 03:51:03.922  2399  2399 I olsrd   : detected duplicate packet with seqnr 0xddc6 from 10.1.1.10 on wlan0 (1276 Bytes)
04-24 03:51:05.083  2399  2399 I olsrd   : detected duplicate packet with seqnr 0x4dc4 from 10.1.1.32 on wlan0 (1052 Bytes)
04-24 03:51:05.093  2399  2399 I olsrd   : detected duplicate packet with seqnr 0x4dc4 from 10.1.1.32 on wlan0 (1052 Bytes)
04-24 03:51:08.106  2399  2399 I olsrd   : detected duplicate packet with seqnr 0x4dcb from 10.1.1.32 on wlan0 (516 Bytes)
04-24 03:51:08.106  2399  2399 I olsrd   : detected duplicate packet with seqnr 0x4dcb from 10.1.1.32 on wlan0 (516 Bytes)
04-24 03:51:09.817  2399  2399 I olsrd   : detected duplicate packet with seqnr 0xddce from 10.1.1.10 on wlan0 (540 Bytes)
04-24 03:51:09.817  2399  2399 I olsrd   : detected duplicate packet with seqnr 0xddce from 10.1.1.10 on wlan0 (540 Bytes)
04-24 03:51:09.827  2399  2399 I olsrd   : detected duplicate packet with seqnr 0xddce from 10.1.1.10 on wlan0 (540 Bytes)
04-24 03:51:09.827  2399  2399 I olsrd   : detected duplicate packet with seqnr 0xddce from 10.1.1.10 on wlan0 (540 Bytes)
04-24 03:51:09.837  2399  2399 I olsrd   : detected duplicate packet with seqnr 0xddce from 10.1.1.10 on wlan0 (540 Bytes)
04-24 03:51:09.837  2399  2399 I olsrd   : detected duplicate packet with seqnr 0xddce from 10.1.1.10 on wlan0 (540 Bytes)
04-24 03:51:09.837  2399  2399 I olsrd   : detected duplicate packet with seqnr 0xddce from 10.1.1.10 on wlan0 (540 Bytes)
04-24 03:51:09.847  2399  2399 I olsrd   : detected duplicate packet with seqnr 0xddce from 10.1.1.10 on wlan0 (540 Bytes)
04-24 03:51:10.058  2399  2399 I olsrd   : detected duplicate packet with seqnr 0xddce from 10.1.1.10 on wlan0 (540 Bytes)
04-24 03:51:26.183  2399  2399 I olsrd   : detected duplicate packet with seqnr 0x79cf from 10.1.1.28 on wlan0 (316 Bytes)
04-24 03:51:26.183  2399  2399 I olsrd   : detected duplicate packet with seqnr 0x79cf from 10.1.1.28 on wlan0 (316 Bytes)
04-24 03:51:31.989  2399  2399 I olsrd   : detected duplicate packet with seqnr 0x43cb from 10.1.1.29 on wlan0 (1468 Bytes)
04-24 03:51:33.450  2399  2399 I olsrd   : detected duplicate packet with seqnr 0xddd8 from 10.1.1.10 on wlan0 (1296 Bytes)
04-24 03:51:33.450  2399  2399 I olsrd   : detected duplicate packet with seqnr 0xddd8 from 10.1.1.10 on wlan0 (1296 Bytes)
04-24 03:51:33.460  2399  2399 I olsrd   : detected duplicate packet with seqnr 0xddd8 from 10.1.1.10 on wlan0 (1296 Bytes)
04-24 03:51:33.761  2399  2399 I olsrd   : detected duplicate packet with seqnr 0x4cbd from 10.1.1.9 on wlan0 (1256 Bytes)
04-24 03:51:33.761  2399  2399 I olsrd   : detected duplicate packet with seqnr 0x4cbd from 10.1.1.9 on wlan0 (1256 Bytes)
04-24 03:51:35.012  2399  2399 I olsrd   : detected duplicate packet with seqnr 0xcade from 10.1.1.36 on wlan0 (1472 Bytes)
04-24 03:51:35.462  2399  2399 I olsrd   : detected duplicate packet with seqnr 0xcade from 10.1.1.36 on wlan0 (1472 Bytes)
04-24 03:51:35.963  2399  2399 I olsrd   : detected duplicate packet with seqnr 0x7fb1 from 10.1.1.34 on wlan0 (1064 Bytes)
04-24 03:51:37.765  4591  4591 D dalvikvm: Not late-enabling CheckJNI (already on)
04-24 03:51:37.775   807   830 I ActivityManager: Start proc edu.mit.ll.NletLog.android for service edu.mit.ll.NletLog.android/.LoggerService: pid=4591 uid=10056 gids={50056, 1015, 3003, 1028}
04-24 03:51:37.805  4591  4591 I dalvikvm: Turning on JNI app bug workarounds for target SDK version 12...
04-24 03:51:37.855  1419  1425 E MP-Decision: num online cores: 1 reqd : 2 available : 4 rq_depth:3.500000 hotplug_avg_load_dw: 26
04-24 03:51:37.855  1419  1425 E MP-Decision: UP cpu:1 core_idx:1 Nw:1.900000 Tw:140 total_time_up:146.000000
04-24 03:51:37.865  4591  4591 V LoggerService: Reading config file at /sdcard/llcbmen/startup_40/Logger.json
04-24 03:51:37.865  4591  4591 V LoggerService: Could not read config file!
04-24 03:51:37.875  4591  4591 V LoggerService: registering broadcast receiver...
04-24 03:51:37.885  4591  4591 V LoggerService: registered broadcast receiver
04-24 03:51:38.105  1419  1425 E MP-Decision: num online cores: 2 reqd : 1 available : 4 rq_depth:0.000000 hotplug_avg_load_dw: 17
04-24 03:51:38.105  1419  1425 E MP-Decision: DOWN cpu:1 core_idx:1 Ns:1.100000 Ts:190 total_time_down:48.000000
04-24 03:51:39.536  2399  2399 I olsrd   : detected duplicate packet with seqnr 0xaa88 from 10.1.1.27 on wlan0 (296 Bytes)
04-24 03:51:39.536  2399  2399 I olsrd   : detected duplicate packet with seqnr 0xaa88 from 10.1.1.27 on wlan0 (296 Bytes)
04-24 03:51:39.536  2399  2399 I olsrd   : detected duplicate packet with seqnr 0xaa88 from 10.1.1.27 on wlan0 (296 Bytes)
04-24 03:51:39.546  2399  2399 I olsrd   : detected duplicate packet with seqnr 0xaa88 from 10.1.1.27 on wlan0 (296 Bytes)
04-24 03:51:40.577  2399  2399 I olsrd   : detected duplicate packet with seqnr 0xdde2 from 10.1.1.10 on wlan0 (1000 Bytes)
04-24 03:51:45.542  2399  2399 I olsrd   : detected duplicate packet with seqnr 0x6560 from 10.1.1.37 on wlan0 (1448 Bytes)
04-24 03:51:45.542  2399  2399 I olsrd   : detected duplicate packet with seqnr 0x6560 from 10.1.1.37 on wlan0 (1448 Bytes)
04-24 03:51:47.854  2399  2399 I olsrd   : detected duplicate packet with seqnr 0x7fbe from 10.1.1.34 on wlan0 (956 Bytes)
04-24 03:51:48.004  2399  2399 I olsrd   : detected duplicate packet with seqnr 0x7fbe from 10.1.1.34 on wlan0 (956 Bytes)
04-24 03:51:48.014  2399  2399 I olsrd   : detected duplicate packet with seqnr 0x7fbe from 10.1.1.34 on wlan0 (956 Bytes)
04-24 03:51:48.025  2399  2399 I olsrd   : detected duplicate packet with seqnr 0x7fbe from 10.1.1.34 on wlan0 (956 Bytes)
04-24 03:51:48.115  2399  2399 I olsrd   : detected duplicate packet with seqnr 0x7fbf from 10.1.1.34 on wlan0 (1404 Bytes)
04-24 03:51:48.115  2399  2399 I olsrd   : detected duplicate packet with seqnr 0x7fbf from 10.1.1.34 on wlan0 (1404 Bytes)
04-24 03:51:52.319  2399  2399 I olsrd   : detected duplicate packet with seqnr 0xcae7 from 10.1.1.36 on wlan0 (1172 Bytes)
04-24 03:51:52.929  2399  2399 I olsrd   : detected duplicate packet with seqnr 0x4cbf from 10.1.1.9 on wlan0 (680 Bytes)
04-24 03:51:56.173  2399  2399 I olsrd   : detected duplicate packet with seqnr 0xddef from 10.1.1.10 on wlan0 (1144 Bytes)
04-24 03:51:56.223  2399  2399 I olsrd   : detected duplicate packet with seqnr 0xddef from 10.1.1.10 on wlan0 (1144 Bytes)
04-24 03:51:56.223  2399  2399 I olsrd   : detected duplicate packet with seqnr 0xddef from 10.1.1.10 on wlan0 (1144 Bytes)
04-24 03:51:57.954  2399  2399 I olsrd   : detected duplicate packet with seqnr 0x4de7 from 10.1.1.32 on wlan0 (984 Bytes)
04-24 03:51:57.954  2399  2399 I olsrd   : detected duplicate packet with seqnr 0x4de7 from 10.1.1.32 on wlan0 (984 Bytes)
04-24 03:51:59.106  2399  2399 I olsrd   : detected duplicate packet with seqnr 0xcfac from 10.1.1.25 on wlan0 (1380 Bytes)
04-24 03:52:00.317  2399  2399 I olsrd   : detected duplicate packet with seqnr 0xf8a from 10.1.1.12 on wlan0 (492 Bytes)
04-24 03:52:00.317  2399  2399 I olsrd   : detected duplicate packet with seqnr 0xf8a from 10.1.1.12 on wlan0 (492 Bytes)
04-24 03:52:00.317  2399  2399 I olsrd   : detected duplicate packet with seqnr 0xf8a from 10.1.1.12 on wlan0 (492 Bytes)
04-24 03:52:00.367  2399  2399 I olsrd   : detected duplicate packet with seqnr 0xf8a from 10.1.1.12 on wlan0 (492 Bytes)
04-24 03:52:00.517  2399  2399 I olsrd   : detected duplicate packet with seqnr 0xf8a from 10.1.1.12 on wlan0 (492 Bytes)
04-24 03:52:00.867  2399  2399 I olsrd   : detected duplicate packet with seqnr 0xaa95 from 10.1.1.27 on wlan0 (676 Bytes)
04-24 03:52:00.867  2399  2399 I olsrd   : detected duplicate packet with seqnr 0xaa95 from 10.1.1.27 on wlan0 (676 Bytes)
04-24 03:52:00.867  2399  2399 I olsrd   : detected duplicate packet with seqnr 0xaa95 from 10.1.1.27 on wlan0 (676 Bytes)
04-24 03:52:00.917  2399  2399 I olsrd   : detected duplicate packet with seqnr 0xaa95 from 10.1.1.27 on wlan0 (676 Bytes)
04-24 03:52:01.618  2399  2399 I olsrd   : detected duplicate packet with seqnr 0x9b from 10.1.1.6 on wlan0 (1016 Bytes)
04-24 03:52:03.670  2399  2399 I olsrd   : detected duplicate packet with seqnr 0xaa97 from 10.1.1.27 on wlan0 (500 Bytes)
04-24 03:52:04.581  2399  2399 I olsrd   : detected duplicate packet with seqnr 0xaa97 from 10.1.1.27 on wlan0 (500 Bytes)
04-24 03:52:05.182  2399  2399 I olsrd   : detected duplicate packet with seqnr 0xddfc from 10.1.1.10 on wlan0 (1244 Bytes)
04-24 03:52:05.232  2399  2399 I olsrd   : detected duplicate packet with seqnr 0xddfc from 10.1.1.10 on wlan0 (1244 Bytes)
04-24 03:52:05.232  2399  2399 I olsrd   : detected duplicate packet with seqnr 0xddfc from 10.1.1.10 on wlan0 (1244 Bytes)
04-24 03:52:05.232  2399  2399 I olsrd   : detected duplicate packet with seqnr 0xddfc from 10.1.1.10 on wlan0 (1244 Bytes)
04-24 03:52:07.194  2399  2399 I olsrd   : detected duplicate packet with seqnr 0x6574 from 10.1.1.37 on wlan0 (1284 Bytes)
04-24 03:52:07.204  2399  2399 I olsrd   : detected duplicate packet with seqnr 0x6574 from 10.1.1.37 on wlan0 (1284 Bytes)
04-24 03:52:08.595  2399  2399 I olsrd   : detected duplicate packet with seqnr 0x30a7 from 10.1.1.1 on wlan0 (1192 Bytes)
04-24 03:52:08.605  2399  2399 I olsrd   : detected duplicate packet with seqnr 0x30a7 from 10.1.1.1 on wlan0 (1192 Bytes)
04-24 03:52:08.605  2399  2399 I olsrd   : detected duplicate packet with seqnr 0x30a7 from 10.1.1.1 on wlan0 (1192 Bytes)
04-24 03:52:09.807  2399  2399 I olsrd   : detected duplicate packet with seqnr 0x4df2 from 10.1.1.32 on wlan0 (748 Bytes)
04-24 03:52:09.907  2399  2399 I olsrd   : detected duplicate packet with seqnr 0x4df2 from 10.1.1.32 on wlan0 (748 Bytes)
04-24 03:52:10.517  2399  2399 I olsrd   : detected duplicate packet with seqnr 0x4e89 from 10.1.1.4 on wlan0 (1188 Bytes)
04-24 03:52:12.309  2399  2399 I olsrd   : detected duplicate packet with seqnr 0x4e8a from 10.1.1.4 on wlan0 (1460 Bytes)
04-24 03:52:12.459  2399  2399 I olsrd   : detected duplicate packet with seqnr 0xde08 from 10.1.1.10 on wlan0 (1364 Bytes)
04-24 03:52:12.509  2399  2399 I olsrd   : detected duplicate packet with seqnr 0xde08 from 10.1.1.10 on wlan0 (1364 Bytes)
04-24 03:52:13.410  2399  2399 I olsrd   : detected duplicate packet with seqnr 0x6580 from 10.1.1.37 on wlan0 (1468 Bytes)
04-24 03:52:13.660  2399  2399 I olsrd   : detected duplicate packet with seqnr 0x6580 from 10.1.1.37 on wlan0 (1468 Bytes)
04-24 03:52:14.011  2399  2399 I olsrd   : detected duplicate packet with seqnr 0xa7 from 10.1.1.6 on wlan0 (1412 Bytes)
04-24 03:52:15.372  2399  2399 I olsrd   : detected duplicate packet with seqnr 0x65b8 from 10.1.1.24 on wlan0 (1032 Bytes)
04-24 03:52:16.674  2399  2399 I olsrd   : detected duplicate packet with seqnr 0x4cdc from 10.1.1.9 on wlan0 (1056 Bytes)
04-24 03:52:17.334  2399  2399 I olsrd   : detected duplicate packet with seqnr 0x4cea from 10.1.1.9 on wlan0 (1364 Bytes)
04-24 03:52:17.785  2399  2399 I olsrd   : detected duplicate packet with seqnr 0x658d from 10.1.1.37 on wlan0 (1196 Bytes)
04-24 03:52:18.435  2399  2399 I olsrd   : detected duplicate packet with seqnr 0x79fd from 10.1.1.28 on wlan0 (328 Bytes)
04-24 03:52:20.698  2399  2399 I olsrd   : detected duplicate packet with seqnr 0x659a from 10.1.1.37 on wlan0 (1444 Bytes)
04-24 03:52:20.958  2399  2399 I olsrd   : detected duplicate packet with seqnr 0x27cc from 10.1.1.16 on wlan0 (1420 Bytes)
04-24 03:52:23.420  2399  2399 I olsrd   : detected duplicate packet with seqnr 0x30ba from 10.1.1.1 on wlan0 (960 Bytes)
04-24 03:52:26.554  2399  2399 I olsrd   : detected duplicate packet with seqnr 0xde2a from 10.1.1.10 on wlan0 (1308 Bytes)
04-24 03:52:26.554  2399  2399 I olsrd   : detected duplicate packet with seqnr 0xde2a from 10.1.1.10 on wlan0 (1308 Bytes)
04-24 03:52:32.359  2399  2399 I olsrd   : detected duplicate packet with seqnr 0x30bd from 10.1.1.1 on wlan0 (1460 Bytes)
04-24 03:52:38.946  2399  2399 I olsrd   : detected duplicate packet with seqnr 0x66d1 from 10.1.1.15 on wlan0 (1452 Bytes)
04-24 03:52:39.587  2399  2399 I olsrd   : detected duplicate packet with seqnr 0x27f4 from 10.1.1.16 on wlan0 (1372 Bytes)
04-24 03:52:39.587  2399  2399 I olsrd   : detected duplicate packet with seqnr 0x27f4 from 10.1.1.16 on wlan0 (1372 Bytes)
04-24 03:52:39.687  2399  2399 I olsrd   : detected duplicate packet with seqnr 0x27f4 from 10.1.1.16 on wlan0 (1372 Bytes)
04-24 03:52:39.737  2399  2399 I olsrd   : detected duplicate packet with seqnr 0x30c5 from 10.1.1.1 on wlan0 (1396 Bytes)
04-24 03:52:39.737  2399  2399 I olsrd   : detected duplicate packet with seqnr 0x30c5 from 10.1.1.1 on wlan0 (1396 Bytes)
04-24 03:52:41.389  2399  2399 I olsrd   : detected duplicate packet with seqnr 0xbed3 from 10.1.1.23 on wlan0 (1364 Bytes)
04-24 03:52:52.059  2399  2399 I olsrd   : Removing interface wlan0
04-24 03:52:52.069  2399  2399 E olsrd   : OLSR: sendto IPv4 m
04-24 03:52:52.069   807   870 D Tethering: InitialState.processMessage what=4
04-24 03:52:52.069   807   870 D Tethering: Exception adding default nw to upstreamIfaceTypes: java.lang.NullPointerException
04-24 03:52:52.069   807   870 D Tethering: sendTetherStateChangedBroadcast 1, 0, 0
04-24 03:52:52.079   807  1088 D Tethering: Exception adding default nw to upstreamIfaceTypes: java.lang.NullPointerException
04-24 03:54:13.712  5909  5909 W libc    : void endpwent()(3) is not implemented on Android
04-24 03:54:13.712   251   251 I busybox : void endpwent()(3) is not implemented on Android
04-24 03:54:13.803  5911  5911 W libc    : void endpwent()(3) is not implemented on Android
04-24 03:54:13.993  1419  1425 E MP-Decision: num online cores: 1 reqd : 2 available : 4 rq_depth:2.300000 hotplug_avg_load_dw: 67
04-24 03:54:13.993  1419  1425 E MP-Decision: UP cpu:1 core_idx:1 Nw:1.900000 Tw:140 total_time_up:49.000000
