--------- beginning of /dev/log/main
04-24 04:16:29.310  1422  1432 E MP-Decision: num online cores: 2 reqd : 1 available : 4 rq_depth:0.000000 hotplug_avg_load_dw: 15
04-24 04:16:29.310  1422  1432 E MP-Decision: DOWN cpu:1 core_idx:1 Ns:1.100000 Ts:190 total_time_down:579.000000
04-24 04:16:32.343  8541  8541 D dalvikvm: Not late-enabling CheckJNI (already on)
--------- beginning of /dev/log/system
04-24 04:16:32.353   810   835 I ActivityManager: Start proc edu.mit.ll.cbmen.monitor for service edu.mit.ll.cbmen.monitor/.MonitorService: pid=8541 uid=10055 gids={50055, 1015, 3003, 1028}
04-24 04:16:32.423  8541  8541 I MonitorService: onCreate() MonitorService
04-24 04:16:32.433  8541  8541 D AndroidRuntime: Shutting down VM
04-24 04:16:32.433  8541  8541 W dalvikvm: threadid=1: thread exiting with uncaught exception (group=0x415967c0)
04-24 04:16:32.433  8541  8541 E AndroidRuntime: FATAL EXCEPTION: main
04-24 04:16:32.433  8541  8541 E AndroidRuntime: java.lang.RuntimeException: Unable to start service edu.mit.ll.cbmen.monitor.MonitorService@4181a418 with null: java.lang.NullPointerException
04-24 04:16:32.433  8541  8541 E AndroidRuntime: 	at android.app.ActivityThread.handleServiceArgs(ActivityThread.java:2849)
04-24 04:16:32.433  8541  8541 E AndroidRuntime: 	at android.app.ActivityThread.access$1900(ActivityThread.java:153)
04-24 04:16:32.433  8541  8541 E AndroidRuntime: 	at android.app.ActivityThread$H.handleMessage(ActivityThread.java:1366)
04-24 04:16:32.433  8541  8541 E AndroidRuntime: 	at android.os.Handler.dispatchMessage(Handler.java:99)
04-24 04:16:32.433  8541  8541 E AndroidRuntime: 	at android.os.Looper.loop(Looper.java:137)
04-24 04:16:32.433  8541  8541 E AndroidRuntime: 	at android.app.ActivityThread.main(ActivityThread.java:5289)
04-24 04:16:32.433  8541  8541 E AndroidRuntime: 	at java.lang.reflect.Method.invokeNative(Native Method)
04-24 04:16:32.433  8541  8541 E AndroidRuntime: 	at java.lang.reflect.Method.invoke(Method.java:525)
04-24 04:16:32.433  8541  8541 E AndroidRuntime: 	at com.android.internal.os.ZygoteInit$MethodAndArgsCaller.run(ZygoteInit.java:739)
04-24 04:16:32.433  8541  8541 E AndroidRuntime: 	at com.android.internal.os.ZygoteInit.main(ZygoteInit.java:555)
04-24 04:16:32.433  8541  8541 E AndroidRuntime: 	at dalvik.system.NativeStart.main(Native Method)
04-24 04:16:32.433  8541  8541 E AndroidRuntime: Caused by: java.lang.NullPointerException
04-24 04:16:32.433  8541  8541 E AndroidRuntime: 	at edu.mit.ll.cbmen.monitor.MonitorService.onStartCommand(MonitorService.java:773)
04-24 04:16:32.433  8541  8541 E AndroidRuntime: 	at android.app.ActivityThread.handleServiceArgs(ActivityThread.java:2832)
04-24 04:16:32.433  8541  8541 E AndroidRuntime: 	... 10 more
04-24 04:16:32.443  8541  8541 I Process : Sending signal. PID: 8541 SIG: 9
04-24 04:16:32.453   810  1181 I ActivityManager: Process edu.mit.ll.cbmen.monitor (pid 8541) has died.
04-24 04:16:32.453   810  1181 W ActivityManager: Scheduling restart of crashed service edu.mit.ll.cbmen.monitor/.MonitorService in 20000ms
04-24 04:16:52.472  8555  8555 D dalvikvm: Not late-enabling CheckJNI (already on)
04-24 04:16:52.492   810   835 I ActivityManager: Start proc edu.mit.ll.cbmen.monitor for service edu.mit.ll.cbmen.monitor/.MonitorService: pid=8555 uid=10055 gids={50055, 1015, 3003, 1028}
04-24 04:16:52.552  8555  8555 I MonitorService: onCreate() MonitorService
04-24 04:16:52.552  8555  8555 D AndroidRuntime: Shutting down VM
04-24 04:16:52.552  8555  8555 W dalvikvm: threadid=1: thread exiting with uncaught exception (group=0x415967c0)
04-24 04:16:52.552  8555  8555 E AndroidRuntime: FATAL EXCEPTION: main
04-24 04:16:52.552  8555  8555 E AndroidRuntime: java.lang.RuntimeException: Unable to start service edu.mit.ll.cbmen.monitor.MonitorService@4181b320 with null: java.lang.NullPointerException
04-24 04:16:52.552  8555  8555 E AndroidRuntime: 	at android.app.ActivityThread.handleServiceArgs(ActivityThread.java:2849)
04-24 04:16:52.552  8555  8555 E AndroidRuntime: 	at android.app.ActivityThread.access$1900(ActivityThread.java:153)
04-24 04:16:52.552  8555  8555 E AndroidRuntime: 	at android.app.ActivityThread$H.handleMessage(ActivityThread.java:1366)
04-24 04:16:52.552  8555  8555 E AndroidRuntime: 	at android.os.Handler.dispatchMessage(Handler.java:99)
04-24 04:16:52.552  8555  8555 E AndroidRuntime: 	at android.os.Looper.loop(Looper.java:137)
04-24 04:16:52.552  8555  8555 E AndroidRuntime: 	at android.app.ActivityThread.main(ActivityThread.java:5289)
04-24 04:16:52.552  8555  8555 E AndroidRuntime: 	at java.lang.reflect.Method.invokeNative(Native Method)
04-24 04:16:52.552  8555  8555 E AndroidRuntime: 	at java.lang.reflect.Method.invoke(Method.java:525)
04-24 04:16:52.552  8555  8555 E AndroidRuntime: 	at com.android.internal.os.ZygoteInit$MethodAndArgsCaller.run(ZygoteInit.java:739)
04-24 04:16:52.552  8555  8555 E AndroidRuntime: 	at com.android.internal.os.ZygoteInit.main(ZygoteInit.java:555)
04-24 04:16:52.552  8555  8555 E AndroidRuntime: 	at dalvik.system.NativeStart.main(Native Method)
04-24 04:16:52.552  8555  8555 E AndroidRuntime: Caused by: java.lang.NullPointerException
04-24 04:16:52.552  8555  8555 E AndroidRuntime: 	at edu.mit.ll.cbmen.monitor.MonitorService.onStartCommand(MonitorService.java:773)
04-24 04:16:52.552  8555  8555 E AndroidRuntime: 	at android.app.ActivityThread.handleServiceArgs(ActivityThread.java:2832)
04-24 04:16:52.552  8555  8555 E AndroidRuntime: 	... 10 more
04-24 04:16:52.562  8555  8555 I Process : Sending signal. PID: 8555 SIG: 9
04-24 04:16:52.572  1422  1432 E MP-Decision: num online cores: 1 reqd : 2 available : 4 rq_depth:3.100000 hotplug_avg_load_dw: 27
04-24 04:16:52.572  1422  1432 E MP-Decision: UP cpu:1 core_idx:1 Nw:1.900000 Tw:140 total_time_up:146.000000
04-24 04:16:52.572   810  1191 I ActivityManager: Process edu.mit.ll.cbmen.monitor (pid 8555) has died.
04-24 04:16:52.572   810  1191 W ActivityManager: Service crashed 2 times, stopping: ServiceRecord{41e38aa0 u0 edu.mit.ll.cbmen.monitor/.MonitorService}
04-24 04:16:52.703  1422  1432 E MP-Decision: num online cores: 2 reqd : 1 available : 4 rq_depth:0.000000 hotplug_avg_load_dw: 10
04-24 04:16:52.703  1422  1432 E MP-Decision: DOWN cpu:1 core_idx:1 Ns:1.100000 Ts:190 total_time_down:127.000000
04-24 04:21:15.517   810   835 W BroadcastQueue: Timeout of broadcast BroadcastRecord{41bc7170 u0 com.android.server.action.NETWORK_STATS_POLL} - receiver=android.app.LoadedApk$ReceiverDispatcher$InnerReceiver@418a02b8, started 60009ms ago
04-24 04:21:15.517   810   835 W BroadcastQueue: Receiver during timeout: BroadcastFilter{41bc7e90 u0 ReceiverList{4180bce8 810 system/1000/u0 local:418a02b8}}
04-24 04:22:47.115  8745  8745 I olsrd   : Writing '1' (was 1) to /proc/sys/net/ipv4/ip_forward
04-24 04:22:47.115  8745  8745 I olsrd   : Writing '0' (was 1) to /proc/sys/net/ipv4/conf/all/send_redirects
04-24 04:22:47.115  8745  8745 I olsrd   : Writing '0' (was 0) to /proc/sys/net/ipv4/conf/all/rp_filter
04-24 04:22:47.115  8745  8745 I olsrd   : Writing '0' (was 0) to /proc/sys/net/ipv4/conf/wlan0/send_redirects
04-24 04:22:47.115  8745  8745 I olsrd   : Writing '0' (was 0) to /proc/sys/net/ipv4/conf/wlan0/rp_filter
04-24 04:22:47.115  8745  8745 I olsrd   : Adding interface wlan0
04-24 04:22:47.115  8745  8745 I olsrd   : New main address: 10.1.1.12
04-24 04:22:47.125  8746  8746 I olsrd   : olsr.org -  0.6.6.2-n -git_0000000 -n -hash_ 7985605520f3cae9b305d56e83b35d9c successfully started
04-24 04:24:25.861  1422  1432 E MP-Decision: num online cores: 1 reqd : 2 available : 4 rq_depth:1.900000 hotplug_avg_load_dw: 26
04-24 04:24:25.861  1422  1432 E MP-Decision: UP cpu:1 core_idx:1 Nw:1.900000 Tw:140 total_time_up:145.000000
04-24 04:24:26.011  1422  1432 E MP-Decision: num online cores: 2 reqd : 1 available : 4 rq_depth:0.300000 hotplug_avg_load_dw: 18
04-24 04:24:26.011  1422  1432 E MP-Decision: DOWN cpu:1 core_idx:1 Ns:1.100000 Ts:190 total_time_down:135.000000
04-24 04:24:30.926  8746  8746 I olsrd   : detected duplicate packet with seqnr 0x8b6a from 10.1.1.10 on wlan0 (172 Bytes)
04-24 04:24:36.231  8746  8746 I olsrd   : detected duplicate packet with seqnr 0x9b52 from 10.1.1.2 on wlan0 (1108 Bytes)
04-24 04:24:42.667  1422  1432 E MP-Decision: num online cores: 1 reqd : 2 available : 4 rq_depth:1.900000 hotplug_avg_load_dw: 37
04-24 04:24:42.667  1422  1432 E MP-Decision: UP cpu:1 core_idx:1 Nw:1.900000 Tw:140 total_time_up:146.000000
04-24 04:24:43.017  1422  1432 E MP-Decision: num online cores: 2 reqd : 1 available : 4 rq_depth:0.100000 hotplug_avg_load_dw: 17
04-24 04:24:43.017  1422  1432 E MP-Decision: DOWN cpu:1 core_idx:1 Ns:1.100000 Ts:190 total_time_down:186.000000
04-24 04:25:00.114  1422  1432 E MP-Decision: num online cores: 1 reqd : 2 available : 4 rq_depth:1.900000 hotplug_avg_load_dw: 34
04-24 04:25:00.114  1422  1432 E MP-Decision: UP cpu:1 core_idx:1 Nw:1.900000 Tw:140 total_time_up:147.000000
04-24 04:25:00.665  1422  1432 E MP-Decision: num online cores: 2 reqd : 1 available : 4 rq_depth:1.300000 hotplug_avg_load_dw: 18
04-24 04:25:00.665  1422  1432 E MP-Decision: DOWN cpu:1 core_idx:1 Ns:1.100000 Ts:190 total_time_down:0.000000
04-24 04:25:01.615  1422  1432 E MP-Decision: num online cores: 1 reqd : 2 available : 4 rq_depth:2.300000 hotplug_avg_load_dw: 30
04-24 04:25:01.615  1422  1432 E MP-Decision: UP cpu:1 core_idx:1 Nw:1.900000 Tw:140 total_time_up:191.000000
04-24 04:25:01.866  1422  1432 E MP-Decision: num online cores: 2 reqd : 1 available : 4 rq_depth:0.500000 hotplug_avg_load_dw: 29
04-24 04:25:01.866  1422  1432 E MP-Decision: DOWN cpu:1 core_idx:1 Ns:1.100000 Ts:190 total_time_down:227.000000
04-24 04:25:37.800  8746  8746 I olsrd   : detected duplicate packet with seqnr 0x8b90 from 10.1.1.10 on wlan0 (452 Bytes)
04-24 04:26:02.004  8746  8746 I olsrd   : detected duplicate packet with seqnr 0x5ffb from 10.1.1.4 on wlan0 (736 Bytes)
04-24 04:26:02.104  8746  8746 I olsrd   : detected duplicate packet with seqnr 0xdf7 from 10.1.1.15 on wlan0 (264 Bytes)
04-24 04:26:02.104  8746  8746 I olsrd   : detected duplicate packet with seqnr 0xdf7 from 10.1.1.15 on wlan0 (264 Bytes)
04-24 04:27:05.035   810   835 W ProcessStats: Skipping unknown process pid 10392
04-24 04:27:08.888  8746  8746 I olsrd   : detected duplicate packet with seqnr 0x9ba7 from 10.1.1.2 on wlan0 (280 Bytes)
04-24 04:27:15.245  8746  8746 I olsrd   : detected duplicate packet with seqnr 0xe1c from 10.1.1.15 on wlan0 (172 Bytes)
04-24 04:27:15.245  8746  8746 I olsrd   : detected duplicate packet with seqnr 0xe1c from 10.1.1.15 on wlan0 (172 Bytes)
04-24 04:27:32.131  8746  8746 I olsrd   : detected duplicate packet with seqnr 0xa4b from 10.1.1.16 on wlan0 (168 Bytes)
04-24 04:27:48.477  8746  8746 I olsrd   : detected duplicate packet with seqnr 0xe23 from 10.1.1.15 on wlan0 (248 Bytes)
04-24 04:27:48.477  8746  8746 I olsrd   : detected duplicate packet with seqnr 0xe23 from 10.1.1.15 on wlan0 (248 Bytes)
04-24 04:27:48.477  8746  8746 I olsrd   : detected duplicate packet with seqnr 0xe23 from 10.1.1.15 on wlan0 (248 Bytes)
04-24 04:27:49.588  8746  8746 I olsrd   : detected duplicate packet with seqnr 0xe27 from 10.1.1.15 on wlan0 (304 Bytes)
04-24 04:27:49.588  8746  8746 I olsrd   : detected duplicate packet with seqnr 0xe27 from 10.1.1.15 on wlan0 (304 Bytes)
04-24 04:27:49.628  8746  8746 I olsrd   : detected duplicate packet with seqnr 0xe27 from 10.1.1.15 on wlan0 (304 Bytes)
04-24 04:27:49.638  8746  8746 I olsrd   : detected duplicate packet with seqnr 0xe27 from 10.1.1.15 on wlan0 (304 Bytes)
04-24 04:27:49.638  8746  8746 I olsrd   : detected duplicate packet with seqnr 0xe27 from 10.1.1.15 on wlan0 (304 Bytes)
04-24 04:27:56.094  8746  8746 I olsrd   : detected duplicate packet with seqnr 0xe6d1 from 10.1.1.9 on wlan0 (692 Bytes)
04-24 04:27:56.094  8746  8746 I olsrd   : detected duplicate packet with seqnr 0xe6d1 from 10.1.1.9 on wlan0 (692 Bytes)
04-24 04:27:56.094  8746  8746 I olsrd   : detected duplicate packet with seqnr 0xa5f from 10.1.1.16 on wlan0 (1412 Bytes)
04-24 04:27:56.144  8746  8746 I olsrd   : detected duplicate packet with seqnr 0xa5f from 10.1.1.16 on wlan0 (1412 Bytes)
04-24 04:27:56.144  8746  8746 I olsrd   : detected duplicate packet with seqnr 0xa5f from 10.1.1.16 on wlan0 (1412 Bytes)
04-24 04:27:58.116  8746  8746 I olsrd   : detected duplicate packet with seqnr 0x8be6 from 10.1.1.10 on wlan0 (1324 Bytes)
04-24 04:28:27.064  8746  8746 I olsrd   : Removing interface wlan0
04-24 04:28:27.064   810   869 D Tethering: InitialState.processMessage what=4
04-24 04:28:27.064   810   869 D Tethering: Exception adding default nw to upstreamIfaceTypes: java.lang.NullPointerException
04-24 04:28:27.074   810   869 D Tethering: sendTetherStateChangedBroadcast 1, 0, 0
04-24 04:28:27.084   810  1145 D Tethering: Exception adding default nw to upstreamIfaceTypes: java.lang.NullPointerException
04-24 04:29:59.994   810   835 I ActivityManager: No longer want com.cyanogenmod.lockclock (pid 1637): empty for 3237s
04-24 04:30:07.631   810   817 I dalvikvm: Jit: resizing JitTable from 8192 to 16384
04-24 04:33:17.865 12727 12727 W libc    : void endpwent()(3) is not implemented on Android
04-24 04:33:17.865   251   251 I busybox : void endpwent()(3) is not implemented on Android
04-24 04:33:17.955 12729 12729 W libc    : void endpwent()(3) is not implemented on Android
04-24 04:33:18.145  1422  1432 E MP-Decision: num online cores: 1 reqd : 2 available : 4 rq_depth:1.000000 hotplug_avg_load_dw: 60
04-24 04:33:18.145  1422  1432 E MP-Decision: UP cpu:1 core_idx:1 Nw:1.900000 Tw:140 total_time_up:0.000000
