--------- beginning of /dev/log/main
04-24 10:46:41.502  1423  1435 E MP-Decision: num online cores: 2 reqd : 1 available : 4 rq_depth:0.000000 hotplug_avg_load_dw: 17
04-24 10:46:41.502  1423  1435 E MP-Decision: DOWN cpu:1 core_idx:1 Ns:1.100000 Ts:190 total_time_down:616.000000
04-24 10:46:44.374  2353  2353 D dalvikvm: Not late-enabling CheckJNI (already on)
--------- beginning of /dev/log/system
04-24 10:46:44.394   806   826 I ActivityManager: Start proc edu.mit.ll.cbmen.monitor for service edu.mit.ll.cbmen.monitor/.MonitorService: pid=2353 uid=10055 gids={50055, 1015, 3003, 1028}
04-24 10:46:44.464  2353  2353 I MonitorService: onCreate() MonitorService
04-24 10:46:44.474  2353  2353 D AndroidRuntime: Shutting down VM
04-24 10:46:44.474  2353  2353 W dalvikvm: threadid=1: thread exiting with uncaught exception (group=0x415337c0)
04-24 10:46:44.474  2353  2353 I Process : Sending signal. PID: 2353 SIG: 9
04-24 10:46:44.474  2353  2353 E AndroidRuntime: FATAL EXCEPTION: main
04-24 10:46:44.474  2353  2353 E AndroidRuntime: java.lang.RuntimeException: Unable to start service edu.mit.ll.cbmen.monitor.MonitorService@417b1958 with null: java.lang.NullPointerException
04-24 10:46:44.474  2353  2353 E AndroidRuntime: 	at android.app.ActivityThread.handleServiceArgs(ActivityThread.java:2849)
04-24 10:46:44.474  2353  2353 E AndroidRuntime: 	at android.app.ActivityThread.access$1900(ActivityThread.java:153)
04-24 10:46:44.474  2353  2353 E AndroidRuntime: 	at android.app.ActivityThread$H.handleMessage(ActivityThread.java:1366)
04-24 10:46:44.474  2353  2353 E AndroidRuntime: 	at android.os.Handler.dispatchMessage(Handler.java:99)
04-24 10:46:44.474  2353  2353 E AndroidRuntime: 	at android.os.Looper.loop(Looper.java:137)
04-24 10:46:44.474  2353  2353 E AndroidRuntime: 	at android.app.ActivityThread.main(ActivityThread.java:5289)
04-24 10:46:44.474  2353  2353 E AndroidRuntime: 	at java.lang.reflect.Method.invokeNative(Native Method)
04-24 10:46:44.474  2353  2353 E AndroidRuntime: 	at java.lang.reflect.Method.invoke(Method.java:525)
04-24 10:46:44.474  2353  2353 E AndroidRuntime: 	at com.android.internal.os.ZygoteInit$MethodAndArgsCaller.run(ZygoteInit.java:739)
04-24 10:46:44.474  2353  2353 E AndroidRuntime: 	at com.android.internal.os.ZygoteInit.main(ZygoteInit.java:555)
04-24 10:46:44.474  2353  2353 E AndroidRuntime: 	at dalvik.system.NativeStart.main(Native Method)
04-24 10:46:44.474  2353  2353 E AndroidRuntime: Caused by: java.lang.NullPointerException
04-24 10:46:44.474  2353  2353 E AndroidRuntime: 	at edu.mit.ll.cbmen.monitor.MonitorService.onStartCommand(MonitorService.java:773)
04-24 10:46:44.474  2353  2353 E AndroidRuntime: 	at android.app.ActivityThread.handleServiceArgs(ActivityThread.java:2832)
04-24 10:46:44.474  2353  2353 E AndroidRuntime: 	... 10 more
04-24 10:46:44.484   806  1186 I ActivityManager: Process edu.mit.ll.cbmen.monitor (pid 2353) has died.
04-24 10:46:44.484   806  1186 W ActivityManager: Scheduling restart of crashed service edu.mit.ll.cbmen.monitor/.MonitorService in 20000ms
04-24 10:46:44.494  1423  1435 E MP-Decision: num online cores: 1 reqd : 2 available : 4 rq_depth:2.500000 hotplug_avg_load_dw: 25
04-24 10:46:44.494  1423  1435 E MP-Decision: UP cpu:1 core_idx:1 Nw:1.900000 Tw:140 total_time_up:143.000000
04-24 10:46:44.604  1423  1435 E MP-Decision: num online cores: 2 reqd : 1 available : 4 rq_depth:0.000000 hotplug_avg_load_dw: 9
04-24 10:46:44.604  1423  1435 E MP-Decision: DOWN cpu:1 core_idx:1 Ns:1.100000 Ts:190 total_time_down:106.000000
04-24 10:47:04.523  2480  2480 D dalvikvm: Not late-enabling CheckJNI (already on)
04-24 10:47:04.543   806   826 I ActivityManager: Start proc edu.mit.ll.cbmen.monitor for service edu.mit.ll.cbmen.monitor/.MonitorService: pid=2480 uid=10055 gids={50055, 1015, 3003, 1028}
04-24 10:47:04.633  2480  2480 I MonitorService: onCreate() MonitorService
04-24 10:47:04.633  2480  2480 D AndroidRuntime: Shutting down VM
04-24 10:47:04.643  1423  1435 E MP-Decision: num online cores: 1 reqd : 2 available : 4 rq_depth:3.000000 hotplug_avg_load_dw: 34
04-24 10:47:04.643  1423  1435 E MP-Decision: UP cpu:1 core_idx:1 Nw:1.900000 Tw:140 total_time_up:145.000000
04-24 10:47:04.643  2480  2480 W dalvikvm: threadid=1: thread exiting with uncaught exception (group=0x415337c0)
04-24 10:47:04.643  2480  2480 E AndroidRuntime: FATAL EXCEPTION: main
04-24 10:47:04.643  2480  2480 E AndroidRuntime: java.lang.RuntimeException: Unable to start service edu.mit.ll.cbmen.monitor.MonitorService@417b28f8 with null: java.lang.NullPointerException
04-24 10:47:04.643  2480  2480 E AndroidRuntime: 	at android.app.ActivityThread.handleServiceArgs(ActivityThread.java:2849)
04-24 10:47:04.643  2480  2480 E AndroidRuntime: 	at android.app.ActivityThread.access$1900(ActivityThread.java:153)
04-24 10:47:04.643  2480  2480 E AndroidRuntime: 	at android.app.ActivityThread$H.handleMessage(ActivityThread.java:1366)
04-24 10:47:04.643  2480  2480 E AndroidRuntime: 	at android.os.Handler.dispatchMessage(Handler.java:99)
04-24 10:47:04.643  2480  2480 E AndroidRuntime: 	at android.os.Looper.loop(Looper.java:137)
04-24 10:47:04.643  2480  2480 E AndroidRuntime: 	at android.app.ActivityThread.main(ActivityThread.java:5289)
04-24 10:47:04.643  2480  2480 E AndroidRuntime: 	at java.lang.reflect.Method.invokeNative(Native Method)
04-24 10:47:04.643  2480  2480 E AndroidRuntime: 	at java.lang.reflect.Method.invoke(Method.java:525)
04-24 10:47:04.643  2480  2480 E AndroidRuntime: 	at com.android.internal.os.ZygoteInit$MethodAndArgsCaller.run(ZygoteInit.java:739)
04-24 10:47:04.643  2480  2480 E AndroidRuntime: 	at com.android.internal.os.ZygoteInit.main(ZygoteInit.java:555)
04-24 10:47:04.643  2480  2480 E AndroidRuntime: 	at dalvik.system.NativeStart.main(Native Method)
04-24 10:47:04.643  2480  2480 E AndroidRuntime: Caused by: java.lang.NullPointerException
04-24 10:47:04.643  2480  2480 E AndroidRuntime: 	at edu.mit.ll.cbmen.monitor.MonitorService.onStartCommand(MonitorService.java:773)
04-24 10:47:04.643  2480  2480 E AndroidRuntime: 	at android.app.ActivityThread.handleServiceArgs(ActivityThread.java:2832)
04-24 10:47:04.643  2480  2480 E AndroidRuntime: 	... 10 more
04-24 10:47:04.653  2480  2480 I Process : Sending signal. PID: 2480 SIG: 9
04-24 10:47:04.663   806  1132 I ActivityManager: Process edu.mit.ll.cbmen.monitor (pid 2480) has died.
04-24 10:47:04.663   806  1132 W ActivityManager: Service crashed 2 times, stopping: ServiceRecord{41bbb858 u0 edu.mit.ll.cbmen.monitor/.MonitorService}
04-24 10:47:04.864  1423  1435 E MP-Decision: num online cores: 2 reqd : 1 available : 4 rq_depth:0.000000 hotplug_avg_load_dw: 21
04-24 10:47:04.864  1423  1435 E MP-Decision: DOWN cpu:1 core_idx:1 Ns:1.100000 Ts:190 total_time_down:216.000000
04-24 10:47:12.141  2564  2564 I olsrd   : Writing '1' (was 1) to /proc/sys/net/ipv4/ip_forward
04-24 10:47:12.141  2564  2564 I olsrd   : Writing '0' (was 1) to /proc/sys/net/ipv4/conf/all/send_redirects
04-24 10:47:12.141  2564  2564 I olsrd   : Writing '0' (was 0) to /proc/sys/net/ipv4/conf/all/rp_filter
04-24 10:47:12.141  2564  2564 I olsrd   : Writing '0' (was 1) to /proc/sys/net/ipv4/conf/wlan0/send_redirects
04-24 10:47:12.141  2564  2564 I olsrd   : Writing '0' (was 0) to /proc/sys/net/ipv4/conf/wlan0/rp_filter
04-24 10:47:12.141  2564  2564 I olsrd   : Adding interface wlan0
04-24 10:47:12.141  2564  2564 I olsrd   : New main address: 10.1.1.2
04-24 10:47:12.161  2569  2569 I olsrd   : olsr.org -  0.6.6.2-n -git_0000000 -n -hash_ 7985605520f3cae9b305d56e83b35d9c successfully started
04-24 10:48:13.317  1423  1435 E MP-Decision: num online cores: 1 reqd : 2 available : 4 rq_depth:3.300000 hotplug_avg_load_dw: 24
04-24 10:48:13.317  1423  1435 E MP-Decision: UP cpu:1 core_idx:1 Nw:1.900000 Tw:140 total_time_up:144.000000
04-24 10:48:13.618  1423  1435 E MP-Decision: num online cores: 2 reqd : 1 available : 4 rq_depth:0.100000 hotplug_avg_load_dw: 18
04-24 10:48:13.618  1423  1435 E MP-Decision: DOWN cpu:1 core_idx:1 Ns:1.100000 Ts:190 total_time_down:193.000000
04-24 10:48:41.093  2569  2569 I olsrd   : detected duplicate packet with seqnr 0x64d0 from 10.1.1.37 on wlan0 (672 Bytes)
04-24 10:48:41.093  2569  2569 I olsrd   : detected duplicate packet with seqnr 0x64d0 from 10.1.1.37 on wlan0 (672 Bytes)
04-24 10:48:41.143  2569  2569 I olsrd   : detected duplicate packet with seqnr 0x64d0 from 10.1.1.37 on wlan0 (672 Bytes)
04-24 10:48:41.143  2569  2569 I olsrd   : detected duplicate packet with seqnr 0x64d0 from 10.1.1.37 on wlan0 (672 Bytes)
04-24 10:48:41.143  2569  2569 I olsrd   : detected duplicate packet with seqnr 0x64d0 from 10.1.1.37 on wlan0 (672 Bytes)
04-24 10:48:41.243  2569  2569 I olsrd   : detected duplicate packet with seqnr 0x64d0 from 10.1.1.37 on wlan0 (672 Bytes)
04-24 10:48:54.345  2569  2569 I olsrd   : detected duplicate packet with seqnr 0x4c4a from 10.1.1.9 on wlan0 (992 Bytes)
04-24 10:48:54.345  2569  2569 I olsrd   : detected duplicate packet with seqnr 0x4c4a from 10.1.1.9 on wlan0 (992 Bytes)
04-24 10:48:54.345  2569  2569 I olsrd   : detected duplicate packet with seqnr 0x4c4a from 10.1.1.9 on wlan0 (992 Bytes)
04-24 10:48:54.355  2569  2569 I olsrd   : detected duplicate packet with seqnr 0x4c4a from 10.1.1.9 on wlan0 (992 Bytes)
04-24 10:49:40.849  2569  2569 I olsrd   : detected duplicate packet with seqnr 0x26 from 10.1.1.6 on wlan0 (860 Bytes)
04-24 10:49:42.100  2569  2569 I olsrd   : detected duplicate packet with seqnr 0x26 from 10.1.1.6 on wlan0 (860 Bytes)
04-24 10:49:46.054  2569  2569 I olsrd   : detected duplicate packet with seqnr 0xf25 from 10.1.1.12 on wlan0 (1404 Bytes)
04-24 10:49:48.476  2569  2569 I olsrd   : detected duplicate packet with seqnr 0x3027 from 10.1.1.1 on wlan0 (1340 Bytes)
04-24 10:49:48.476  2569  2569 I olsrd   : detected duplicate packet with seqnr 0x3027 from 10.1.1.1 on wlan0 (1340 Bytes)
04-24 10:49:48.476  2569  2569 I olsrd   : detected duplicate packet with seqnr 0x3027 from 10.1.1.1 on wlan0 (1340 Bytes)
04-24 10:49:48.476  2569  2569 I olsrd   : detected duplicate packet with seqnr 0x3027 from 10.1.1.1 on wlan0 (1340 Bytes)
04-24 10:49:48.616  2569  2569 I olsrd   : detected duplicate packet with seqnr 0x3027 from 10.1.1.1 on wlan0 (1340 Bytes)
04-24 10:50:03.601  2569  2569 I olsrd   : detected duplicate packet with seqnr 0x6564 from 10.1.1.24 on wlan0 (1080 Bytes)
04-24 10:50:39.094  2569  2569 I olsrd   : detected duplicate packet with seqnr 0x43b4 from 10.1.1.29 on wlan0 (1456 Bytes)
04-24 10:50:39.104  2569  2569 I olsrd   : detected duplicate packet with seqnr 0x43b4 from 10.1.1.29 on wlan0 (1456 Bytes)
04-24 10:50:40.756  2569  2569 I olsrd   : detected duplicate packet with seqnr 0x8abc from 10.1.1.22 on wlan0 (536 Bytes)
04-24 10:50:45.841  2569  2569 I olsrd   : detected duplicate packet with seqnr 0xcf76 from 10.1.1.25 on wlan0 (1380 Bytes)
04-24 10:50:45.841  2569  2569 I olsrd   : detected duplicate packet with seqnr 0xcf76 from 10.1.1.25 on wlan0 (1380 Bytes)
04-24 10:50:48.313  2569  2569 I olsrd   : detected duplicate packet with seqnr 0x5a from 10.1.1.6 on wlan0 (984 Bytes)
04-24 10:50:48.323  2569  2569 I olsrd   : detected duplicate packet with seqnr 0x5a from 10.1.1.6 on wlan0 (984 Bytes)
04-24 10:50:48.323  2569  2569 I olsrd   : detected duplicate packet with seqnr 0x5a from 10.1.1.6 on wlan0 (984 Bytes)
04-24 10:50:48.323  2569  2569 I olsrd   : detected duplicate packet with seqnr 0x5a from 10.1.1.6 on wlan0 (984 Bytes)
04-24 10:50:48.323  2569  2569 I olsrd   : detected duplicate packet with seqnr 0x5a from 10.1.1.6 on wlan0 (984 Bytes)
04-24 10:50:48.333  2569  2569 I olsrd   : detected duplicate packet with seqnr 0x5a from 10.1.1.6 on wlan0 (984 Bytes)
04-24 10:50:48.333  2569  2569 I olsrd   : detected duplicate packet with seqnr 0x5a from 10.1.1.6 on wlan0 (984 Bytes)
04-24 10:50:48.333  2569  2569 I olsrd   : detected duplicate packet with seqnr 0x5a from 10.1.1.6 on wlan0 (984 Bytes)
04-24 10:50:48.333  2569  2569 I olsrd   : detected duplicate packet with seqnr 0x5a from 10.1.1.6 on wlan0 (984 Bytes)
04-24 10:50:48.333  2569  2569 I olsrd   : detected duplicate packet with seqnr 0x5a from 10.1.1.6 on wlan0 (984 Bytes)
04-24 10:50:48.333  2569  2569 I olsrd   : detected duplicate packet with seqnr 0x5a from 10.1.1.6 on wlan0 (984 Bytes)
04-24 10:50:48.333  2569  2569 I olsrd   : detected duplicate packet with seqnr 0x5a from 10.1.1.6 on wlan0 (984 Bytes)
04-24 10:50:48.333  2569  2569 I olsrd   : detected duplicate packet with seqnr 0x5a from 10.1.1.6 on wlan0 (984 Bytes)
04-24 10:50:56.041  2569  2569 I olsrd   : detected duplicate packet with seqnr 0x6680 from 10.1.1.15 on wlan0 (364 Bytes)
04-24 10:50:56.041  2569  2569 I olsrd   : detected duplicate packet with seqnr 0x6680 from 10.1.1.15 on wlan0 (364 Bytes)
04-24 10:50:56.041  2569  2569 I olsrd   : detected duplicate packet with seqnr 0x6680 from 10.1.1.15 on wlan0 (364 Bytes)
04-24 10:50:56.241  2569  2569 I olsrd   : detected duplicate packet with seqnr 0xcf7d from 10.1.1.25 on wlan0 (980 Bytes)
04-24 10:50:56.251  2569  2569 I olsrd   : detected duplicate packet with seqnr 0xcf7d from 10.1.1.25 on wlan0 (980 Bytes)
04-24 10:50:56.251  2569  2569 I olsrd   : detected duplicate packet with seqnr 0xcf7d from 10.1.1.25 on wlan0 (980 Bytes)
04-24 10:50:56.251  2569  2569 I olsrd   : detected duplicate packet with seqnr 0xcf7d from 10.1.1.25 on wlan0 (980 Bytes)
04-24 10:50:57.863  2569  2569 I olsrd   : detected duplicate packet with seqnr 0xddc1 from 10.1.1.10 on wlan0 (1460 Bytes)
04-24 10:51:03.919  2569  2569 I olsrd   : detected duplicate packet with seqnr 0xddc6 from 10.1.1.10 on wlan0 (1276 Bytes)
04-24 10:51:03.929  2569  2569 I olsrd   : detected duplicate packet with seqnr 0xddc6 from 10.1.1.10 on wlan0 (1276 Bytes)
04-24 10:51:03.929  2569  2569 I olsrd   : detected duplicate packet with seqnr 0xddc6 from 10.1.1.10 on wlan0 (1276 Bytes)
04-24 10:51:08.093  2569  2569 I olsrd   : detected duplicate packet with seqnr 0x4dcb from 10.1.1.32 on wlan0 (516 Bytes)
04-24 10:51:10.895  2569  2569 I olsrd   : detected duplicate packet with seqnr 0xddce from 10.1.1.10 on wlan0 (540 Bytes)
04-24 10:51:10.905  2569  2569 I olsrd   : detected duplicate packet with seqnr 0xddce from 10.1.1.10 on wlan0 (540 Bytes)
04-24 10:51:10.905  2569  2569 I olsrd   : detected duplicate packet with seqnr 0xddce from 10.1.1.10 on wlan0 (540 Bytes)
04-24 10:51:10.905  2569  2569 I olsrd   : detected duplicate packet with seqnr 0xddce from 10.1.1.10 on wlan0 (540 Bytes)
04-24 10:51:33.467  2569  2569 I olsrd   : detected duplicate packet with seqnr 0xddd8 from 10.1.1.10 on wlan0 (1296 Bytes)
04-24 10:51:33.467  2569  2569 I olsrd   : detected duplicate packet with seqnr 0xddd8 from 10.1.1.10 on wlan0 (1296 Bytes)
04-24 10:51:33.477  2569  2569 I olsrd   : detected duplicate packet with seqnr 0xddd8 from 10.1.1.10 on wlan0 (1296 Bytes)
04-24 10:51:33.768  2569  2569 I olsrd   : detected duplicate packet with seqnr 0x4cbd from 10.1.1.9 on wlan0 (1256 Bytes)
04-24 10:51:33.778  2569  2569 I olsrd   : detected duplicate packet with seqnr 0x4cbd from 10.1.1.9 on wlan0 (1256 Bytes)
04-24 10:51:37.671  4769  4769 D dalvikvm: Not late-enabling CheckJNI (already on)
04-24 10:51:37.701   806   826 I ActivityManager: Start proc edu.mit.ll.NletLog.android for service edu.mit.ll.NletLog.android/.LoggerService: pid=4769 uid=10056 gids={50056, 1015, 3003, 1028}
04-24 10:51:37.731  4769  4769 I dalvikvm: Turning on JNI app bug workarounds for target SDK version 12...
04-24 10:51:37.771  1423  1435 E MP-Decision: num online cores: 1 reqd : 2 available : 4 rq_depth:5.100000 hotplug_avg_load_dw: 24
04-24 10:51:37.771  1423  1435 E MP-Decision: UP cpu:1 core_idx:1 Nw:1.900000 Tw:140 total_time_up:145.000000
04-24 10:51:37.801  4769  4769 V LoggerService: Reading config file at /sdcard/llcbmen/startup_40/Logger.json
04-24 10:51:37.801  4769  4769 V LoggerService: Could not read config file!
04-24 10:51:37.811  4769  4769 V LoggerService: registering broadcast receiver...
04-24 10:51:37.811  4769  4769 V LoggerService: registered broadcast receiver
04-24 10:51:37.821  1423  1435 E MP-Decision: num online cores: 2 reqd : 3 available : 4 rq_depth:2.700000 hotplug_avg_load_dw: 86
04-24 10:51:37.821  1423  1435 E MP-Decision: UP cpu:1 core_idx:1 Nw:1.900000 Tw:140 total_time_up:0.000000
04-24 10:51:37.821  1423  1435 E MP-Decision: UP cpu:2 core_idx:2 Nw:2.700000 Tw:90 total_time_up:191.000000
04-24 10:51:37.872  1423  1435 E MP-Decision: num online cores: 3 reqd : 1 available : 4 rq_depth:0.300000 hotplug_avg_load_dw: 14
04-24 10:51:37.872  1423  1435 E MP-Decision: DOWN cpu:2 core_idx:2 Ns:2.100000 Ts:240 total_time_down:47.000000
04-24 10:51:37.872  1423  1435 E MP-Decision: DOWN cpu:1 core_idx:1 Ns:1.100000 Ts:190 total_time_down:47.000000
04-24 10:51:39.503  2569  2569 I olsrd   : detected duplicate packet with seqnr 0xaa88 from 10.1.1.27 on wlan0 (296 Bytes)
04-24 10:51:39.503  2569  2569 I olsrd   : detected duplicate packet with seqnr 0xaa88 from 10.1.1.27 on wlan0 (296 Bytes)
04-24 10:51:39.503  2569  2569 I olsrd   : detected duplicate packet with seqnr 0xaa88 from 10.1.1.27 on wlan0 (296 Bytes)
04-24 10:51:39.513  2569  2569 I olsrd   : detected duplicate packet with seqnr 0xaa88 from 10.1.1.27 on wlan0 (296 Bytes)
04-24 10:51:39.513  2569  2569 I olsrd   : detected duplicate packet with seqnr 0xaa88 from 10.1.1.27 on wlan0 (296 Bytes)
04-24 10:51:39.523  2569  2569 I olsrd   : detected duplicate packet with seqnr 0xaa88 from 10.1.1.27 on wlan0 (296 Bytes)
04-24 10:51:39.523  2569  2569 I olsrd   : detected duplicate packet with seqnr 0xaa88 from 10.1.1.27 on wlan0 (296 Bytes)
04-24 10:51:40.554  2569  2569 I olsrd   : detected duplicate packet with seqnr 0xdde2 from 10.1.1.10 on wlan0 (1000 Bytes)
04-24 10:51:45.539  2569  2569 I olsrd   : detected duplicate packet with seqnr 0x6560 from 10.1.1.37 on wlan0 (1448 Bytes)
04-24 10:51:45.549  2569  2569 I olsrd   : detected duplicate packet with seqnr 0x6560 from 10.1.1.37 on wlan0 (1448 Bytes)
04-24 10:51:48.012  2569  2569 I olsrd   : detected duplicate packet with seqnr 0x7fbe from 10.1.1.34 on wlan0 (956 Bytes)
04-24 10:51:48.052  2569  2569 I olsrd   : detected duplicate packet with seqnr 0x7fbe from 10.1.1.34 on wlan0 (956 Bytes)
04-24 10:51:48.162  2569  2569 I olsrd   : detected duplicate packet with seqnr 0x7fbf from 10.1.1.34 on wlan0 (1404 Bytes)
04-24 10:51:48.162  2569  2569 I olsrd   : detected duplicate packet with seqnr 0x7fbf from 10.1.1.34 on wlan0 (1404 Bytes)
04-24 10:51:52.316  2569  2569 I olsrd   : detected duplicate packet with seqnr 0xcae7 from 10.1.1.36 on wlan0 (1172 Bytes)
04-24 10:51:52.867  2569  2569 I olsrd   : detected duplicate packet with seqnr 0x4cbf from 10.1.1.9 on wlan0 (680 Bytes)
04-24 10:51:52.867  2569  2569 I olsrd   : detected duplicate packet with seqnr 0x4cbf from 10.1.1.9 on wlan0 (680 Bytes)
04-24 10:51:52.877  2569  2569 I olsrd   : detected duplicate packet with seqnr 0x4cbf from 10.1.1.9 on wlan0 (680 Bytes)
04-24 10:51:52.877  2569  2569 I olsrd   : detected duplicate packet with seqnr 0x4cbf from 10.1.1.9 on wlan0 (680 Bytes)
04-24 10:51:52.917  2569  2569 I olsrd   : detected duplicate packet with seqnr 0x4cbf from 10.1.1.9 on wlan0 (680 Bytes)
04-24 10:51:54.728  2569  2569 I olsrd   : detected duplicate packet with seqnr 0x66aa from 10.1.1.15 on wlan0 (1300 Bytes)
04-24 10:51:58.042  2569  2569 I olsrd   : detected duplicate packet with seqnr 0x4de7 from 10.1.1.32 on wlan0 (984 Bytes)
04-24 10:51:58.242  2569  2569 I olsrd   : detected duplicate packet with seqnr 0x94 from 10.1.1.6 on wlan0 (272 Bytes)
04-24 10:51:58.242  2569  2569 I olsrd   : detected duplicate packet with seqnr 0x94 from 10.1.1.6 on wlan0 (272 Bytes)
04-24 10:51:59.113  2569  2569 I olsrd   : detected duplicate packet with seqnr 0xcfac from 10.1.1.25 on wlan0 (1380 Bytes)
04-24 10:52:00.294  2569  2569 I olsrd   : detected duplicate packet with seqnr 0xf8a from 10.1.1.12 on wlan0 (492 Bytes)
04-24 10:52:00.304  2569  2569 I olsrd   : detected duplicate packet with seqnr 0xf8a from 10.1.1.12 on wlan0 (492 Bytes)
04-24 10:52:00.304  2569  2569 I olsrd   : detected duplicate packet with seqnr 0xf8a from 10.1.1.12 on wlan0 (492 Bytes)
04-24 10:52:00.304  2569  2569 I olsrd   : detected duplicate packet with seqnr 0xf8a from 10.1.1.12 on wlan0 (492 Bytes)
04-24 10:52:00.304  2569  2569 I olsrd   : detected duplicate packet with seqnr 0xf8a from 10.1.1.12 on wlan0 (492 Bytes)
04-24 10:52:00.344  2569  2569 I olsrd   : detected duplicate packet with seqnr 0xf8a from 10.1.1.12 on wlan0 (492 Bytes)
04-24 10:52:00.494  2569  2569 I olsrd   : detected duplicate packet with seqnr 0xf8a from 10.1.1.12 on wlan0 (492 Bytes)
04-24 10:52:00.855  2569  2569 I olsrd   : detected duplicate packet with seqnr 0xaa95 from 10.1.1.27 on wlan0 (676 Bytes)
04-24 10:52:00.855  2569  2569 I olsrd   : detected duplicate packet with seqnr 0xaa95 from 10.1.1.27 on wlan0 (676 Bytes)
04-24 10:52:00.865  2569  2569 I olsrd   : detected duplicate packet with seqnr 0xaa95 from 10.1.1.27 on wlan0 (676 Bytes)
04-24 10:52:00.865  2569  2569 I olsrd   : detected duplicate packet with seqnr 0xaa95 from 10.1.1.27 on wlan0 (676 Bytes)
04-24 10:52:00.895  2569  2569 I olsrd   : detected duplicate packet with seqnr 0xaa95 from 10.1.1.27 on wlan0 (676 Bytes)
04-24 10:52:01.706  2569  2569 I olsrd   : detected duplicate packet with seqnr 0x9b from 10.1.1.6 on wlan0 (1016 Bytes)
04-24 10:52:03.718  2569  2569 I olsrd   : detected duplicate packet with seqnr 0xaa97 from 10.1.1.27 on wlan0 (500 Bytes)
04-24 10:52:04.619  2569  2569 I olsrd   : detected duplicate packet with seqnr 0xaa97 from 10.1.1.27 on wlan0 (500 Bytes)
04-24 10:52:05.179  2569  2569 I olsrd   : detected duplicate packet with seqnr 0xddfc from 10.1.1.10 on wlan0 (1244 Bytes)
04-24 10:52:05.179  2569  2569 I olsrd   : detected duplicate packet with seqnr 0xddfc from 10.1.1.10 on wlan0 (1244 Bytes)
04-24 10:52:05.179  2569  2569 I olsrd   : detected duplicate packet with seqnr 0xddfc from 10.1.1.10 on wlan0 (1244 Bytes)
04-24 10:52:05.189  2569  2569 I olsrd   : detected duplicate packet with seqnr 0xddfc from 10.1.1.10 on wlan0 (1244 Bytes)
04-24 10:52:05.189  2569  2569 I olsrd   : detected duplicate packet with seqnr 0xddfc from 10.1.1.10 on wlan0 (1244 Bytes)
04-24 10:52:05.229  2569  2569 I olsrd   : detected duplicate packet with seqnr 0xddfc from 10.1.1.10 on wlan0 (1244 Bytes)
04-24 10:52:05.229  2569  2569 I olsrd   : detected duplicate packet with seqnr 0xddfc from 10.1.1.10 on wlan0 (1244 Bytes)
04-24 10:52:05.229  2569  2569 I olsrd   : detected duplicate packet with seqnr 0xddfc from 10.1.1.10 on wlan0 (1244 Bytes)
04-24 10:52:08.593  2569  2569 I olsrd   : detected duplicate packet with seqnr 0x30a7 from 10.1.1.1 on wlan0 (1192 Bytes)
04-24 10:52:08.643  2569  2569 I olsrd   : detected duplicate packet with seqnr 0x30a7 from 10.1.1.1 on wlan0 (1192 Bytes)
04-24 10:52:10.454  2569  2569 I olsrd   : detected duplicate packet with seqnr 0x4e89 from 10.1.1.4 on wlan0 (1188 Bytes)
04-24 10:52:10.454  2569  2569 I olsrd   : detected duplicate packet with seqnr 0x4e89 from 10.1.1.4 on wlan0 (1188 Bytes)
04-24 10:52:12.466  2569  2569 I olsrd   : detected duplicate packet with seqnr 0x4e8a from 10.1.1.4 on wlan0 (1460 Bytes)
04-24 10:52:12.476  2569  2569 I olsrd   : detected duplicate packet with seqnr 0xde08 from 10.1.1.10 on wlan0 (1364 Bytes)
04-24 10:52:12.476  2569  2569 I olsrd   : detected duplicate packet with seqnr 0xde08 from 10.1.1.10 on wlan0 (1364 Bytes)
04-24 10:52:18.713  2569  2569 I olsrd   : detected duplicate packet with seqnr 0x79fd from 10.1.1.28 on wlan0 (328 Bytes)
04-24 10:52:19.003  2569  2569 I olsrd   : detected duplicate packet with seqnr 0xfaa from 10.1.1.12 on wlan0 (1052 Bytes)
04-24 10:52:19.013  2569  2569 I olsrd   : detected duplicate packet with seqnr 0xfaa from 10.1.1.12 on wlan0 (1052 Bytes)
04-24 10:52:20.655  2569  2569 I olsrd   : detected duplicate packet with seqnr 0x659a from 10.1.1.37 on wlan0 (1444 Bytes)
04-24 10:52:20.695  2569  2569 I olsrd   : detected duplicate packet with seqnr 0x659a from 10.1.1.37 on wlan0 (1444 Bytes)
04-24 10:52:20.695  2569  2569 I olsrd   : detected duplicate packet with seqnr 0x659a from 10.1.1.37 on wlan0 (1444 Bytes)
04-24 10:52:20.945  2569  2569 I olsrd   : detected duplicate packet with seqnr 0x27cc from 10.1.1.16 on wlan0 (1420 Bytes)
04-24 10:52:22.957  2569  2569 I olsrd   : detected duplicate packet with seqnr 0xb4 from 10.1.1.6 on wlan0 (1236 Bytes)
04-24 10:52:23.167  2569  2569 I olsrd   : detected duplicate packet with seqnr 0xb5 from 10.1.1.6 on wlan0 (1324 Bytes)
04-24 10:52:23.468  2569  2569 I olsrd   : detected duplicate packet with seqnr 0x30ba from 10.1.1.1 on wlan0 (960 Bytes)
04-24 10:52:26.531  2569  2569 I olsrd   : detected duplicate packet with seqnr 0xde2a from 10.1.1.10 on wlan0 (1308 Bytes)
04-24 10:52:26.531  2569  2569 I olsrd   : detected duplicate packet with seqnr 0xde2a from 10.1.1.10 on wlan0 (1308 Bytes)
04-24 10:52:27.882  2569  2569 I olsrd   : detected duplicate packet with seqnr 0xfbe from 10.1.1.12 on wlan0 (1404 Bytes)
04-24 10:52:29.934  2569  2569 I olsrd   : detected duplicate packet with seqnr 0x4ebc from 10.1.1.4 on wlan0 (1404 Bytes)
04-24 10:52:29.934  2569  2569 I olsrd   : detected duplicate packet with seqnr 0x4ebc from 10.1.1.4 on wlan0 (1404 Bytes)
04-24 10:52:32.346  2569  2569 I olsrd   : detected duplicate packet with seqnr 0x30bd from 10.1.1.1 on wlan0 (1460 Bytes)
04-24 10:52:33.197  2569  2569 I olsrd   : detected duplicate packet with seqnr 0xc3 from 10.1.1.6 on wlan0 (1444 Bytes)
04-24 10:52:33.197  2569  2569 I olsrd   : detected duplicate packet with seqnr 0xc3 from 10.1.1.6 on wlan0 (1444 Bytes)
04-24 10:52:38.122  2569  2569 I olsrd   : detected duplicate packet with seqnr 0x4d05 from 10.1.1.9 on wlan0 (1248 Bytes)
04-24 10:52:39.013  2569  2569 I olsrd   : detected duplicate packet with seqnr 0x66d4 from 10.1.1.15 on wlan0 (972 Bytes)
04-24 10:52:41.085  2569  2569 I olsrd   : detected duplicate packet with seqnr 0x66d6 from 10.1.1.15 on wlan0 (1348 Bytes)
04-24 10:52:41.085  2569  2569 I olsrd   : detected duplicate packet with seqnr 0x66d6 from 10.1.1.15 on wlan0 (1348 Bytes)
04-24 10:52:41.185  2569  2569 I olsrd   : detected duplicate packet with seqnr 0x7a2a from 10.1.1.28 on wlan0 (1204 Bytes)
04-24 10:52:41.185  2569  2569 I olsrd   : detected duplicate packet with seqnr 0x7a2a from 10.1.1.28 on wlan0 (1204 Bytes)
04-24 10:52:41.335  2569  2569 I olsrd   : detected duplicate packet with seqnr 0xbed3 from 10.1.1.23 on wlan0 (1364 Bytes)
04-24 10:52:41.386  2569  2569 I olsrd   : detected duplicate packet with seqnr 0xbed3 from 10.1.1.23 on wlan0 (1364 Bytes)
04-24 10:52:52.066  2569  2569 I olsrd   : Removing interface wlan0
04-24 10:52:52.076   806   870 D Tethering: InitialState.processMessage what=4
04-24 10:52:52.076   806   870 D Tethering: Exception adding default nw to upstreamIfaceTypes: java.lang.NullPointerException
04-24 10:52:52.076   806   870 D Tethering: sendTetherStateChangedBroadcast 1, 0, 0
04-24 10:52:52.076   806   817 D Tethering: Exception adding default nw to upstreamIfaceTypes: java.lang.NullPointerException
04-24 10:54:13.599  6108  6108 W libc    : void endpwent()(3) is not implemented on Android
04-24 10:54:13.599   250   250 I busybox : void endpwent()(3) is not implemented on Android
04-24 10:54:13.679  6110  6110 W libc    : void endpwent()(3) is not implemented on Android
04-24 10:54:13.890  1423  1435 E MP-Decision: num online cores: 1 reqd : 2 available : 4 rq_depth:1.000000 hotplug_avg_load_dw: 63
04-24 10:54:13.890  1423  1435 E MP-Decision: UP cpu:1 core_idx:1 Nw:1.900000 Tw:140 total_time_up:0.000000
