--------- beginning of /dev/log/main
04-24 03:46:41.351  1420  1427 E MP-Decision: num online cores: 2 reqd : 1 available : 4 rq_depth:0.000000 hotplug_avg_load_dw: 11
04-24 03:46:41.351  1420  1427 E MP-Decision: DOWN cpu:1 core_idx:1 Ns:1.100000 Ts:190 total_time_down:497.000000
04-24 03:46:44.403  2313  2313 D dalvikvm: Not late-enabling CheckJNI (already on)
--------- beginning of /dev/log/system
04-24 03:46:44.424   805   832 I ActivityManager: Start proc edu.mit.ll.cbmen.monitor for service edu.mit.ll.cbmen.monitor/.MonitorService: pid=2313 uid=10055 gids={50055, 1015, 3003, 1028}
04-24 03:46:44.484  2313  2313 I MonitorService: onCreate() MonitorService
04-24 03:46:44.484  2313  2313 D AndroidRuntime: Shutting down VM
04-24 03:46:44.484  2313  2313 W dalvikvm: threadid=1: thread exiting with uncaught exception (group=0x415e47c0)
04-24 03:46:44.484  2313  2313 E AndroidRuntime: FATAL EXCEPTION: main
04-24 03:46:44.484  2313  2313 E AndroidRuntime: java.lang.RuntimeException: Unable to start service edu.mit.ll.cbmen.monitor.MonitorService@41862938 with null: java.lang.NullPointerException
04-24 03:46:44.484  2313  2313 E AndroidRuntime: 	at android.app.ActivityThread.handleServiceArgs(ActivityThread.java:2849)
04-24 03:46:44.484  2313  2313 E AndroidRuntime: 	at android.app.ActivityThread.access$1900(ActivityThread.java:153)
04-24 03:46:44.484  2313  2313 E AndroidRuntime: 	at android.app.ActivityThread$H.handleMessage(ActivityThread.java:1366)
04-24 03:46:44.484  2313  2313 E AndroidRuntime: 	at android.os.Handler.dispatchMessage(Handler.java:99)
04-24 03:46:44.484  2313  2313 E AndroidRuntime: 	at android.os.Looper.loop(Looper.java:137)
04-24 03:46:44.484  2313  2313 E AndroidRuntime: 	at android.app.ActivityThread.main(ActivityThread.java:5289)
04-24 03:46:44.484  2313  2313 E AndroidRuntime: 	at java.lang.reflect.Method.invokeNative(Native Method)
04-24 03:46:44.484  2313  2313 E AndroidRuntime: 	at java.lang.reflect.Method.invoke(Method.java:525)
04-24 03:46:44.484  2313  2313 E AndroidRuntime: 	at com.android.internal.os.ZygoteInit$MethodAndArgsCaller.run(ZygoteInit.java:739)
04-24 03:46:44.484  2313  2313 E AndroidRuntime: 	at com.android.internal.os.ZygoteInit.main(ZygoteInit.java:555)
04-24 03:46:44.484  2313  2313 E AndroidRuntime: 	at dalvik.system.NativeStart.main(Native Method)
04-24 03:46:44.484  2313  2313 E AndroidRuntime: Caused by: java.lang.NullPointerException
04-24 03:46:44.484  2313  2313 E AndroidRuntime: 	at edu.mit.ll.cbmen.monitor.MonitorService.onStartCommand(MonitorService.java:773)
04-24 03:46:44.484  2313  2313 E AndroidRuntime: 	at android.app.ActivityThread.handleServiceArgs(ActivityThread.java:2832)
04-24 03:46:44.484  2313  2313 E AndroidRuntime: 	... 10 more
04-24 03:46:44.494  2313  2313 I Process : Sending signal. PID: 2313 SIG: 9
04-24 03:46:44.504   805  1174 I ActivityManager: Process edu.mit.ll.cbmen.monitor (pid 2313) has died.
04-24 03:46:44.504   805  1174 W ActivityManager: Scheduling restart of crashed service edu.mit.ll.cbmen.monitor/.MonitorService in 20000ms
04-24 03:47:04.533  2432  2432 D dalvikvm: Not late-enabling CheckJNI (already on)
04-24 03:47:04.553   805   832 I ActivityManager: Start proc edu.mit.ll.cbmen.monitor for service edu.mit.ll.cbmen.monitor/.MonitorService: pid=2432 uid=10055 gids={50055, 1015, 3003, 1028}
04-24 03:47:04.613  1420  1427 E MP-Decision: num online cores: 1 reqd : 2 available : 4 rq_depth:4.600000 hotplug_avg_load_dw: 23
04-24 03:47:04.613  1420  1427 E MP-Decision: UP cpu:1 core_idx:1 Nw:1.900000 Tw:140 total_time_up:144.000000
04-24 03:47:04.633  2432  2432 I MonitorService: onCreate() MonitorService
04-24 03:47:04.633  2432  2432 D AndroidRuntime: Shutting down VM
04-24 03:47:04.633  2432  2432 W dalvikvm: threadid=1: thread exiting with uncaught exception (group=0x415e47c0)
04-24 03:47:04.633  2432  2432 I Process : Sending signal. PID: 2432 SIG: 9
04-24 03:47:04.633  2432  2432 E AndroidRuntime: FATAL EXCEPTION: main
04-24 03:47:04.633  2432  2432 E AndroidRuntime: java.lang.RuntimeException: Unable to start service edu.mit.ll.cbmen.monitor.MonitorService@41863838 with null: java.lang.NullPointerException
04-24 03:47:04.633  2432  2432 E AndroidRuntime: 	at android.app.ActivityThread.handleServiceArgs(ActivityThread.java:2849)
04-24 03:47:04.633  2432  2432 E AndroidRuntime: 	at android.app.ActivityThread.access$1900(ActivityThread.java:153)
04-24 03:47:04.633  2432  2432 E AndroidRuntime: 	at android.app.ActivityThread$H.handleMessage(ActivityThread.java:1366)
04-24 03:47:04.633  2432  2432 E AndroidRuntime: 	at android.os.Handler.dispatchMessage(Handler.java:99)
04-24 03:47:04.633  2432  2432 E AndroidRuntime: 	at android.os.Looper.loop(Looper.java:137)
04-24 03:47:04.633  2432  2432 E AndroidRuntime: 	at android.app.ActivityThread.main(ActivityThread.java:5289)
04-24 03:47:04.633  2432  2432 E AndroidRuntime: 	at java.lang.reflect.Method.invokeNative(Native Method)
04-24 03:47:04.633  2432  2432 E AndroidRuntime: 	at java.lang.reflect.Method.invoke(Method.java:525)
04-24 03:47:04.633  2432  2432 E AndroidRuntime: 	at com.android.internal.os.ZygoteInit$MethodAndArgsCaller.run(ZygoteInit.java:739)
04-24 03:47:04.633  2432  2432 E AndroidRuntime: 	at com.android.internal.os.ZygoteInit.main(ZygoteInit.java:555)
04-24 03:47:04.633  2432  2432 E AndroidRuntime: 	at dalvik.system.NativeStart.main(Native Method)
04-24 03:47:04.633  2432  2432 E AndroidRuntime: Caused by: java.lang.NullPointerException
04-24 03:47:04.633  2432  2432 E AndroidRuntime: 	at edu.mit.ll.cbmen.monitor.MonitorService.onStartCommand(MonitorService.java:773)
04-24 03:47:04.633  2432  2432 E AndroidRuntime: 	at android.app.ActivityThread.handleServiceArgs(ActivityThread.java:2832)
04-24 03:47:04.633  2432  2432 E AndroidRuntime: 	... 10 more
04-24 03:47:04.643   805  1102 I ActivityManager: Process edu.mit.ll.cbmen.monitor (pid 2432) has died.
04-24 03:47:04.643   805  1102 W ActivityManager: Service crashed 2 times, stopping: ServiceRecord{420f7ba0 u0 edu.mit.ll.cbmen.monitor/.MonitorService}
04-24 03:47:05.013  1420  1427 E MP-Decision: num online cores: 2 reqd : 1 available : 4 rq_depth:0.000000 hotplug_avg_load_dw: 27
04-24 03:47:05.013  1420  1427 E MP-Decision: DOWN cpu:1 core_idx:1 Ns:1.100000 Ts:190 total_time_down:346.000000
04-24 03:47:12.120  2516  2516 I olsrd   : Writing '1' (was 1) to /proc/sys/net/ipv4/ip_forward
04-24 03:47:12.120  2516  2516 I olsrd   : Writing '0' (was 1) to /proc/sys/net/ipv4/conf/all/send_redirects
04-24 03:47:12.130  2516  2516 I olsrd   : Writing '0' (was 0) to /proc/sys/net/ipv4/conf/all/rp_filter
04-24 03:47:12.130  2516  2516 I olsrd   : Writing '0' (was 1) to /proc/sys/net/ipv4/conf/wlan0/send_redirects
04-24 03:47:12.130  2516  2516 I olsrd   : Writing '0' (was 0) to /proc/sys/net/ipv4/conf/wlan0/rp_filter
04-24 03:47:12.130  2516  2516 I olsrd   : Adding interface wlan0
04-24 03:47:12.130  2516  2516 I olsrd   : New main address: 10.1.1.15
04-24 03:47:12.140  2517  2517 I olsrd   : olsr.org -  0.6.6.2-n -git_0000000 -n -hash_ 7985605520f3cae9b305d56e83b35d9c successfully started
04-24 03:48:41.203  2517  2517 I olsrd   : detected duplicate packet with seqnr 0x64d0 from 10.1.1.37 on wlan0 (672 Bytes)
04-24 03:48:41.203  2517  2517 I olsrd   : detected duplicate packet with seqnr 0x64d0 from 10.1.1.37 on wlan0 (672 Bytes)
04-24 03:48:41.203  2517  2517 I olsrd   : detected duplicate packet with seqnr 0x64d0 from 10.1.1.37 on wlan0 (672 Bytes)
04-24 03:48:54.346  2517  2517 I olsrd   : detected duplicate packet with seqnr 0x4c4a from 10.1.1.9 on wlan0 (992 Bytes)
04-24 03:48:54.356  2517  2517 I olsrd   : detected duplicate packet with seqnr 0x4c4a from 10.1.1.9 on wlan0 (992 Bytes)
04-24 03:48:54.356  2517  2517 I olsrd   : detected duplicate packet with seqnr 0x4c4a from 10.1.1.9 on wlan0 (992 Bytes)
04-24 03:48:54.356  2517  2517 I olsrd   : detected duplicate packet with seqnr 0x4c4a from 10.1.1.9 on wlan0 (992 Bytes)
04-24 03:49:25.535  2517  2517 I olsrd   : detected duplicate packet with seqnr 0x3017 from 10.1.1.1 on wlan0 (1032 Bytes)
04-24 03:49:31.350  2517  2517 I olsrd   : detected duplicate packet with seqnr 0x3017 from 10.1.1.1 on wlan0 (1032 Bytes)
04-24 03:49:42.100  2517  2517 I olsrd   : detected duplicate packet with seqnr 0x26 from 10.1.1.6 on wlan0 (860 Bytes)
04-24 03:49:46.074  2517  2517 I olsrd   : detected duplicate packet with seqnr 0xf25 from 10.1.1.12 on wlan0 (1404 Bytes)
04-24 03:49:48.486  2517  2517 I olsrd   : detected duplicate packet with seqnr 0x3027 from 10.1.1.1 on wlan0 (1340 Bytes)
04-24 03:49:48.486  2517  2517 I olsrd   : detected duplicate packet with seqnr 0x3027 from 10.1.1.1 on wlan0 (1340 Bytes)
04-24 03:49:48.486  2517  2517 I olsrd   : detected duplicate packet with seqnr 0x3027 from 10.1.1.1 on wlan0 (1340 Bytes)
04-24 03:49:48.486  2517  2517 I olsrd   : detected duplicate packet with seqnr 0x3027 from 10.1.1.1 on wlan0 (1340 Bytes)
04-24 03:49:48.637  2517  2517 I olsrd   : detected duplicate packet with seqnr 0x3027 from 10.1.1.1 on wlan0 (1340 Bytes)
04-24 03:50:03.561  2517  2517 I olsrd   : detected duplicate packet with seqnr 0x6564 from 10.1.1.24 on wlan0 (1080 Bytes)
04-24 03:50:29.535  2517  2517 I olsrd   : detected duplicate packet with seqnr 0x4c92 from 10.1.1.9 on wlan0 (308 Bytes)
04-24 03:50:39.174  2517  2517 I olsrd   : detected duplicate packet with seqnr 0x43b4 from 10.1.1.29 on wlan0 (1456 Bytes)
04-24 03:50:39.174  2517  2517 I olsrd   : detected duplicate packet with seqnr 0x43b4 from 10.1.1.29 on wlan0 (1456 Bytes)
04-24 03:50:45.821  2517  2517 I olsrd   : detected duplicate packet with seqnr 0xcf76 from 10.1.1.25 on wlan0 (1380 Bytes)
04-24 03:50:45.821  2517  2517 I olsrd   : detected duplicate packet with seqnr 0xcf76 from 10.1.1.25 on wlan0 (1380 Bytes)
04-24 03:50:48.313  2517  2517 I olsrd   : detected duplicate packet with seqnr 0x5a from 10.1.1.6 on wlan0 (984 Bytes)
04-24 03:50:48.313  2517  2517 I olsrd   : detected duplicate packet with seqnr 0x5a from 10.1.1.6 on wlan0 (984 Bytes)
04-24 03:50:48.323  2517  2517 I olsrd   : detected duplicate packet with seqnr 0x5a from 10.1.1.6 on wlan0 (984 Bytes)
04-24 03:50:48.333  2517  2517 I olsrd   : detected duplicate packet with seqnr 0x5a from 10.1.1.6 on wlan0 (984 Bytes)
04-24 03:50:48.333  2517  2517 I olsrd   : detected duplicate packet with seqnr 0x5a from 10.1.1.6 on wlan0 (984 Bytes)
04-24 03:50:48.333  2517  2517 I olsrd   : detected duplicate packet with seqnr 0x5a from 10.1.1.6 on wlan0 (984 Bytes)
04-24 03:50:48.333  2517  2517 I olsrd   : detected duplicate packet with seqnr 0x5a from 10.1.1.6 on wlan0 (984 Bytes)
04-24 03:50:48.333  2517  2517 I olsrd   : detected duplicate packet with seqnr 0x5a from 10.1.1.6 on wlan0 (984 Bytes)
04-24 03:50:48.343  2517  2517 I olsrd   : detected duplicate packet with seqnr 0x5a from 10.1.1.6 on wlan0 (984 Bytes)
04-24 03:50:48.774  2517  2517 I olsrd   : detected duplicate packet with seqnr 0x5a from 10.1.1.6 on wlan0 (984 Bytes)
04-24 03:50:48.774  2517  2517 I olsrd   : detected duplicate packet with seqnr 0x5a from 10.1.1.6 on wlan0 (984 Bytes)
04-24 03:50:56.221  2517  2517 I olsrd   : detected duplicate packet with seqnr 0xcf7d from 10.1.1.25 on wlan0 (980 Bytes)
04-24 03:50:56.221  2517  2517 I olsrd   : detected duplicate packet with seqnr 0xcf7d from 10.1.1.25 on wlan0 (980 Bytes)
04-24 03:50:56.221  2517  2517 I olsrd   : detected duplicate packet with seqnr 0xcf7d from 10.1.1.25 on wlan0 (980 Bytes)
04-24 03:50:56.261  2517  2517 I olsrd   : detected duplicate packet with seqnr 0xcf7d from 10.1.1.25 on wlan0 (980 Bytes)
04-24 03:50:57.822  2517  2517 I olsrd   : detected duplicate packet with seqnr 0xddc1 from 10.1.1.10 on wlan0 (1460 Bytes)
04-24 03:50:57.832  2517  2517 I olsrd   : detected duplicate packet with seqnr 0xddc1 from 10.1.1.10 on wlan0 (1460 Bytes)
04-24 03:51:03.938  2517  2517 I olsrd   : detected duplicate packet with seqnr 0xddc6 from 10.1.1.10 on wlan0 (1276 Bytes)
04-24 03:51:03.938  2517  2517 I olsrd   : detected duplicate packet with seqnr 0xddc6 from 10.1.1.10 on wlan0 (1276 Bytes)
04-24 03:51:04.759  2517  2517 I olsrd   : detected duplicate packet with seqnr 0x6d from 10.1.1.6 on wlan0 (532 Bytes)
04-24 03:51:08.072  2517  2517 I olsrd   : detected duplicate packet with seqnr 0x4dcb from 10.1.1.32 on wlan0 (516 Bytes)
04-24 03:51:26.120  2517  2517 I olsrd   : detected duplicate packet with seqnr 0x79cf from 10.1.1.28 on wlan0 (316 Bytes)
04-24 03:51:26.170  2517  2517 I olsrd   : detected duplicate packet with seqnr 0x79cf from 10.1.1.28 on wlan0 (316 Bytes)
04-24 03:51:26.170  2517  2517 I olsrd   : detected duplicate packet with seqnr 0x79cf from 10.1.1.28 on wlan0 (316 Bytes)
04-24 03:51:26.170  2517  2517 I olsrd   : detected duplicate packet with seqnr 0x79cf from 10.1.1.28 on wlan0 (316 Bytes)
04-24 03:51:32.005  2517  2517 I olsrd   : detected duplicate packet with seqnr 0x43cb from 10.1.1.29 on wlan0 (1468 Bytes)
04-24 03:51:32.005  2517  2517 I olsrd   : detected duplicate packet with seqnr 0x43cc from 10.1.1.29 on wlan0 (1008 Bytes)
04-24 03:51:33.457  2517  2517 I olsrd   : detected duplicate packet with seqnr 0xddd8 from 10.1.1.10 on wlan0 (1296 Bytes)
04-24 03:51:33.457  2517  2517 I olsrd   : detected duplicate packet with seqnr 0xddd8 from 10.1.1.10 on wlan0 (1296 Bytes)
04-24 03:51:33.467  2517  2517 I olsrd   : detected duplicate packet with seqnr 0xddd8 from 10.1.1.10 on wlan0 (1296 Bytes)
04-24 03:51:33.767  2517  2517 I olsrd   : detected duplicate packet with seqnr 0x4cbd from 10.1.1.9 on wlan0 (1256 Bytes)
04-24 03:51:33.767  2517  2517 I olsrd   : detected duplicate packet with seqnr 0x4cbd from 10.1.1.9 on wlan0 (1256 Bytes)
04-24 03:51:35.979  2517  2517 I olsrd   : detected duplicate packet with seqnr 0x7fb1 from 10.1.1.34 on wlan0 (1064 Bytes)
04-24 03:51:37.931  4186  4186 D dalvikvm: Not late-enabling CheckJNI (already on)
04-24 03:51:37.931   805   832 I ActivityManager: Start proc edu.mit.ll.NletLog.android for service edu.mit.ll.NletLog.android/.LoggerService: pid=4186 uid=10056 gids={50056, 1015, 3003, 1028}
04-24 03:51:37.961  4186  4186 I dalvikvm: Turning on JNI app bug workarounds for target SDK version 12...
04-24 03:51:38.021  1420  1427 E MP-Decision: num online cores: 1 reqd : 2 available : 4 rq_depth:3.300000 hotplug_avg_load_dw: 24
04-24 03:51:38.021  1420  1427 E MP-Decision: UP cpu:1 core_idx:1 Nw:1.900000 Tw:140 total_time_up:146.000000
04-24 03:51:38.031  4186  4186 V LoggerService: Reading config file at /sdcard/llcbmen/startup_40/Logger.json
04-24 03:51:38.031  4186  4186 V LoggerService: Could not read config file!
04-24 03:51:38.041  4186  4186 V LoggerService: registering broadcast receiver...
04-24 03:51:38.051  4186  4186 V LoggerService: registered broadcast receiver
04-24 03:51:38.221  1420  1427 E MP-Decision: num online cores: 2 reqd : 1 available : 4 rq_depth:0.000000 hotplug_avg_load_dw: 16
04-24 03:51:38.221  1420  1427 E MP-Decision: DOWN cpu:1 core_idx:1 Ns:1.100000 Ts:190 total_time_down:147.000000
04-24 03:51:38.952  2517  2517 I olsrd   : detected duplicate packet with seqnr 0xcf91 from 10.1.1.25 on wlan0 (704 Bytes)
04-24 03:51:39.252  2517  2517 I olsrd   : detected duplicate packet with seqnr 0x4cbe from 10.1.1.9 on wlan0 (544 Bytes)
04-24 03:51:39.512  2517  2517 I olsrd   : detected duplicate packet with seqnr 0xaa88 from 10.1.1.27 on wlan0 (296 Bytes)
04-24 03:51:39.512  2517  2517 I olsrd   : detected duplicate packet with seqnr 0xaa88 from 10.1.1.27 on wlan0 (296 Bytes)
04-24 03:51:39.512  2517  2517 I olsrd   : detected duplicate packet with seqnr 0xaa88 from 10.1.1.27 on wlan0 (296 Bytes)
04-24 03:51:39.522  2517  2517 I olsrd   : detected duplicate packet with seqnr 0xaa88 from 10.1.1.27 on wlan0 (296 Bytes)
04-24 03:51:39.522  2517  2517 I olsrd   : detected duplicate packet with seqnr 0xaa88 from 10.1.1.27 on wlan0 (296 Bytes)
04-24 03:51:39.552  2517  2517 I olsrd   : detected duplicate packet with seqnr 0xaa88 from 10.1.1.27 on wlan0 (296 Bytes)
04-24 03:51:40.553  2517  2517 I olsrd   : detected duplicate packet with seqnr 0xdde2 from 10.1.1.10 on wlan0 (1000 Bytes)
04-24 03:51:48.051  2517  2517 I olsrd   : detected duplicate packet with seqnr 0x7fbe from 10.1.1.34 on wlan0 (956 Bytes)
04-24 03:51:48.251  2517  2517 I olsrd   : detected duplicate packet with seqnr 0x7fbf from 10.1.1.34 on wlan0 (1404 Bytes)
04-24 03:51:48.261  2517  2517 I olsrd   : detected duplicate packet with seqnr 0x7fbf from 10.1.1.34 on wlan0 (1404 Bytes)
04-24 03:51:52.875  2517  2517 I olsrd   : detected duplicate packet with seqnr 0x4cbf from 10.1.1.9 on wlan0 (680 Bytes)
04-24 03:51:52.875  2517  2517 I olsrd   : detected duplicate packet with seqnr 0x4cbf from 10.1.1.9 on wlan0 (680 Bytes)
04-24 03:51:52.885  2517  2517 I olsrd   : detected duplicate packet with seqnr 0x4cbf from 10.1.1.9 on wlan0 (680 Bytes)
04-24 03:51:52.885  2517  2517 I olsrd   : detected duplicate packet with seqnr 0x4cbf from 10.1.1.9 on wlan0 (680 Bytes)
04-24 03:51:53.026  2517  2517 I olsrd   : detected duplicate packet with seqnr 0x4cbf from 10.1.1.9 on wlan0 (680 Bytes)
04-24 03:51:56.189  2517  2517 I olsrd   : detected duplicate packet with seqnr 0xddef from 10.1.1.10 on wlan0 (1144 Bytes)
04-24 03:51:56.199  2517  2517 I olsrd   : detected duplicate packet with seqnr 0xddef from 10.1.1.10 on wlan0 (1144 Bytes)
04-24 03:51:56.199  2517  2517 I olsrd   : detected duplicate packet with seqnr 0xddef from 10.1.1.10 on wlan0 (1144 Bytes)
04-24 03:51:58.251  2517  2517 I olsrd   : detected duplicate packet with seqnr 0x94 from 10.1.1.6 on wlan0 (272 Bytes)
04-24 03:51:59.122  2517  2517 I olsrd   : detected duplicate packet with seqnr 0xcfac from 10.1.1.25 on wlan0 (1380 Bytes)
04-24 03:52:00.313  2517  2517 I olsrd   : detected duplicate packet with seqnr 0xf8a from 10.1.1.12 on wlan0 (492 Bytes)
04-24 03:52:00.313  2517  2517 I olsrd   : detected duplicate packet with seqnr 0xf8a from 10.1.1.12 on wlan0 (492 Bytes)
04-24 03:52:00.323  2517  2517 I olsrd   : detected duplicate packet with seqnr 0xf8a from 10.1.1.12 on wlan0 (492 Bytes)
04-24 03:52:00.323  2517  2517 I olsrd   : detected duplicate packet with seqnr 0xf8a from 10.1.1.12 on wlan0 (492 Bytes)
04-24 03:52:00.323  2517  2517 I olsrd   : detected duplicate packet with seqnr 0xf8a from 10.1.1.12 on wlan0 (492 Bytes)
04-24 03:52:00.333  2517  2517 I olsrd   : detected duplicate packet with seqnr 0xf8a from 10.1.1.12 on wlan0 (492 Bytes)
04-24 03:52:00.513  2517  2517 I olsrd   : detected duplicate packet with seqnr 0xf8a from 10.1.1.12 on wlan0 (492 Bytes)
04-24 03:52:00.863  2517  2517 I olsrd   : detected duplicate packet with seqnr 0xaa95 from 10.1.1.27 on wlan0 (676 Bytes)
04-24 03:52:00.883  2517  2517 I olsrd   : detected duplicate packet with seqnr 0xaa95 from 10.1.1.27 on wlan0 (676 Bytes)
04-24 03:52:00.883  2517  2517 I olsrd   : detected duplicate packet with seqnr 0xaa95 from 10.1.1.27 on wlan0 (676 Bytes)
04-24 03:52:00.883  2517  2517 I olsrd   : detected duplicate packet with seqnr 0xaa95 from 10.1.1.27 on wlan0 (676 Bytes)
04-24 03:52:00.883  2517  2517 I olsrd   : detected duplicate packet with seqnr 0xaa95 from 10.1.1.27 on wlan0 (676 Bytes)
04-24 03:52:01.624  2517  2517 I olsrd   : detected duplicate packet with seqnr 0x9b from 10.1.1.6 on wlan0 (1016 Bytes)
04-24 03:52:03.726  2517  2517 I olsrd   : detected duplicate packet with seqnr 0xaa97 from 10.1.1.27 on wlan0 (500 Bytes)
04-24 03:52:04.577  2517  2517 I olsrd   : detected duplicate packet with seqnr 0xaa97 from 10.1.1.27 on wlan0 (500 Bytes)
04-24 03:52:05.187  2517  2517 I olsrd   : detected duplicate packet with seqnr 0xddfc from 10.1.1.10 on wlan0 (1244 Bytes)
04-24 03:52:05.187  2517  2517 I olsrd   : detected duplicate packet with seqnr 0xddfc from 10.1.1.10 on wlan0 (1244 Bytes)
04-24 03:52:05.187  2517  2517 I olsrd   : detected duplicate packet with seqnr 0xddfc from 10.1.1.10 on wlan0 (1244 Bytes)
04-24 03:52:05.187  2517  2517 I olsrd   : detected duplicate packet with seqnr 0xddfc from 10.1.1.10 on wlan0 (1244 Bytes)
04-24 03:52:05.187  2517  2517 I olsrd   : detected duplicate packet with seqnr 0xddfc from 10.1.1.10 on wlan0 (1244 Bytes)
04-24 03:52:05.228  2517  2517 I olsrd   : detected duplicate packet with seqnr 0xddfc from 10.1.1.10 on wlan0 (1244 Bytes)
04-24 03:52:05.228  2517  2517 I olsrd   : detected duplicate packet with seqnr 0xddfc from 10.1.1.10 on wlan0 (1244 Bytes)
04-24 03:52:05.228  2517  2517 I olsrd   : detected duplicate packet with seqnr 0xddfc from 10.1.1.10 on wlan0 (1244 Bytes)
04-24 03:52:08.581  2517  2517 I olsrd   : detected duplicate packet with seqnr 0x30a7 from 10.1.1.1 on wlan0 (1192 Bytes)
04-24 03:52:08.591  2517  2517 I olsrd   : detected duplicate packet with seqnr 0x30a7 from 10.1.1.1 on wlan0 (1192 Bytes)
04-24 03:52:08.631  2517  2517 I olsrd   : detected duplicate packet with seqnr 0x30a7 from 10.1.1.1 on wlan0 (1192 Bytes)
04-24 03:52:12.314  2517  2517 I olsrd   : detected duplicate packet with seqnr 0x4e8a from 10.1.1.4 on wlan0 (1460 Bytes)
04-24 03:52:12.475  2517  2517 I olsrd   : detected duplicate packet with seqnr 0xde08 from 10.1.1.10 on wlan0 (1364 Bytes)
04-24 03:52:12.515  2517  2517 I olsrd   : detected duplicate packet with seqnr 0xde08 from 10.1.1.10 on wlan0 (1364 Bytes)
04-24 03:52:13.616  2517  2517 I olsrd   : detected duplicate packet with seqnr 0x6580 from 10.1.1.37 on wlan0 (1468 Bytes)
04-24 03:52:14.016  2517  2517 I olsrd   : detected duplicate packet with seqnr 0xa7 from 10.1.1.6 on wlan0 (1412 Bytes)
04-24 03:52:15.377  2517  2517 I olsrd   : detected duplicate packet with seqnr 0x65b8 from 10.1.1.24 on wlan0 (1032 Bytes)
04-24 03:52:16.689  2517  2517 I olsrd   : detected duplicate packet with seqnr 0x4cdc from 10.1.1.9 on wlan0 (1056 Bytes)
04-24 03:52:17.339  2517  2517 I olsrd   : detected duplicate packet with seqnr 0x4cea from 10.1.1.9 on wlan0 (1364 Bytes)
04-24 03:52:19.011  2517  2517 I olsrd   : detected duplicate packet with seqnr 0xfaa from 10.1.1.12 on wlan0 (1052 Bytes)
04-24 03:52:19.011  2517  2517 I olsrd   : detected duplicate packet with seqnr 0xfaa from 10.1.1.12 on wlan0 (1052 Bytes)
04-24 03:52:20.963  2517  2517 I olsrd   : detected duplicate packet with seqnr 0x27cc from 10.1.1.16 on wlan0 (1420 Bytes)
04-24 03:52:22.975  2517  2517 I olsrd   : detected duplicate packet with seqnr 0xb4 from 10.1.1.6 on wlan0 (1236 Bytes)
04-24 03:52:23.425  2517  2517 I olsrd   : detected duplicate packet with seqnr 0x30ba from 10.1.1.1 on wlan0 (960 Bytes)
04-24 03:52:26.538  2517  2517 I olsrd   : detected duplicate packet with seqnr 0xde2a from 10.1.1.10 on wlan0 (1308 Bytes)
04-24 03:52:26.538  2517  2517 I olsrd   : detected duplicate packet with seqnr 0xde2a from 10.1.1.10 on wlan0 (1308 Bytes)
04-24 03:52:27.900  2517  2517 I olsrd   : detected duplicate packet with seqnr 0xfbe from 10.1.1.12 on wlan0 (1404 Bytes)
04-24 03:52:29.902  2517  2517 I olsrd   : detected duplicate packet with seqnr 0x4ebc from 10.1.1.4 on wlan0 (1404 Bytes)
04-24 03:52:29.902  2517  2517 I olsrd   : detected duplicate packet with seqnr 0x4ebc from 10.1.1.4 on wlan0 (1404 Bytes)
04-24 03:52:32.374  2517  2517 I olsrd   : detected duplicate packet with seqnr 0x30bd from 10.1.1.1 on wlan0 (1460 Bytes)
04-24 03:52:33.225  2517  2517 I olsrd   : detected duplicate packet with seqnr 0xc3 from 10.1.1.6 on wlan0 (1444 Bytes)
04-24 03:52:33.225  2517  2517 I olsrd   : detected duplicate packet with seqnr 0xc3 from 10.1.1.6 on wlan0 (1444 Bytes)
04-24 03:52:38.100  2517  2517 I olsrd   : detected duplicate packet with seqnr 0x4d05 from 10.1.1.9 on wlan0 (1248 Bytes)
04-24 03:52:39.801  2517  2517 I olsrd   : detected duplicate packet with seqnr 0x30c5 from 10.1.1.1 on wlan0 (1396 Bytes)
04-24 03:52:39.801  2517  2517 I olsrd   : detected duplicate packet with seqnr 0x30c5 from 10.1.1.1 on wlan0 (1396 Bytes)
04-24 03:52:41.163  2517  2517 I olsrd   : detected duplicate packet with seqnr 0x7a2a from 10.1.1.28 on wlan0 (1204 Bytes)
04-24 03:52:41.163  2517  2517 I olsrd   : detected duplicate packet with seqnr 0x7a2a from 10.1.1.28 on wlan0 (1204 Bytes)
04-24 03:52:41.363  2517  2517 I olsrd   : detected duplicate packet with seqnr 0xbed3 from 10.1.1.23 on wlan0 (1364 Bytes)
04-24 03:52:41.363  2517  2517 I olsrd   : detected duplicate packet with seqnr 0xbed3 from 10.1.1.23 on wlan0 (1364 Bytes)
04-24 03:52:52.073  2517  2517 I olsrd   : Removing interface wlan0
04-24 03:52:52.073  2517  2517 E olsrd   : OLSR: sendto IPv4 m
04-24 03:52:52.083   805   869 D Tethering: InitialState.processMessage what=4
04-24 03:52:52.083   805   869 D Tethering: Exception adding default nw to upstreamIfaceTypes: java.lang.NullPointerException
04-24 03:52:52.083   805   869 D Tethering: sendTetherStateChangedBroadcast 1, 0, 0
04-24 03:52:52.083   805  1231 D Tethering: Exception adding default nw to upstreamIfaceTypes: java.lang.NullPointerException
04-24 03:53:05.017   805   832 W ProcessStats: Skipping unknown process pid 4751
04-24 03:54:05.057   805   832 W ProcessStats: Skipping unknown process pid 5122
04-24 03:54:05.057   805   832 W ProcessStats: Skipping unknown process pid 5123
04-24 03:54:05.057   805   832 W ProcessStats: Skipping unknown process pid 5124
04-24 03:54:13.636  5187  5187 W libc    : void endpwent()(3) is not implemented on Android
04-24 03:54:13.636   251   251 I busybox : void endpwent()(3) is not implemented on Android
04-24 03:54:13.726  5189  5189 W libc    : void endpwent()(3) is not implemented on Android
04-24 03:54:13.917  1420  1427 E MP-Decision: num online cores: 1 reqd : 2 available : 4 rq_depth:1.100000 hotplug_avg_load_dw: 63
04-24 03:54:13.917  1420  1427 E MP-Decision: UP cpu:1 core_idx:1 Nw:1.900000 Tw:140 total_time_up:0.000000
