--------- beginning of /dev/log/main
04-24 04:16:29.467  1421  1427 E MP-Decision: num online cores: 2 reqd : 1 available : 4 rq_depth:0.000000 hotplug_avg_load_dw: 11
04-24 04:16:29.467  1421  1427 E MP-Decision: DOWN cpu:1 core_idx:1 Ns:1.100000 Ts:190 total_time_down:96.000000
04-24 04:16:32.350 10386 10386 D dalvikvm: Not late-enabling CheckJNI (already on)
--------- beginning of /dev/log/system
04-24 04:16:32.360   805   826 I ActivityManager: Start proc edu.mit.ll.cbmen.monitor for service edu.mit.ll.cbmen.monitor/.MonitorService: pid=10386 uid=10055 gids={50055, 1015, 3003, 1028}
04-24 04:16:32.420 10386 10386 I MonitorService: onCreate() MonitorService
04-24 04:16:32.430 10386 10386 D AndroidRuntime: Shutting down VM
04-24 04:16:32.430 10386 10386 W dalvikvm: threadid=1: thread exiting with uncaught exception (group=0x418fe7c0)
04-24 04:16:32.430 10386 10386 I Process : Sending signal. PID: 10386 SIG: 9
04-24 04:16:32.430 10386 10386 E AndroidRuntime: FATAL EXCEPTION: main
04-24 04:16:32.430 10386 10386 E AndroidRuntime: java.lang.RuntimeException: Unable to start service edu.mit.ll.cbmen.monitor.MonitorService@41b82530 with null: java.lang.NullPointerException
04-24 04:16:32.430 10386 10386 E AndroidRuntime: 	at android.app.ActivityThread.handleServiceArgs(ActivityThread.java:2849)
04-24 04:16:32.430 10386 10386 E AndroidRuntime: 	at android.app.ActivityThread.access$1900(ActivityThread.java:153)
04-24 04:16:32.430 10386 10386 E AndroidRuntime: 	at android.app.ActivityThread$H.handleMessage(ActivityThread.java:1366)
04-24 04:16:32.430 10386 10386 E AndroidRuntime: 	at android.os.Handler.dispatchMessage(Handler.java:99)
04-24 04:16:32.430 10386 10386 E AndroidRuntime: 	at android.os.Looper.loop(Looper.java:137)
04-24 04:16:32.430 10386 10386 E AndroidRuntime: 	at android.app.ActivityThread.main(ActivityThread.java:5289)
04-24 04:16:32.430 10386 10386 E AndroidRuntime: 	at java.lang.reflect.Method.invokeNative(Native Method)
04-24 04:16:32.430 10386 10386 E AndroidRuntime: 	at java.lang.reflect.Method.invoke(Method.java:525)
04-24 04:16:32.430 10386 10386 E AndroidRuntime: 	at com.android.internal.os.ZygoteInit$MethodAndArgsCaller.run(ZygoteInit.java:739)
04-24 04:16:32.430 10386 10386 E AndroidRuntime: 	at com.android.internal.os.ZygoteInit.main(ZygoteInit.java:555)
04-24 04:16:32.430 10386 10386 E AndroidRuntime: 	at dalvik.system.NativeStart.main(Native Method)
04-24 04:16:32.430 10386 10386 E AndroidRuntime: Caused by: java.lang.NullPointerException
04-24 04:16:32.430 10386 10386 E AndroidRuntime: 	at edu.mit.ll.cbmen.monitor.MonitorService.onStartCommand(MonitorService.java:773)
04-24 04:16:32.430 10386 10386 E AndroidRuntime: 	at android.app.ActivityThread.handleServiceArgs(ActivityThread.java:2832)
04-24 04:16:32.430 10386 10386 E AndroidRuntime: 	... 10 more
04-24 04:16:32.440  1421  1427 E MP-Decision: num online cores: 1 reqd : 2 available : 4 rq_depth:2.500000 hotplug_avg_load_dw: 25
04-24 04:16:32.440  1421  1427 E MP-Decision: UP cpu:1 core_idx:1 Nw:1.900000 Tw:140 total_time_up:146.000000
04-24 04:16:32.440   805  1110 I ActivityManager: Process edu.mit.ll.cbmen.monitor (pid 10386) has died.
04-24 04:16:32.440   805  1110 W ActivityManager: Scheduling restart of crashed service edu.mit.ll.cbmen.monitor/.MonitorService in 20000ms
04-24 04:16:32.550  1421  1427 E MP-Decision: num online cores: 2 reqd : 1 available : 4 rq_depth:0.000000 hotplug_avg_load_dw: 16
04-24 04:16:32.550  1421  1427 E MP-Decision: DOWN cpu:1 core_idx:1 Ns:1.100000 Ts:190 total_time_down:60.000000
04-24 04:16:52.469 10538 10538 D dalvikvm: Not late-enabling CheckJNI (already on)
04-24 04:16:52.479   805   826 I ActivityManager: Start proc edu.mit.ll.cbmen.monitor for service edu.mit.ll.cbmen.monitor/.MonitorService: pid=10538 uid=10055 gids={50055, 1015, 3003, 1028}
04-24 04:16:52.539 10538 10538 I MonitorService: onCreate() MonitorService
04-24 04:16:52.549 10538 10538 D AndroidRuntime: Shutting down VM
04-24 04:16:52.549 10538 10538 W dalvikvm: threadid=1: thread exiting with uncaught exception (group=0x418fe7c0)
04-24 04:16:52.549 10538 10538 I Process : Sending signal. PID: 10538 SIG: 9
04-24 04:16:52.549 10538 10538 E AndroidRuntime: FATAL EXCEPTION: main
04-24 04:16:52.549 10538 10538 E AndroidRuntime: java.lang.RuntimeException: Unable to start service edu.mit.ll.cbmen.monitor.MonitorService@41b83428 with null: java.lang.NullPointerException
04-24 04:16:52.549 10538 10538 E AndroidRuntime: 	at android.app.ActivityThread.handleServiceArgs(ActivityThread.java:2849)
04-24 04:16:52.549 10538 10538 E AndroidRuntime: 	at android.app.ActivityThread.access$1900(ActivityThread.java:153)
04-24 04:16:52.549 10538 10538 E AndroidRuntime: 	at android.app.ActivityThread$H.handleMessage(ActivityThread.java:1366)
04-24 04:16:52.549 10538 10538 E AndroidRuntime: 	at android.os.Handler.dispatchMessage(Handler.java:99)
04-24 04:16:52.549 10538 10538 E AndroidRuntime: 	at android.os.Looper.loop(Looper.java:137)
04-24 04:16:52.549 10538 10538 E AndroidRuntime: 	at android.app.ActivityThread.main(ActivityThread.java:5289)
04-24 04:16:52.549 10538 10538 E AndroidRuntime: 	at java.lang.reflect.Method.invokeNative(Native Method)
04-24 04:16:52.549 10538 10538 E AndroidRuntime: 	at java.lang.reflect.Method.invoke(Method.java:525)
04-24 04:16:52.549 10538 10538 E AndroidRuntime: 	at com.android.internal.os.ZygoteInit$MethodAndArgsCaller.run(ZygoteInit.java:739)
04-24 04:16:52.549 10538 10538 E AndroidRuntime: 	at com.android.internal.os.ZygoteInit.main(ZygoteInit.java:555)
04-24 04:16:52.549 10538 10538 E AndroidRuntime: 	at dalvik.system.NativeStart.main(Native Method)
04-24 04:16:52.549 10538 10538 E AndroidRuntime: Caused by: java.lang.NullPointerException
04-24 04:16:52.549 10538 10538 E AndroidRuntime: 	at edu.mit.ll.cbmen.monitor.MonitorService.onStartCommand(MonitorService.java:773)
04-24 04:16:52.549 10538 10538 E AndroidRuntime: 	at android.app.ActivityThread.handleServiceArgs(ActivityThread.java:2832)
04-24 04:16:52.549 10538 10538 E AndroidRuntime: 	... 10 more
04-24 04:16:52.559   805  1150 I ActivityManager: Process edu.mit.ll.cbmen.monitor (pid 10538) has died.
04-24 04:16:52.559   805  1150 W ActivityManager: Service crashed 2 times, stopping: ServiceRecord{41cf4ee0 u0 edu.mit.ll.cbmen.monitor/.MonitorService}
04-24 04:16:57.103 10590 10590 I olsrd   : Writing '1' (was 1) to /proc/sys/net/ipv4/ip_forward
04-24 04:16:57.103 10590 10590 I olsrd   : Writing '0' (was 1) to /proc/sys/net/ipv4/conf/all/send_redirects
04-24 04:16:57.103 10590 10590 I olsrd   : Writing '0' (was 0) to /proc/sys/net/ipv4/conf/all/rp_filter
04-24 04:16:57.103 10590 10590 I olsrd   : Writing '0' (was 0) to /proc/sys/net/ipv4/conf/wlan0/send_redirects
04-24 04:16:57.103 10590 10590 I olsrd   : Writing '0' (was 0) to /proc/sys/net/ipv4/conf/wlan0/rp_filter
04-24 04:16:57.103 10590 10590 I olsrd   : Adding interface wlan0
04-24 04:16:57.103 10590 10590 I olsrd   : New main address: 10.1.1.7
04-24 04:16:57.113 10595 10595 I olsrd   : olsr.org -  0.6.6.2-n -git_0000000 -n -hash_ 7985605520f3cae9b305d56e83b35d9c successfully started
04-24 04:18:00.153  1421  1427 E MP-Decision: num online cores: 1 reqd : 2 available : 4 rq_depth:2.100000 hotplug_avg_load_dw: 25
04-24 04:18:00.153  1421  1427 E MP-Decision: UP cpu:1 core_idx:1 Nw:1.900000 Tw:140 total_time_up:146.000000
04-24 04:18:00.203  1421  1427 E MP-Decision: num online cores: 2 reqd : 1 available : 4 rq_depth:0.000000 hotplug_avg_load_dw: 7
04-24 04:18:00.203  1421  1427 E MP-Decision: DOWN cpu:1 core_idx:1 Ns:1.100000 Ts:190 total_time_down:46.000000
04-24 04:18:46.947 10595 10595 I olsrd   : detected duplicate packet with seqnr 0x2f5a from 10.1.1.10 on wlan0 (180 Bytes)
04-24 04:21:24.707  1421  1427 E MP-Decision: num online cores: 1 reqd : 2 available : 4 rq_depth:3.200000 hotplug_avg_load_dw: 25
04-24 04:21:24.707  1421  1427 E MP-Decision: UP cpu:1 core_idx:1 Nw:1.900000 Tw:140 total_time_up:140.000000
04-24 04:21:25.008  1421  1427 E MP-Decision: num online cores: 2 reqd : 1 available : 4 rq_depth:1.200000 hotplug_avg_load_dw: 16
04-24 04:21:25.008  1421  1427 E MP-Decision: DOWN cpu:1 core_idx:1 Ns:1.100000 Ts:190 total_time_down:0.000000
04-24 04:22:37.187  1421  1427 E MP-Decision: num online cores: 1 reqd : 2 available : 4 rq_depth:2.500000 hotplug_avg_load_dw: 34
04-24 04:22:37.187  1421  1427 E MP-Decision: UP cpu:1 core_idx:1 Nw:1.900000 Tw:140 total_time_up:146.000000
04-24 04:22:37.457 13458 13458 D AndroidRuntime: 
04-24 04:22:37.457 13458 13458 D AndroidRuntime: >>>>>> AndroidRuntime START com.android.internal.os.RuntimeInit <<<<<<
04-24 04:22:37.457 13458 13458 D AndroidRuntime: CheckJNI is ON
04-24 04:22:37.457 13458 13458 E dalvikvm: ERROR: must specify non-'.' bootclasspath
04-24 04:22:37.457 13458 13458 W dalvikvm: CreateJavaVM failed: dvmClassStartup failed
04-24 04:22:37.457 13458 13458 E AndroidRuntime: JNI_CreateJavaVM failed
04-24 04:22:37.617 10595 10595 I olsrd   : Writing '1' (was 0) to /proc/sys/net/ipv4/conf/all/send_redirects
04-24 04:22:37.617 10595 10595 I olsrd   : olsr.org -  0.6.6.2-n -git_0000000 -n -hash_ 7985605520f3cae9b305d56e83b35d9c stopped
04-24 04:22:38.688  1421  1427 E MP-Decision: num online cores: 2 reqd : 1 available : 4 rq_depth:0.000000 hotplug_avg_load_dw: 27
04-24 04:22:38.688  1421  1427 E MP-Decision: DOWN cpu:1 core_idx:1 Ns:1.100000 Ts:190 total_time_down:409.000000
04-24 04:22:38.938  1421  1427 E MP-Decision: num online cores: 1 reqd : 2 available : 4 rq_depth:1.400000 hotplug_avg_load_dw: 66
04-24 04:22:38.938  1421  1427 E MP-Decision: UP cpu:1 core_idx:1 Nw:1.900000 Tw:140 total_time_up:0.000000
04-24 04:22:39.559 13571 13571 D AndroidRuntime: 
04-24 04:22:39.559 13571 13571 D AndroidRuntime: >>>>>> AndroidRuntime START com.android.internal.os.RuntimeInit <<<<<<
04-24 04:22:39.559 13571 13571 D AndroidRuntime: CheckJNI is ON
04-24 04:22:39.559 13571 13571 E dalvikvm: ERROR: must specify non-'.' bootclasspath
04-24 04:22:39.559 13571 13571 W dalvikvm: CreateJavaVM failed: dvmClassStartup failed
04-24 04:22:39.559 13571 13571 E AndroidRuntime: JNI_CreateJavaVM failed
04-24 04:22:39.859 13572 13572 D AndroidRuntime: 
04-24 04:22:39.859 13572 13572 D AndroidRuntime: >>>>>> AndroidRuntime START com.android.internal.os.RuntimeInit <<<<<<
04-24 04:22:39.859 13572 13572 D AndroidRuntime: CheckJNI is ON
04-24 04:22:39.859 13572 13572 E dalvikvm: ERROR: must specify non-'.' bootclasspath
04-24 04:22:39.859 13572 13572 W dalvikvm: CreateJavaVM failed: dvmClassStartup failed
04-24 04:22:39.859 13572 13572 E AndroidRuntime: JNI_CreateJavaVM failed
