--------- beginning of /dev/log/main
04-24 07:02:21.708  1403  1410 E MP-Decision: num online cores: 2 reqd : 1 available : 4 rq_depth:0.000000 hotplug_avg_load_dw: 22
04-24 07:02:21.708  1403  1410 E MP-Decision: DOWN cpu:1 core_idx:1 Ns:1.100000 Ts:190 total_time_down:911.000000
04-24 07:02:21.958  1403  1410 E MP-Decision: num online cores: 1 reqd : 2 available : 4 rq_depth:1.000000 hotplug_avg_load_dw: 62
04-24 07:02:21.958  1403  1410 E MP-Decision: UP cpu:1 core_idx:1 Nw:1.900000 Tw:140 total_time_up:0.000000
04-24 07:02:22.529 22974 22974 D AndroidRuntime: 
04-24 07:02:22.529 22974 22974 D AndroidRuntime: >>>>>> AndroidRuntime START com.android.internal.os.RuntimeInit <<<<<<
04-24 07:02:22.529 22974 22974 D AndroidRuntime: CheckJNI is ON
04-24 07:02:22.529 22974 22974 E dalvikvm: ERROR: must specify non-'.' bootclasspath
04-24 07:02:22.529 22974 22974 W dalvikvm: CreateJavaVM failed: dvmClassStartup failed
04-24 07:02:22.529 22974 22974 E AndroidRuntime: JNI_CreateJavaVM failed
04-24 07:02:22.879 22975 22975 D AndroidRuntime: 
04-24 07:02:22.879 22975 22975 D AndroidRuntime: >>>>>> AndroidRuntime START com.android.internal.os.RuntimeInit <<<<<<
04-24 07:02:22.879 22975 22975 D AndroidRuntime: CheckJNI is ON
04-24 07:02:22.879 22975 22975 E dalvikvm: ERROR: must specify non-'.' bootclasspath
04-24 07:02:22.879 22975 22975 W dalvikvm: CreateJavaVM failed: dvmClassStartup failed
04-24 07:02:22.879 22975 22975 E AndroidRuntime: JNI_CreateJavaVM failed
04-24 07:02:23.750  1403  1410 E MP-Decision: num online cores: 2 reqd : 1 available : 4 rq_depth:0.000000 hotplug_avg_load_dw: 29
04-24 07:02:23.750  1403  1410 E MP-Decision: DOWN cpu:1 core_idx:1 Ns:1.100000 Ts:190 total_time_down:1664.000000
04-24 07:20:00.140 23153 23153 I olsrd   : Writing '1' (was 1) to /proc/sys/net/ipv4/ip_forward
04-24 07:20:00.140 23153 23153 I olsrd   : Writing '0' (was 1) to /proc/sys/net/ipv4/conf/all/send_redirects
04-24 07:20:00.140 23153 23153 I olsrd   : Writing '0' (was 0) to /proc/sys/net/ipv4/conf/all/rp_filter
04-24 07:20:00.140 23153 23153 I olsrd   : Writing '0' (was 0) to /proc/sys/net/ipv4/conf/wlan0/send_redirects
04-24 07:20:00.150 23153 23153 I olsrd   : Writing '0' (was 0) to /proc/sys/net/ipv4/conf/wlan0/rp_filter
04-24 07:20:00.150 23153 23153 I olsrd   : Adding interface wlan0
04-24 07:20:00.150 23153 23153 I olsrd   : New main address: 10.1.1.35
04-24 07:20:00.150 23158 23158 I olsrd   : olsr.org -  0.6.6.2-n -git_0000000 -n -hash_ 7985605520f3cae9b305d56e83b35d9c successfully started
--------- beginning of /dev/log/system
04-24 07:20:05.045   782   806 W ProcessStats: Skipping unknown process pid 23195
04-24 07:20:05.055   782   806 W ProcessStats: Skipping unknown process pid 23196
04-24 07:20:05.055   782   806 W ProcessStats: Skipping unknown process pid 23197
04-24 07:25:40.085 23158 23158 I olsrd   : Removing interface wlan0
04-24 07:25:40.085   782   847 D Tethering: InitialState.processMessage what=4
04-24 07:25:40.085   782   847 D Tethering: Exception adding default nw to upstreamIfaceTypes: java.lang.NullPointerException
04-24 07:25:40.095   782   847 D Tethering: sendTetherStateChangedBroadcast 1, 0, 0
04-24 07:25:40.105   782   782 D Tethering: Exception adding default nw to upstreamIfaceTypes: java.lang.NullPointerException
04-24 07:33:05.043   782   806 W ProcessStats: Skipping unknown process pid 29669
04-24 07:33:05.043   782   806 W ProcessStats: Skipping unknown process pid 29670
04-24 07:33:05.043   782   806 W ProcessStats: Skipping unknown process pid 29671
04-24 07:52:35.566   782   801 E Sensors : Acc old sensor_state 0, new sensor_state : 1 en : 1
04-24 07:52:35.566   782   802 I PowerManagerService: Waking up from sleep...
04-24 07:52:35.586   782   821 E LightSensor: Light old sensor_state 1, new sensor_state : 129 en : 1
04-24 07:52:35.696  1076  1076 D PhoneApp: mReceiver: ACTION_SCREEN_OFF / ACTION_SCREEN_ON
04-24 07:52:35.696  1076  1076 D AccelerometerListener: enable(false)
04-24 07:52:35.716  1403  1410 E MP-Decision: num online cores: 1 reqd : 2 available : 4 rq_depth:3.100000 hotplug_avg_load_dw: 23
04-24 07:52:35.716  1403  1410 E MP-Decision: UP cpu:1 core_idx:1 Nw:1.900000 Tw:140 total_time_up:146.000000
04-24 07:52:35.746   782   802 D InputEventConsistencyVerifier: KeyEvent: ACTION_UP but key was not down.
04-24 07:52:35.746   782   802 D InputEventConsistencyVerifier:   in android.view.ViewRootImpl@41831b30
04-24 07:52:35.746   782   802 D InputEventConsistencyVerifier:   0: sent at 15785980000000, KeyEvent { action=ACTION_UP, keyCode=KEYCODE_HOME, scanCode=172, metaState=0, flags=0x8, repeatCount=0, eventTime=15785980, downTime=15785811, deviceId=6, source=0x101 }
04-24 07:52:35.746   782   802 D InputEventConsistencyVerifier:   -- recent events --
04-24 07:52:35.746   782   802 D InputEventConsistencyVerifier:   1: sent at 5155820000000, KeyEvent { action=ACTION_UP, keyCode=KEYCODE_HOME, scanCode=172, metaState=0, flags=0x80000008, repeatCount=0, eventTime=5155820, downTime=5155692, deviceId=6, source=0x101 }
04-24 07:52:35.746   782   802 I WindowManager: Lock screen displayed!
04-24 07:52:36.087  1403  1410 E MP-Decision: num online cores: 2 reqd : 1 available : 4 rq_depth:0.000000 hotplug_avg_load_dw: 23
04-24 07:52:36.087  1403  1410 E MP-Decision: DOWN cpu:1 core_idx:1 Ns:1.100000 Ts:190 total_time_down:217.000000
04-24 07:52:36.207   782  1792 D PowerManagerService-JNI: Excessive delay in autosuspend_disable() while turning screen on: 622ms
04-24 07:52:36.207   313   370 D SurfaceFlinger: Screen acquired, type=0 flinger=0xb7e66478
04-24 07:52:36.207   313   370 D qdhwcomposer: hwc_blank: Unblanking display: 0
04-24 07:52:36.207   313   370 D qdhwcomposer: hwc_blank: Done unblanking display: 0
04-24 07:52:36.377   782  8666 D LightsService: Excessive delay setting light: 145ms
04-24 07:52:36.437   782  8666 D LightsService: Excessive delay setting light: 64ms
04-24 07:52:37.128   782   821 E LightSensor: Light old sensor_state 129, new sensor_state : 1 en : 0
04-24 07:52:37.128   782   829 I PowerManagerService: Going to sleep by user request...
04-24 07:52:37.438  1403  1410 E MP-Decision: num online cores: 1 reqd : 2 available : 4 rq_depth:2.000000 hotplug_avg_load_dw: 44
04-24 07:52:37.438  1403  1410 E MP-Decision: UP cpu:1 core_idx:1 Nw:1.900000 Tw:140 total_time_up:147.000000
04-24 07:52:37.488  1403  1410 E MP-Decision: num online cores: 2 reqd : 1 available : 4 rq_depth:1.000000 hotplug_avg_load_dw: 17
04-24 07:52:37.488  1403  1410 E MP-Decision: DOWN cpu:1 core_idx:1 Ns:1.100000 Ts:190 total_time_down:46.000000
04-24 07:52:37.738   782   801 E Sensors : Acc old sensor_state 1, new sensor_state : 0 en : 0
04-24 07:52:37.748  1076  1076 D PhoneApp: mReceiver: ACTION_SCREEN_OFF / ACTION_SCREEN_ON
04-24 07:52:37.748  1076  1076 D AccelerometerListener: enable(false)
04-24 07:52:37.778   782   802 V KeyguardHostView: Keyguard widgets disabled by DPM
04-24 07:52:37.778   782   802 V KeyguardHostView: Keyguard secure camera disabled by DPM
04-24 07:52:37.838  1403  1410 E MP-Decision: num online cores: 1 reqd : 2 available : 4 rq_depth:3.900000 hotplug_avg_load_dw: 33
04-24 07:52:37.838  1403  1410 E MP-Decision: UP cpu:1 core_idx:1 Nw:1.900000 Tw:140 total_time_up:145.000000
04-24 07:52:37.868   782 10475 D LightsService: Excessive delay setting light: 176ms
04-24 07:52:37.868   313   370 D SurfaceFlinger: Screen released, type=0 flinger=0xb7e66478
04-24 07:52:37.878   313   370 D qdhwcomposer: hwc_blank: Blanking display: 0
04-24 07:52:37.888  1403  1410 E MP-Decision: num online cores: 2 reqd : 4 available : 4 rq_depth:4.100000 hotplug_avg_load_dw: 108
04-24 07:52:37.888  1403  1410 E MP-Decision: UP cpu:1 core_idx:1 Nw:1.900000 Tw:140 total_time_up:0.000000
04-24 07:52:37.888  1403  1410 E MP-Decision: UP cpu:2 core_idx:2 Nw:2.700000 Tw:90 total_time_up:191.000000
04-24 07:52:37.888  1403  1410 E MP-Decision: UP cpu:3 core_idx:3 Nw:3.500000 Tw:90 total_time_up:143.000000
04-24 07:52:37.918   782   786 D dalvikvm: JIT code cache reset in 1 ms (1048572 bytes 1/0)
04-24 07:52:38.029   782   802 V KeyguardHostView: hide transport, gen:3
04-24 07:52:38.029   782   802 V KeyguardHostView: music state changed: 0
04-24 07:52:38.139   313   370 D qdhwcomposer: hwc_blank: Done blanking display: 0
04-24 07:52:38.139   782 10475 D SurfaceControl: Excessive delay in blankDisplay() while turning screen off: 270ms
04-24 07:52:38.189  1403  1410 E MP-Decision: num online cores: 4 reqd : 3 available : 4 rq_depth:1.300000 hotplug_avg_load_dw: 68
04-24 07:52:38.189  1403  1410 E MP-Decision: DOWN cpu:3 core_idx:3 Ns:3.100000 Ts:240 total_time_down:287.000000
04-24 07:52:38.289  1403  1410 E MP-Decision: num online cores: 3 reqd : 1 available : 4 rq_depth:0.000000 hotplug_avg_load_dw: 8
04-24 07:52:38.289  1403  1410 E MP-Decision: DOWN cpu:2 core_idx:2 Ns:2.100000 Ts:240 total_time_down:242.000000
04-24 07:52:38.299  1403  1410 E MP-Decision: DOWN cpu:1 core_idx:1 Ns:1.100000 Ts:190 total_time_down:97.000000
04-24 07:54:48.537   782   806 W BroadcastQueue: Timeout of broadcast BroadcastRecord{41ae0f98 u0 com.android.server.action.NETWORK_STATS_POLL} - receiver=android.app.LoadedApk$ReceiverDispatcher$InnerReceiver@4181ff00, started 60019ms ago
04-24 07:54:48.537   782   806 W BroadcastQueue: Receiver during timeout: BroadcastFilter{41b51e38 u0 ReceiverList{41b53c70 782 system/1000/u0 local:4181ff00}}
04-24 07:55:05.073   782   806 W ProcessStats: Skipping unknown process pid 8578
04-24 08:06:58.306 14545 14545 D dalvikvm: Not late-enabling CheckJNI (already on)
04-24 08:06:58.316   782   806 I ActivityManager: Start proc edu.mit.ll.NletLog.android for service edu.mit.ll.NletLog.android/.LoggerService: pid=14545 uid=10056 gids={50056, 1015, 3003, 1028}
04-24 08:06:58.356 14545 14545 I dalvikvm: Turning on JNI app bug workarounds for target SDK version 12...
04-24 08:06:58.416  1403  1410 E MP-Decision: num online cores: 1 reqd : 2 available : 4 rq_depth:2.800000 hotplug_avg_load_dw: 33
04-24 08:06:58.416  1403  1410 E MP-Decision: UP cpu:1 core_idx:1 Nw:1.900000 Tw:140 total_time_up:146.000000
04-24 08:06:58.416 14545 14545 V LoggerService: Reading config file at /sdcard/llcbmen/startup_40/Logger.json
04-24 08:06:58.416 14545 14545 V LoggerService: Could not read config file!
04-24 08:06:58.426 14545 14545 V LoggerService: registering broadcast receiver...
04-24 08:06:58.436 14545 14545 V LoggerService: registered broadcast receiver
04-24 08:06:58.446 14545 14545 V LoggerService: Already a BroadcastReceiver running!!
04-24 08:06:58.456 14545 14545 V LoggerService: Already a BroadcastReceiver running!!
04-24 08:06:58.466  1403  1410 E MP-Decision: num online cores: 2 reqd : 3 available : 4 rq_depth:2.700000 hotplug_avg_load_dw: 101
04-24 08:06:58.466  1403  1410 E MP-Decision: UP cpu:1 core_idx:1 Nw:1.900000 Tw:140 total_time_up:0.000000
04-24 08:06:58.466  1403  1410 E MP-Decision: UP cpu:2 core_idx:2 Nw:2.700000 Tw:90 total_time_up:192.000000
04-24 08:06:59.977  1403  1410 E MP-Decision: num online cores: 3 reqd : 2 available : 4 rq_depth:0.000000 hotplug_avg_load_dw: 45
04-24 08:06:59.977  1403  1410 E MP-Decision: DOWN cpu:2 core_idx:2 Ns:2.100000 Ts:240 total_time_down:1515.000000
04-24 08:07:00.027  1403  1410 E MP-Decision: num online cores: 2 reqd : 1 available : 4 rq_depth:1.600000 hotplug_avg_load_dw: 15
04-24 08:07:00.027  1403  1410 E MP-Decision: DOWN cpu:1 core_idx:1 Ns:1.100000 Ts:190 total_time_down:0.000000
04-24 08:08:54.961   782   820 D lights  : set_light_leds: type=0, color=0x00ffff6000, fM=0, fOnMS=0, fOffMs=0.
04-24 08:08:54.981   782   820 D lights  : write_leds: color=0x00ff6000, delay_on=0, delay_off=0, blink="0x00ff6000 0 0".
04-24 08:08:54.981   782   801 I EntropyMixer: Writing entropy...
04-24 08:08:55.031  1403  1410 E MP-Decision: num online cores: 1 reqd : 2 available : 4 rq_depth:4.300000 hotplug_avg_load_dw: 45
04-24 08:08:55.031  1403  1410 E MP-Decision: UP cpu:1 core_idx:1 Nw:1.900000 Tw:140 total_time_up:169.000000
04-24 08:08:55.071   782   821 E LightSensor: Light old sensor_state 0, new sensor_state : 128 en : 1
04-24 08:08:55.071   782   821 I PowerManagerService: Waking up from sleep...
04-24 08:08:55.111   782   801 E Sensors : Acc old sensor_state 128, new sensor_state : 129 en : 1
04-24 08:08:55.181  1076  1076 D PhoneApp: mReceiver: ACTION_SCREEN_OFF / ACTION_SCREEN_ON
04-24 08:08:55.181  1076  1076 D AccelerometerListener: enable(false)
04-24 08:08:55.191   782   802 I WindowManager: Lock screen displayed!
04-24 08:08:55.281  1403  1410 E MP-Decision: num online cores: 2 reqd : 3 available : 4 rq_depth:2.700000 hotplug_avg_load_dw: 89
04-24 08:08:55.281  1403  1410 E MP-Decision: UP cpu:1 core_idx:1 Nw:1.900000 Tw:140 total_time_up:0.000000
04-24 08:08:55.281  1403  1410 E MP-Decision: UP cpu:2 core_idx:2 Nw:2.700000 Tw:90 total_time_up:98.000000
04-24 08:08:55.371   782  1134 D Tethering: Exception adding default nw to upstreamIfaceTypes: java.lang.NullPointerException
04-24 08:08:55.381   782  1139 D Tethering: Exception adding default nw to upstreamIfaceTypes: java.lang.NullPointerException
04-24 08:08:55.391   782  1067 D Tethering: Exception adding default nw to upstreamIfaceTypes: java.lang.NullPointerException
04-24 08:08:55.391  8897  8897 D MtpService: updating state; isCurrentUser=true, mMtpLocked=true
04-24 08:08:55.401  8897  8897 D MtpService: updating state; isCurrentUser=true, mMtpLocked=true
04-24 08:08:55.411  8897  8897 D MtpService: starting MTP server in MTP mode
04-24 08:08:55.411  8897  8897 E MtpServerJNI: could not open MTP driver, errno: 16
04-24 08:08:55.411  8897 15568 E MtpServerJNI: server is null in run
04-24 08:08:55.411  8897 15568 E MtpServerJNI: server is null in cleanup
04-24 08:08:55.481   782   979 D PowerManagerService-JNI: Excessive delay in autosuspend_disable() while turning screen on: 398ms
04-24 08:08:55.481   313   370 D SurfaceFlinger: Screen acquired, type=0 flinger=0xb7e66478
04-24 08:08:55.481   313   370 D qdhwcomposer: hwc_blank: Unblanking display: 0
04-24 08:08:55.481   313   370 D qdhwcomposer: hwc_blank: Done unblanking display: 0
04-24 08:08:55.571   782  1041 D LightsService: Excessive delay setting light: 64ms
04-24 08:08:55.641   782  1041 D LightsService: Excessive delay setting light: 66ms
04-24 08:08:55.641  1403  1410 E MP-Decision: num online cores: 3 reqd : 2 available : 4 rq_depth:0.000000 hotplug_avg_load_dw: 45
04-24 08:08:55.641  1403  1410 E MP-Decision: DOWN cpu:2 core_idx:2 Ns:2.100000 Ts:240 total_time_down:248.000000
04-24 08:08:55.691  1403  1410 E MP-Decision: num online cores: 2 reqd : 1 available : 4 rq_depth:1.400000 hotplug_avg_load_dw: 15
04-24 08:08:55.691  1403  1410 E MP-Decision: DOWN cpu:1 core_idx:1 Ns:1.100000 Ts:190 total_time_down:0.000000
04-24 08:08:55.751   782  1041 D LightsService: Excessive delay setting light: 67ms
04-24 08:08:55.852   782  1041 D LightsService: Excessive delay setting light: 101ms
04-24 08:08:55.922   782  1041 D LightsService: Excessive delay setting light: 67ms
04-24 08:08:55.982   782  1041 D LightsService: Excessive delay setting light: 52ms
04-24 08:08:56.052   782  1041 D LightsService: Excessive delay setting light: 71ms
04-24 08:08:56.112   782  1041 D LightsService: Excessive delay setting light: 57ms
04-24 08:08:56.172   782  1041 D LightsService: Excessive delay setting light: 67ms
04-24 08:08:56.292   782  1041 D LightsService: Excessive delay setting light: 68ms
04-24 08:08:56.392   782  1041 D LightsService: Excessive delay setting light: 51ms
04-24 08:08:56.442   782  1041 D LightsService: Excessive delay setting light: 51ms
04-24 08:09:19.275   782  1792 D LightsService: Excessive delay setting light: 66ms
04-24 08:09:19.345   782  1792 D LightsService: Excessive delay setting light: 66ms
04-24 08:09:19.405   782  1792 D LightsService: Excessive delay setting light: 65ms
04-24 08:09:19.555   782  1792 D LightsService: Excessive delay setting light: 66ms
04-24 08:09:19.625   782  1792 D LightsService: Excessive delay setting light: 65ms
04-24 08:09:19.695   782  1792 D LightsService: Excessive delay setting light: 66ms
04-24 08:09:25.150   782   821 I PowerManagerService: Going to sleep due to screen timeout...
04-24 08:09:25.150   782   821 E LightSensor: Light old sensor_state 129, new sensor_state : 1 en : 0
04-24 08:09:25.721   782   801 E Sensors : Acc old sensor_state 1, new sensor_state : 0 en : 0
04-24 08:09:25.731  1076  1076 D PhoneApp: mReceiver: ACTION_SCREEN_OFF / ACTION_SCREEN_ON
04-24 08:09:25.731  1076  1076 D AccelerometerListener: enable(false)
04-24 08:09:25.761  1403  1410 E MP-Decision: num online cores: 1 reqd : 2 available : 4 rq_depth:4.900000 hotplug_avg_load_dw: 35
04-24 08:09:25.761  1403  1410 E MP-Decision: UP cpu:1 core_idx:1 Nw:1.900000 Tw:140 total_time_up:244.000000
04-24 08:09:25.761   782   802 V KeyguardHostView: Keyguard widgets disabled by DPM
04-24 08:09:25.761   782   802 V KeyguardHostView: Keyguard secure camera disabled by DPM
04-24 08:09:25.771   782  8666 D LightsService: Excessive delay setting light: 77ms
04-24 08:09:25.771   313   370 D SurfaceFlinger: Screen released, type=0 flinger=0xb7e66478
04-24 08:09:25.771   313   370 D qdhwcomposer: hwc_blank: Blanking display: 0
04-24 08:09:25.951   782   802 V KeyguardHostView: hide transport, gen:3
04-24 08:09:25.951   782   802 V KeyguardHostView: music state changed: 0
04-24 08:09:26.031   313   370 D qdhwcomposer: hwc_blank: Done blanking display: 0
04-24 08:09:26.031   782  8666 D SurfaceControl: Excessive delay in blankDisplay() while turning screen off: 264ms
04-24 08:09:26.231  1403  1410 E MP-Decision: num online cores: 2 reqd : 1 available : 4 rq_depth:0.000000 hotplug_avg_load_dw: 26
04-24 08:09:26.231  1403  1410 E MP-Decision: DOWN cpu:1 core_idx:1 Ns:1.100000 Ts:190 total_time_down:264.000000
04-24 08:10:05.040   782   806 W ProcessStats: Skipping unknown process pid 16167
04-24 08:10:42.366 16481 16481 W libc    : void endpwent()(3) is not implemented on Android
04-24 08:10:42.366   251   251 I busybox : void endpwent()(3) is not implemented on Android
04-24 08:10:42.487 16489 16489 W libc    : void endpwent()(3) is not implemented on Android
04-24 08:10:42.697  1403  1410 E MP-Decision: num online cores: 1 reqd : 2 available : 4 rq_depth:1.500000 hotplug_avg_load_dw: 64
04-24 08:10:42.697  1403  1410 E MP-Decision: UP cpu:1 core_idx:1 Nw:1.900000 Tw:140 total_time_up:0.000000
04-24 08:10:43.798  1403  1410 E MP-Decision: num online cores: 2 reqd : 1 available : 4 rq_depth:1.000000 hotplug_avg_load_dw: 21
04-24 08:10:43.798  1403  1410 E MP-Decision: DOWN cpu:1 core_idx:1 Ns:1.100000 Ts:190 total_time_down:235.000000
04-24 08:11:24.027 16844 16844 W libc    : void endpwent()(3) is not implemented on Android
04-24 08:11:24.027   251   251 I busybox : void endpwent()(3) is not implemented on Android
04-24 08:11:24.108 16846 16846 W libc    : void endpwent()(3) is not implemented on Android
04-24 08:11:24.308  1403  1410 E MP-Decision: num online cores: 1 reqd : 2 available : 4 rq_depth:1.700000 hotplug_avg_load_dw: 62
04-24 08:11:24.308  1403  1410 E MP-Decision: UP cpu:1 core_idx:1 Nw:1.900000 Tw:140 total_time_up:0.000000
