--------- beginning of /dev/log/main
04-24 05:47:18.749  1422  1432 E MP-Decision: num online cores: 2 reqd : 1 available : 4 rq_depth:0.000000 hotplug_avg_load_dw: 16
04-24 05:47:18.749  1422  1432 E MP-Decision: DOWN cpu:1 core_idx:1 Ns:1.100000 Ts:190 total_time_down:147.000000
04-24 05:47:19.259 14819 14819 I olsrd   : Writing '1' (was 1) to /proc/sys/net/ipv4/ip_forward
04-24 05:47:19.259 14819 14819 I olsrd   : Writing '0' (was 1) to /proc/sys/net/ipv4/conf/all/send_redirects
04-24 05:47:19.259 14819 14819 I olsrd   : Writing '0' (was 0) to /proc/sys/net/ipv4/conf/all/rp_filter
04-24 05:47:19.259 14819 14819 I olsrd   : Writing '0' (was 0) to /proc/sys/net/ipv4/conf/wlan0/send_redirects
04-24 05:47:19.259 14819 14819 I olsrd   : Writing '0' (was 0) to /proc/sys/net/ipv4/conf/wlan0/rp_filter
04-24 05:47:19.259 14819 14819 I olsrd   : Adding interface wlan0
04-24 05:47:19.259 14819 14819 I olsrd   : New main address: 10.1.1.12
04-24 05:47:19.269 14820 14820 I olsrd   : olsr.org -  0.6.6.2-n -git_0000000 -n -hash_ 7985605520f3cae9b305d56e83b35d9c successfully started
04-24 05:47:21.372 14836 14836 D dalvikvm: Not late-enabling CheckJNI (already on)
--------- beginning of /dev/log/system
04-24 05:47:21.382   810   835 I ActivityManager: Start proc edu.mit.ll.cbmen.monitor for service edu.mit.ll.cbmen.monitor/.MonitorService: pid=14836 uid=10055 gids={50055, 1015, 3003, 1028}
04-24 05:47:21.452 14836 14836 I MonitorService: onCreate() MonitorService
04-24 05:47:21.452 14836 14836 D AndroidRuntime: Shutting down VM
04-24 05:47:21.452 14836 14836 W dalvikvm: threadid=1: thread exiting with uncaught exception (group=0x415967c0)
04-24 05:47:21.452 14836 14836 E AndroidRuntime: FATAL EXCEPTION: main
04-24 05:47:21.452 14836 14836 E AndroidRuntime: java.lang.RuntimeException: Unable to start service edu.mit.ll.cbmen.monitor.MonitorService@41814850 with null: java.lang.NullPointerException
04-24 05:47:21.452 14836 14836 E AndroidRuntime: 	at android.app.ActivityThread.handleServiceArgs(ActivityThread.java:2849)
04-24 05:47:21.452 14836 14836 E AndroidRuntime: 	at android.app.ActivityThread.access$1900(ActivityThread.java:153)
04-24 05:47:21.452 14836 14836 E AndroidRuntime: 	at android.app.ActivityThread$H.handleMessage(ActivityThread.java:1366)
04-24 05:47:21.452 14836 14836 E AndroidRuntime: 	at android.os.Handler.dispatchMessage(Handler.java:99)
04-24 05:47:21.452 14836 14836 E AndroidRuntime: 	at android.os.Looper.loop(Looper.java:137)
04-24 05:47:21.452 14836 14836 E AndroidRuntime: 	at android.app.ActivityThread.main(ActivityThread.java:5289)
04-24 05:47:21.452 14836 14836 E AndroidRuntime: 	at java.lang.reflect.Method.invokeNative(Native Method)
04-24 05:47:21.452 14836 14836 E AndroidRuntime: 	at java.lang.reflect.Method.invoke(Method.java:525)
04-24 05:47:21.452 14836 14836 E AndroidRuntime: 	at com.android.internal.os.ZygoteInit$MethodAndArgsCaller.run(ZygoteInit.java:739)
04-24 05:47:21.452 14836 14836 E AndroidRuntime: 	at com.android.internal.os.ZygoteInit.main(ZygoteInit.java:555)
04-24 05:47:21.452 14836 14836 E AndroidRuntime: 	at dalvik.system.NativeStart.main(Native Method)
04-24 05:47:21.452 14836 14836 E AndroidRuntime: Caused by: java.lang.NullPointerException
04-24 05:47:21.452 14836 14836 E AndroidRuntime: 	at edu.mit.ll.cbmen.monitor.MonitorService.onStartCommand(MonitorService.java:773)
04-24 05:47:21.452 14836 14836 E AndroidRuntime: 	at android.app.ActivityThread.handleServiceArgs(ActivityThread.java:2832)
04-24 05:47:21.452 14836 14836 E AndroidRuntime: 	... 10 more
04-24 05:47:21.472 14836 14836 I Process : Sending signal. PID: 14836 SIG: 9
04-24 05:47:21.482   810  1191 I ActivityManager: Process edu.mit.ll.cbmen.monitor (pid 14836) has died.
04-24 05:47:21.482   810  1191 W ActivityManager: Scheduling restart of crashed service edu.mit.ll.cbmen.monitor/.MonitorService in 20000ms
04-24 05:47:41.491 14981 14981 D dalvikvm: Not late-enabling CheckJNI (already on)
04-24 05:47:41.491   810   835 I ActivityManager: Start proc edu.mit.ll.cbmen.monitor for service edu.mit.ll.cbmen.monitor/.MonitorService: pid=14981 uid=10055 gids={50055, 1015, 3003, 1028}
04-24 05:47:41.561 14981 14981 I MonitorService: onCreate() MonitorService
04-24 05:47:41.561 14981 14981 D AndroidRuntime: Shutting down VM
04-24 05:47:41.561 14981 14981 W dalvikvm: threadid=1: thread exiting with uncaught exception (group=0x415967c0)
04-24 05:47:41.561 14981 14981 E AndroidRuntime: FATAL EXCEPTION: main
04-24 05:47:41.561 14981 14981 E AndroidRuntime: java.lang.RuntimeException: Unable to start service edu.mit.ll.cbmen.monitor.MonitorService@41815748 with null: java.lang.NullPointerException
04-24 05:47:41.561 14981 14981 E AndroidRuntime: 	at android.app.ActivityThread.handleServiceArgs(ActivityThread.java:2849)
04-24 05:47:41.561 14981 14981 E AndroidRuntime: 	at android.app.ActivityThread.access$1900(ActivityThread.java:153)
04-24 05:47:41.561 14981 14981 E AndroidRuntime: 	at android.app.ActivityThread$H.handleMessage(ActivityThread.java:1366)
04-24 05:47:41.561 14981 14981 E AndroidRuntime: 	at android.os.Handler.dispatchMessage(Handler.java:99)
04-24 05:47:41.561 14981 14981 E AndroidRuntime: 	at android.os.Looper.loop(Looper.java:137)
04-24 05:47:41.561 14981 14981 E AndroidRuntime: 	at android.app.ActivityThread.main(ActivityThread.java:5289)
04-24 05:47:41.561 14981 14981 E AndroidRuntime: 	at java.lang.reflect.Method.invokeNative(Native Method)
04-24 05:47:41.561 14981 14981 E AndroidRuntime: 	at java.lang.reflect.Method.invoke(Method.java:525)
04-24 05:47:41.561 14981 14981 E AndroidRuntime: 	at com.android.internal.os.ZygoteInit$MethodAndArgsCaller.run(ZygoteInit.java:739)
04-24 05:47:41.561 14981 14981 E AndroidRuntime: 	at com.android.internal.os.ZygoteInit.main(ZygoteInit.java:555)
04-24 05:47:41.561 14981 14981 E AndroidRuntime: 	at dalvik.system.NativeStart.main(Native Method)
04-24 05:47:41.561 14981 14981 E AndroidRuntime: Caused by: java.lang.NullPointerException
04-24 05:47:41.561 14981 14981 E AndroidRuntime: 	at edu.mit.ll.cbmen.monitor.MonitorService.onStartCommand(MonitorService.java:773)
04-24 05:47:41.561 14981 14981 E AndroidRuntime: 	at android.app.ActivityThread.handleServiceArgs(ActivityThread.java:2832)
04-24 05:47:41.561 14981 14981 E AndroidRuntime: 	... 10 more
04-24 05:47:41.571 14981 14981 I Process : Sending signal. PID: 14981 SIG: 9
04-24 05:47:41.571   810  1145 I ActivityManager: Process edu.mit.ll.cbmen.monitor (pid 14981) has died.
04-24 05:47:41.571   810  1145 W ActivityManager: Service crashed 2 times, stopping: ServiceRecord{419ca600 u0 edu.mit.ll.cbmen.monitor/.MonitorService}
04-24 05:47:41.591  1422  1432 E MP-Decision: num online cores: 1 reqd : 2 available : 4 rq_depth:2.000000 hotplug_avg_load_dw: 38
04-24 05:47:41.591  1422  1432 E MP-Decision: UP cpu:1 core_idx:1 Nw:1.900000 Tw:140 total_time_up:147.000000
04-24 05:47:41.711  1422  1432 E MP-Decision: num online cores: 2 reqd : 1 available : 4 rq_depth:0.000000 hotplug_avg_load_dw: 7
04-24 05:47:41.711  1422  1432 E MP-Decision: DOWN cpu:1 core_idx:1 Ns:1.100000 Ts:190 total_time_down:116.000000
04-24 05:48:00.169  1422  1432 E MP-Decision: num online cores: 1 reqd : 2 available : 4 rq_depth:3.900000 hotplug_avg_load_dw: 26
04-24 05:48:00.169  1422  1432 E MP-Decision: UP cpu:1 core_idx:1 Nw:1.900000 Tw:140 total_time_up:192.000000
04-24 05:48:00.609  1422  1432 E MP-Decision: num online cores: 2 reqd : 1 available : 4 rq_depth:0.000000 hotplug_avg_load_dw: 23
04-24 05:48:00.609  1422  1432 E MP-Decision: DOWN cpu:1 core_idx:1 Ns:1.100000 Ts:190 total_time_down:385.000000
04-24 05:49:48.834  1422  1432 E MP-Decision: num online cores: 1 reqd : 2 available : 4 rq_depth:2.300000 hotplug_avg_load_dw: 23
04-24 05:49:48.834  1422  1432 E MP-Decision: UP cpu:1 core_idx:1 Nw:1.900000 Tw:140 total_time_up:146.000000
04-24 05:49:49.434  1422  1432 E MP-Decision: num online cores: 2 reqd : 1 available : 4 rq_depth:0.500000 hotplug_avg_load_dw: 23
04-24 05:49:49.434  1422  1432 E MP-Decision: DOWN cpu:1 core_idx:1 Ns:1.100000 Ts:190 total_time_down:229.000000
04-24 05:50:09.304 14820 14820 I olsrd   : detected duplicate packet with seqnr 0xc9b2 from 10.1.1.13 on wlan0 (332 Bytes)
04-24 05:50:15.480 14820 14820 I olsrd   : detected duplicate packet with seqnr 0x16e9 from 10.1.1.1 on wlan0 (128 Bytes)
04-24 05:51:03.036 14820 14820 I olsrd   : detected duplicate packet with seqnr 0xc41d from 10.1.1.2 on wlan0 (300 Bytes)
04-24 05:51:03.046 14820 14820 I olsrd   : detected duplicate packet with seqnr 0xc41d from 10.1.1.2 on wlan0 (300 Bytes)
04-24 05:51:15.518   810   835 W BroadcastQueue: Timeout of broadcast BroadcastRecord{41fd1d90 u0 com.android.server.action.NETWORK_STATS_POLL} - receiver=android.app.LoadedApk$ReceiverDispatcher$InnerReceiver@418a02b8, started 60002ms ago
04-24 05:51:15.518   810   835 W BroadcastQueue: Receiver during timeout: BroadcastFilter{41bc7e90 u0 ReceiverList{4180bce8 810 system/1000/u0 local:418a02b8}}
04-24 05:51:28.110 14820 14820 I olsrd   : detected duplicate packet with seqnr 0x1718 from 10.1.1.1 on wlan0 (196 Bytes)
04-24 05:52:20.310  1422  1432 E MP-Decision: num online cores: 1 reqd : 2 available : 4 rq_depth:1.000000 hotplug_avg_load_dw: 67
04-24 05:52:20.310  1422  1432 E MP-Decision: UP cpu:1 core_idx:1 Nw:1.900000 Tw:140 total_time_up:0.000000
04-24 05:52:20.500 16783 16783 D AndroidRuntime: 
04-24 05:52:20.500 16783 16783 D AndroidRuntime: >>>>>> AndroidRuntime START com.android.internal.os.RuntimeInit <<<<<<
04-24 05:52:20.500 16783 16783 D AndroidRuntime: CheckJNI is ON
04-24 05:52:20.500 16783 16783 E dalvikvm: ERROR: must specify non-'.' bootclasspath
04-24 05:52:20.500 16783 16783 W dalvikvm: CreateJavaVM failed: dvmClassStartup failed
04-24 05:52:20.500 16783 16783 E AndroidRuntime: JNI_CreateJavaVM failed
04-24 05:52:20.630 14820 14820 I olsrd   : Writing '1' (was 0) to /proc/sys/net/ipv4/conf/all/send_redirects
04-24 05:52:20.630 14820 14820 I olsrd   : olsr.org -  0.6.6.2-n -git_0000000 -n -hash_ 7985605520f3cae9b305d56e83b35d9c stopped
04-24 05:52:21.271  1422  1432 E MP-Decision: num online cores: 2 reqd : 1 available : 4 rq_depth:0.000000 hotplug_avg_load_dw: 13
04-24 05:52:21.271  1422  1432 E MP-Decision: DOWN cpu:1 core_idx:1 Ns:1.100000 Ts:190 total_time_down:166.000000
04-24 05:52:21.922  1422  1432 E MP-Decision: num online cores: 1 reqd : 2 available : 4 rq_depth:1.400000 hotplug_avg_load_dw: 67
04-24 05:52:21.922  1422  1432 E MP-Decision: UP cpu:1 core_idx:1 Nw:1.900000 Tw:140 total_time_up:0.000000
04-24 05:52:22.562 16882 16882 D AndroidRuntime: 
04-24 05:52:22.562 16882 16882 D AndroidRuntime: >>>>>> AndroidRuntime START com.android.internal.os.RuntimeInit <<<<<<
04-24 05:52:22.562 16882 16882 D AndroidRuntime: CheckJNI is ON
04-24 05:52:22.562 16882 16882 E dalvikvm: ERROR: must specify non-'.' bootclasspath
04-24 05:52:22.562 16882 16882 W dalvikvm: CreateJavaVM failed: dvmClassStartup failed
04-24 05:52:22.562 16882 16882 E AndroidRuntime: JNI_CreateJavaVM failed
04-24 05:52:22.893 16883 16883 D AndroidRuntime: 
04-24 05:52:22.893 16883 16883 D AndroidRuntime: >>>>>> AndroidRuntime START com.android.internal.os.RuntimeInit <<<<<<
04-24 05:52:22.893 16883 16883 D AndroidRuntime: CheckJNI is ON
04-24 05:52:22.903 16883 16883 E dalvikvm: ERROR: must specify non-'.' bootclasspath
04-24 05:52:22.903 16883 16883 W dalvikvm: CreateJavaVM failed: dvmClassStartup failed
04-24 05:52:22.903 16883 16883 E AndroidRuntime: JNI_CreateJavaVM failed
