--------- beginning of /dev/log/main
04-24 03:46:41.341  1406  1416 E MP-Decision: num online cores: 2 reqd : 1 available : 4 rq_depth:0.000000 hotplug_avg_load_dw: 23
04-24 03:46:41.341  1406  1416 E MP-Decision: DOWN cpu:1 core_idx:1 Ns:1.100000 Ts:190 total_time_down:223.000000
04-24 03:46:44.384  2241  2241 D dalvikvm: Not late-enabling CheckJNI (already on)
--------- beginning of /dev/log/system
04-24 03:46:44.394   806   829 I ActivityManager: Start proc edu.mit.ll.cbmen.monitor for service edu.mit.ll.cbmen.monitor/.MonitorService: pid=2241 uid=10005 gids={50005, 1015, 3003, 1028}
04-24 03:46:44.464  2241  2241 I MonitorService: onCreate() MonitorService
04-24 03:46:44.474  2241  2241 D AndroidRuntime: Shutting down VM
04-24 03:46:44.474  2241  2241 W dalvikvm: threadid=1: thread exiting with uncaught exception (group=0x415d77c0)
04-24 03:46:44.474  2241  2241 I Process : Sending signal. PID: 2241 SIG: 9
04-24 03:46:44.474  2241  2241 E AndroidRuntime: FATAL EXCEPTION: main
04-24 03:46:44.474  2241  2241 E AndroidRuntime: java.lang.RuntimeException: Unable to start service edu.mit.ll.cbmen.monitor.MonitorService@41855a38 with null: java.lang.NullPointerException
04-24 03:46:44.474  2241  2241 E AndroidRuntime: 	at android.app.ActivityThread.handleServiceArgs(ActivityThread.java:2849)
04-24 03:46:44.474  2241  2241 E AndroidRuntime: 	at android.app.ActivityThread.access$1900(ActivityThread.java:153)
04-24 03:46:44.474  2241  2241 E AndroidRuntime: 	at android.app.ActivityThread$H.handleMessage(ActivityThread.java:1366)
04-24 03:46:44.474  2241  2241 E AndroidRuntime: 	at android.os.Handler.dispatchMessage(Handler.java:99)
04-24 03:46:44.474  2241  2241 E AndroidRuntime: 	at android.os.Looper.loop(Looper.java:137)
04-24 03:46:44.474  2241  2241 E AndroidRuntime: 	at android.app.ActivityThread.main(ActivityThread.java:5289)
04-24 03:46:44.474  2241  2241 E AndroidRuntime: 	at java.lang.reflect.Method.invokeNative(Native Method)
04-24 03:46:44.474  2241  2241 E AndroidRuntime: 	at java.lang.reflect.Method.invoke(Method.java:525)
04-24 03:46:44.474  2241  2241 E AndroidRuntime: 	at com.android.internal.os.ZygoteInit$MethodAndArgsCaller.run(ZygoteInit.java:739)
04-24 03:46:44.474  2241  2241 E AndroidRuntime: 	at com.android.internal.os.ZygoteInit.main(ZygoteInit.java:555)
04-24 03:46:44.474  2241  2241 E AndroidRuntime: 	at dalvik.system.NativeStart.main(Native Method)
04-24 03:46:44.474  2241  2241 E AndroidRuntime: Caused by: java.lang.NullPointerException
04-24 03:46:44.474  2241  2241 E AndroidRuntime: 	at edu.mit.ll.cbmen.monitor.MonitorService.onStartCommand(MonitorService.java:773)
04-24 03:46:44.474  2241  2241 E AndroidRuntime: 	at android.app.ActivityThread.handleServiceArgs(ActivityThread.java:2832)
04-24 03:46:44.474  2241  2241 E AndroidRuntime: 	... 10 more
04-24 03:46:44.484   806   806 I ActivityManager: Process edu.mit.ll.cbmen.monitor (pid 2241) has died.
04-24 03:46:44.484   806   806 W ActivityManager: Scheduling restart of crashed service edu.mit.ll.cbmen.monitor/.MonitorService in 20000ms
04-24 03:47:04.513  2357  2357 D dalvikvm: Not late-enabling CheckJNI (already on)
04-24 03:47:04.523   806   829 I ActivityManager: Start proc edu.mit.ll.cbmen.monitor for service edu.mit.ll.cbmen.monitor/.MonitorService: pid=2357 uid=10005 gids={50005, 1015, 3003, 1028}
04-24 03:47:04.633  2357  2357 I MonitorService: onCreate() MonitorService
04-24 03:47:04.633  2357  2357 D AndroidRuntime: Shutting down VM
04-24 03:47:04.643  1406  1416 E MP-Decision: num online cores: 1 reqd : 2 available : 4 rq_depth:3.500000 hotplug_avg_load_dw: 34
04-24 03:47:04.643  1406  1416 E MP-Decision: UP cpu:1 core_idx:1 Nw:1.900000 Tw:140 total_time_up:141.000000
04-24 03:47:04.643  2357  2357 W dalvikvm: threadid=1: thread exiting with uncaught exception (group=0x415d77c0)
04-24 03:47:04.653  2357  2357 I Process : Sending signal. PID: 2357 SIG: 9
04-24 03:47:04.653  2357  2357 E AndroidRuntime: FATAL EXCEPTION: main
04-24 03:47:04.653  2357  2357 E AndroidRuntime: java.lang.RuntimeException: Unable to start service edu.mit.ll.cbmen.monitor.MonitorService@41856930 with null: java.lang.NullPointerException
04-24 03:47:04.653  2357  2357 E AndroidRuntime: 	at android.app.ActivityThread.handleServiceArgs(ActivityThread.java:2849)
04-24 03:47:04.653  2357  2357 E AndroidRuntime: 	at android.app.ActivityThread.access$1900(ActivityThread.java:153)
04-24 03:47:04.653  2357  2357 E AndroidRuntime: 	at android.app.ActivityThread$H.handleMessage(ActivityThread.java:1366)
04-24 03:47:04.653  2357  2357 E AndroidRuntime: 	at android.os.Handler.dispatchMessage(Handler.java:99)
04-24 03:47:04.653  2357  2357 E AndroidRuntime: 	at android.os.Looper.loop(Looper.java:137)
04-24 03:47:04.653  2357  2357 E AndroidRuntime: 	at android.app.ActivityThread.main(ActivityThread.java:5289)
04-24 03:47:04.653  2357  2357 E AndroidRuntime: 	at java.lang.reflect.Method.invokeNative(Native Method)
04-24 03:47:04.653  2357  2357 E AndroidRuntime: 	at java.lang.reflect.Method.invoke(Method.java:525)
04-24 03:47:04.653  2357  2357 E AndroidRuntime: 	at com.android.internal.os.ZygoteInit$MethodAndArgsCaller.run(ZygoteInit.java:739)
04-24 03:47:04.653  2357  2357 E AndroidRuntime: 	at com.android.internal.os.ZygoteInit.main(ZygoteInit.java:555)
04-24 03:47:04.653  2357  2357 E AndroidRuntime: 	at dalvik.system.NativeStart.main(Native Method)
04-24 03:47:04.653  2357  2357 E AndroidRuntime: Caused by: java.lang.NullPointerException
04-24 03:47:04.653  2357  2357 E AndroidRuntime: 	at edu.mit.ll.cbmen.monitor.MonitorService.onStartCommand(MonitorService.java:773)
04-24 03:47:04.653  2357  2357 E AndroidRuntime: 	at android.app.ActivityThread.handleServiceArgs(ActivityThread.java:2832)
04-24 03:47:04.653  2357  2357 E AndroidRuntime: 	... 10 more
04-24 03:47:04.663   806   818 I ActivityManager: Process edu.mit.ll.cbmen.monitor (pid 2357) has died.
04-24 03:47:04.663   806   818 W ActivityManager: Service crashed 2 times, stopping: ServiceRecord{41c56068 u0 edu.mit.ll.cbmen.monitor/.MonitorService}
04-24 03:47:04.873  1406  1416 E MP-Decision: num online cores: 2 reqd : 1 available : 4 rq_depth:0.000000 hotplug_avg_load_dw: 12
04-24 03:47:04.873  1406  1416 E MP-Decision: DOWN cpu:1 core_idx:1 Ns:1.100000 Ts:190 total_time_down:223.000000
04-24 03:47:12.140  2444  2444 I olsrd   : Writing '1' (was 1) to /proc/sys/net/ipv4/ip_forward
04-24 03:47:12.150  2444  2444 I olsrd   : Writing '0' (was 1) to /proc/sys/net/ipv4/conf/all/send_redirects
04-24 03:47:12.150  2444  2444 I olsrd   : Writing '0' (was 0) to /proc/sys/net/ipv4/conf/all/rp_filter
04-24 03:47:12.150  2444  2444 I olsrd   : Writing '0' (was 1) to /proc/sys/net/ipv4/conf/wlan0/send_redirects
04-24 03:47:12.150  2444  2444 I olsrd   : Writing '0' (was 0) to /proc/sys/net/ipv4/conf/wlan0/rp_filter
04-24 03:47:12.150  2444  2444 I olsrd   : Adding interface wlan0
04-24 03:47:12.150  2444  2444 I olsrd   : New main address: 10.1.1.23
04-24 03:47:12.160  2445  2445 I olsrd   : olsr.org -  0.6.6.2-n -git_0000000 -n -hash_ 7985605520f3cae9b305d56e83b35d9c successfully started
04-24 03:48:41.114  2445  2445 I olsrd   : detected duplicate packet with seqnr 0x64d0 from 10.1.1.37 on wlan0 (672 Bytes)
04-24 03:48:41.114  2445  2445 I olsrd   : detected duplicate packet with seqnr 0x64d0 from 10.1.1.37 on wlan0 (672 Bytes)
04-24 03:48:41.164  2445  2445 I olsrd   : detected duplicate packet with seqnr 0x64d0 from 10.1.1.37 on wlan0 (672 Bytes)
04-24 03:48:41.164  2445  2445 I olsrd   : detected duplicate packet with seqnr 0x64d0 from 10.1.1.37 on wlan0 (672 Bytes)
04-24 03:48:41.164  2445  2445 I olsrd   : detected duplicate packet with seqnr 0x64d0 from 10.1.1.37 on wlan0 (672 Bytes)
04-24 03:48:41.214  2445  2445 I olsrd   : detected duplicate packet with seqnr 0x64d0 from 10.1.1.37 on wlan0 (672 Bytes)
04-24 03:48:54.327  2445  2445 I olsrd   : detected duplicate packet with seqnr 0x4c4a from 10.1.1.9 on wlan0 (992 Bytes)
04-24 03:48:54.327  2445  2445 I olsrd   : detected duplicate packet with seqnr 0x4c4a from 10.1.1.9 on wlan0 (992 Bytes)
04-24 03:48:54.337  2445  2445 I olsrd   : detected duplicate packet with seqnr 0x4c4a from 10.1.1.9 on wlan0 (992 Bytes)
04-24 03:48:54.377  2445  2445 I olsrd   : detected duplicate packet with seqnr 0x4c4a from 10.1.1.9 on wlan0 (992 Bytes)
04-24 03:49:46.085  2445  2445 I olsrd   : detected duplicate packet with seqnr 0xf25 from 10.1.1.12 on wlan0 (1404 Bytes)
04-24 03:49:48.538  2445  2445 I olsrd   : detected duplicate packet with seqnr 0x3027 from 10.1.1.1 on wlan0 (1340 Bytes)
04-24 03:49:48.538  2445  2445 I olsrd   : detected duplicate packet with seqnr 0x3027 from 10.1.1.1 on wlan0 (1340 Bytes)
04-24 03:49:48.538  2445  2445 I olsrd   : detected duplicate packet with seqnr 0x3027 from 10.1.1.1 on wlan0 (1340 Bytes)
04-24 03:49:48.638  2445  2445 I olsrd   : detected duplicate packet with seqnr 0x3027 from 10.1.1.1 on wlan0 (1340 Bytes)
04-24 03:49:58.778  2445  2445 I olsrd   : detected duplicate packet with seqnr 0x5e7c from 10.1.1.2 on wlan0 (596 Bytes)
04-24 03:49:59.638  2445  2445 I olsrd   : detected duplicate packet with seqnr 0x5e7c from 10.1.1.2 on wlan0 (596 Bytes)
04-24 03:50:03.572  2445  2445 I olsrd   : detected duplicate packet with seqnr 0x6564 from 10.1.1.24 on wlan0 (1080 Bytes)
04-24 03:50:36.574  2445  2445 I olsrd   : detected duplicate packet with seqnr 0x7999 from 10.1.1.28 on wlan0 (524 Bytes)
04-24 03:50:36.574  2445  2445 I olsrd   : detected duplicate packet with seqnr 0x7999 from 10.1.1.28 on wlan0 (524 Bytes)
04-24 03:50:39.126  2445  2445 I olsrd   : detected duplicate packet with seqnr 0x43b4 from 10.1.1.29 on wlan0 (1456 Bytes)
04-24 03:50:39.126  2445  2445 I olsrd   : detected duplicate packet with seqnr 0x43b4 from 10.1.1.29 on wlan0 (1456 Bytes)
04-24 03:50:40.728  2445  2445 I olsrd   : detected duplicate packet with seqnr 0x8abc from 10.1.1.22 on wlan0 (536 Bytes)
04-24 03:50:40.738  2445  2445 I olsrd   : detected duplicate packet with seqnr 0x8abc from 10.1.1.22 on wlan0 (536 Bytes)
04-24 03:50:45.853  2445  2445 I olsrd   : detected duplicate packet with seqnr 0xcf76 from 10.1.1.25 on wlan0 (1380 Bytes)
04-24 03:50:45.853  2445  2445 I olsrd   : detected duplicate packet with seqnr 0xcf76 from 10.1.1.25 on wlan0 (1380 Bytes)
04-24 03:50:48.325  2445  2445 I olsrd   : detected duplicate packet with seqnr 0x5a from 10.1.1.6 on wlan0 (984 Bytes)
04-24 03:50:48.325  2445  2445 I olsrd   : detected duplicate packet with seqnr 0x5a from 10.1.1.6 on wlan0 (984 Bytes)
04-24 03:50:48.325  2445  2445 I olsrd   : detected duplicate packet with seqnr 0x5a from 10.1.1.6 on wlan0 (984 Bytes)
04-24 03:50:48.325  2445  2445 I olsrd   : detected duplicate packet with seqnr 0x5a from 10.1.1.6 on wlan0 (984 Bytes)
04-24 03:50:48.325  2445  2445 I olsrd   : detected duplicate packet with seqnr 0x5a from 10.1.1.6 on wlan0 (984 Bytes)
04-24 03:50:48.325  2445  2445 I olsrd   : detected duplicate packet with seqnr 0x5a from 10.1.1.6 on wlan0 (984 Bytes)
04-24 03:50:48.335  2445  2445 I olsrd   : detected duplicate packet with seqnr 0x5a from 10.1.1.6 on wlan0 (984 Bytes)
04-24 03:50:48.335  2445  2445 I olsrd   : detected duplicate packet with seqnr 0x5a from 10.1.1.6 on wlan0 (984 Bytes)
04-24 03:50:48.335  2445  2445 I olsrd   : detected duplicate packet with seqnr 0x5a from 10.1.1.6 on wlan0 (984 Bytes)
04-24 03:50:48.335  2445  2445 I olsrd   : detected duplicate packet with seqnr 0x5a from 10.1.1.6 on wlan0 (984 Bytes)
04-24 03:50:48.365  2445  2445 I olsrd   : detected duplicate packet with seqnr 0x5a from 10.1.1.6 on wlan0 (984 Bytes)
04-24 03:50:48.365  2445  2445 I olsrd   : detected duplicate packet with seqnr 0x5a from 10.1.1.6 on wlan0 (984 Bytes)
04-24 03:50:48.375  2445  2445 I olsrd   : detected duplicate packet with seqnr 0x5a from 10.1.1.6 on wlan0 (984 Bytes)
04-24 03:50:56.052  2445  2445 I olsrd   : detected duplicate packet with seqnr 0x6680 from 10.1.1.15 on wlan0 (364 Bytes)
04-24 03:50:56.052  2445  2445 I olsrd   : detected duplicate packet with seqnr 0x6680 from 10.1.1.15 on wlan0 (364 Bytes)
04-24 03:50:56.253  2445  2445 I olsrd   : detected duplicate packet with seqnr 0xcf7d from 10.1.1.25 on wlan0 (980 Bytes)
04-24 03:50:57.854  2445  2445 I olsrd   : detected duplicate packet with seqnr 0xddc1 from 10.1.1.10 on wlan0 (1460 Bytes)
04-24 03:50:57.854  2445  2445 I olsrd   : detected duplicate packet with seqnr 0xddc1 from 10.1.1.10 on wlan0 (1460 Bytes)
04-24 03:51:03.930  2445  2445 I olsrd   : detected duplicate packet with seqnr 0xddc6 from 10.1.1.10 on wlan0 (1276 Bytes)
04-24 03:51:03.930  2445  2445 I olsrd   : detected duplicate packet with seqnr 0xddc6 from 10.1.1.10 on wlan0 (1276 Bytes)
04-24 03:51:03.930  2445  2445 I olsrd   : detected duplicate packet with seqnr 0xddc6 from 10.1.1.10 on wlan0 (1276 Bytes)
04-24 03:51:08.104  2445  2445 I olsrd   : detected duplicate packet with seqnr 0x4dcb from 10.1.1.32 on wlan0 (516 Bytes)
04-24 03:51:09.846  2445  2445 I olsrd   : detected duplicate packet with seqnr 0xddce from 10.1.1.10 on wlan0 (540 Bytes)
04-24 03:51:09.846  2445  2445 I olsrd   : detected duplicate packet with seqnr 0xddce from 10.1.1.10 on wlan0 (540 Bytes)
04-24 03:51:09.856  2445  2445 I olsrd   : detected duplicate packet with seqnr 0xddce from 10.1.1.10 on wlan0 (540 Bytes)
04-24 03:51:09.866  2445  2445 I olsrd   : detected duplicate packet with seqnr 0xddce from 10.1.1.10 on wlan0 (540 Bytes)
04-24 03:51:09.866  2445  2445 I olsrd   : detected duplicate packet with seqnr 0xddce from 10.1.1.10 on wlan0 (540 Bytes)
04-24 03:51:09.866  2445  2445 I olsrd   : detected duplicate packet with seqnr 0xddce from 10.1.1.10 on wlan0 (540 Bytes)
04-24 03:51:09.876  2445  2445 I olsrd   : detected duplicate packet with seqnr 0xddce from 10.1.1.10 on wlan0 (540 Bytes)
04-24 03:51:09.876  2445  2445 I olsrd   : detected duplicate packet with seqnr 0xddce from 10.1.1.10 on wlan0 (540 Bytes)
04-24 03:51:10.046  2445  2445 I olsrd   : detected duplicate packet with seqnr 0xddce from 10.1.1.10 on wlan0 (540 Bytes)
04-24 03:51:26.152  2445  2445 I olsrd   : detected duplicate packet with seqnr 0x79cf from 10.1.1.28 on wlan0 (316 Bytes)
04-24 03:51:26.152  2445  2445 I olsrd   : detected duplicate packet with seqnr 0x79cf from 10.1.1.28 on wlan0 (316 Bytes)
04-24 03:51:26.162  2445  2445 I olsrd   : detected duplicate packet with seqnr 0x79cf from 10.1.1.28 on wlan0 (316 Bytes)
04-24 03:51:26.172  2445  2445 I olsrd   : detected duplicate packet with seqnr 0x79cf from 10.1.1.28 on wlan0 (316 Bytes)
04-24 03:51:32.017  2445  2445 I olsrd   : detected duplicate packet with seqnr 0x43cb from 10.1.1.29 on wlan0 (1468 Bytes)
04-24 03:51:32.017  2445  2445 I olsrd   : detected duplicate packet with seqnr 0x43cc from 10.1.1.29 on wlan0 (1008 Bytes)
04-24 03:51:33.479  2445  2445 I olsrd   : detected duplicate packet with seqnr 0xddd8 from 10.1.1.10 on wlan0 (1296 Bytes)
04-24 03:51:33.779  2445  2445 I olsrd   : detected duplicate packet with seqnr 0x4cbd from 10.1.1.9 on wlan0 (1256 Bytes)
04-24 03:51:33.779  2445  2445 I olsrd   : detected duplicate packet with seqnr 0x4cbd from 10.1.1.9 on wlan0 (1256 Bytes)
04-24 03:51:37.683  4102  4102 D dalvikvm: Not late-enabling CheckJNI (already on)
04-24 03:51:37.703   806   829 I ActivityManager: Start proc edu.mit.ll.NletLog.android for service edu.mit.ll.NletLog.android/.LoggerService: pid=4102 uid=10056 gids={50056, 1015, 3003, 1028}
04-24 03:51:37.723  4102  4102 I dalvikvm: Turning on JNI app bug workarounds for target SDK version 12...
04-24 03:51:37.773  4102  4102 V LoggerService: Reading config file at /sdcard/llcbmen/startup_40/Logger.json
04-24 03:51:37.783  4102  4102 V LoggerService: Could not read config file!
04-24 03:51:37.793  4102  4102 V LoggerService: registering broadcast receiver...
04-24 03:51:37.793  4102  4102 V LoggerService: registered broadcast receiver
04-24 03:51:39.514  2445  2445 I olsrd   : detected duplicate packet with seqnr 0xaa88 from 10.1.1.27 on wlan0 (296 Bytes)
04-24 03:51:39.514  2445  2445 I olsrd   : detected duplicate packet with seqnr 0xaa88 from 10.1.1.27 on wlan0 (296 Bytes)
04-24 03:51:39.524  2445  2445 I olsrd   : detected duplicate packet with seqnr 0xaa88 from 10.1.1.27 on wlan0 (296 Bytes)
04-24 03:51:39.524  2445  2445 I olsrd   : detected duplicate packet with seqnr 0xaa88 from 10.1.1.27 on wlan0 (296 Bytes)
04-24 03:51:39.524  2445  2445 I olsrd   : detected duplicate packet with seqnr 0xaa88 from 10.1.1.27 on wlan0 (296 Bytes)
04-24 03:51:39.524  2445  2445 I olsrd   : detected duplicate packet with seqnr 0xaa88 from 10.1.1.27 on wlan0 (296 Bytes)
04-24 03:51:39.534  2445  2445 I olsrd   : detected duplicate packet with seqnr 0xaa88 from 10.1.1.27 on wlan0 (296 Bytes)
04-24 03:51:40.565  2445  2445 I olsrd   : detected duplicate packet with seqnr 0xdde2 from 10.1.1.10 on wlan0 (1000 Bytes)
04-24 03:51:45.580  2445  2445 I olsrd   : detected duplicate packet with seqnr 0x6560 from 10.1.1.37 on wlan0 (1448 Bytes)
04-24 03:51:45.580  2445  2445 I olsrd   : detected duplicate packet with seqnr 0x6560 from 10.1.1.37 on wlan0 (1448 Bytes)
04-24 03:51:48.003  2445  2445 I olsrd   : detected duplicate packet with seqnr 0x7fbe from 10.1.1.34 on wlan0 (956 Bytes)
04-24 03:51:48.013  2445  2445 I olsrd   : detected duplicate packet with seqnr 0x7fbe from 10.1.1.34 on wlan0 (956 Bytes)
04-24 03:51:48.053  2445  2445 I olsrd   : detected duplicate packet with seqnr 0x7fbe from 10.1.1.34 on wlan0 (956 Bytes)
04-24 03:51:48.153  2445  2445 I olsrd   : detected duplicate packet with seqnr 0x7fbf from 10.1.1.34 on wlan0 (1404 Bytes)
04-24 03:51:48.153  2445  2445 I olsrd   : detected duplicate packet with seqnr 0x7fbf from 10.1.1.34 on wlan0 (1404 Bytes)
04-24 03:51:52.317  2445  2445 I olsrd   : detected duplicate packet with seqnr 0xcae7 from 10.1.1.36 on wlan0 (1172 Bytes)
04-24 03:51:52.928  2445  2445 I olsrd   : detected duplicate packet with seqnr 0x4cbf from 10.1.1.9 on wlan0 (680 Bytes)
04-24 03:51:53.218  2445  2445 I olsrd   : detected duplicate packet with seqnr 0x4cbf from 10.1.1.9 on wlan0 (680 Bytes)
04-24 03:51:53.228  2445  2445 I olsrd   : detected duplicate packet with seqnr 0x4cbf from 10.1.1.9 on wlan0 (680 Bytes)
04-24 03:51:53.228  2445  2445 I olsrd   : detected duplicate packet with seqnr 0x4cbf from 10.1.1.9 on wlan0 (680 Bytes)
04-24 03:51:53.228  2445  2445 I olsrd   : detected duplicate packet with seqnr 0x4cbf from 10.1.1.9 on wlan0 (680 Bytes)
04-24 03:51:54.730  2445  2445 I olsrd   : detected duplicate packet with seqnr 0x66aa from 10.1.1.15 on wlan0 (1300 Bytes)
04-24 03:51:54.730  2445  2445 I olsrd   : detected duplicate packet with seqnr 0x66aa from 10.1.1.15 on wlan0 (1300 Bytes)
04-24 03:51:56.201  2445  2445 I olsrd   : detected duplicate packet with seqnr 0xddef from 10.1.1.10 on wlan0 (1144 Bytes)
04-24 03:51:56.301  2445  2445 I olsrd   : detected duplicate packet with seqnr 0xddef from 10.1.1.10 on wlan0 (1144 Bytes)
04-24 03:51:56.301  2445  2445 I olsrd   : detected duplicate packet with seqnr 0xddef from 10.1.1.10 on wlan0 (1144 Bytes)
04-24 03:51:59.124  2445  2445 I olsrd   : detected duplicate packet with seqnr 0xcfac from 10.1.1.25 on wlan0 (1380 Bytes)
04-24 03:52:01.587  2445  2445 I olsrd   : detected duplicate packet with seqnr 0x9b from 10.1.1.6 on wlan0 (1016 Bytes)
04-24 03:52:03.689  2445  2445 I olsrd   : detected duplicate packet with seqnr 0xaa97 from 10.1.1.27 on wlan0 (500 Bytes)
04-24 03:52:04.590  2445  2445 I olsrd   : detected duplicate packet with seqnr 0xaa97 from 10.1.1.27 on wlan0 (500 Bytes)
04-24 03:52:05.200  2445  2445 I olsrd   : detected duplicate packet with seqnr 0xddfc from 10.1.1.10 on wlan0 (1244 Bytes)
04-24 03:52:05.200  2445  2445 I olsrd   : detected duplicate packet with seqnr 0xddfc from 10.1.1.10 on wlan0 (1244 Bytes)
04-24 03:52:05.250  2445  2445 I olsrd   : detected duplicate packet with seqnr 0xddfc from 10.1.1.10 on wlan0 (1244 Bytes)
04-24 03:52:05.250  2445  2445 I olsrd   : detected duplicate packet with seqnr 0xddfc from 10.1.1.10 on wlan0 (1244 Bytes)
04-24 03:52:05.250  2445  2445 I olsrd   : detected duplicate packet with seqnr 0xddfc from 10.1.1.10 on wlan0 (1244 Bytes)
04-24 03:52:06.612  2445  2445 I olsrd   : detected duplicate packet with seqnr 0x66b8 from 10.1.1.15 on wlan0 (308 Bytes)
04-24 03:52:08.624  2445  2445 I olsrd   : detected duplicate packet with seqnr 0x30a7 from 10.1.1.1 on wlan0 (1192 Bytes)
04-24 03:52:08.624  2445  2445 I olsrd   : detected duplicate packet with seqnr 0x30a7 from 10.1.1.1 on wlan0 (1192 Bytes)
04-24 03:52:09.935  2445  2445 I olsrd   : detected duplicate packet with seqnr 0x4df2 from 10.1.1.32 on wlan0 (748 Bytes)
04-24 03:52:10.486  2445  2445 I olsrd   : detected duplicate packet with seqnr 0x4e89 from 10.1.1.4 on wlan0 (1188 Bytes)
04-24 03:52:10.486  2445  2445 I olsrd   : detected duplicate packet with seqnr 0x4e89 from 10.1.1.4 on wlan0 (1188 Bytes)
04-24 03:52:12.338  2445  2445 I olsrd   : detected duplicate packet with seqnr 0x4e8a from 10.1.1.4 on wlan0 (1460 Bytes)
04-24 03:52:12.498  2445  2445 I olsrd   : detected duplicate packet with seqnr 0xde08 from 10.1.1.10 on wlan0 (1364 Bytes)
04-24 03:52:12.498  2445  2445 I olsrd   : detected duplicate packet with seqnr 0xde08 from 10.1.1.10 on wlan0 (1364 Bytes)
04-24 03:52:13.449  2445  2445 I olsrd   : detected duplicate packet with seqnr 0x6580 from 10.1.1.37 on wlan0 (1468 Bytes)
04-24 03:52:13.649  2445  2445 I olsrd   : detected duplicate packet with seqnr 0x6580 from 10.1.1.37 on wlan0 (1468 Bytes)
04-24 03:52:13.999  2445  2445 I olsrd   : detected duplicate packet with seqnr 0xa7 from 10.1.1.6 on wlan0 (1412 Bytes)
04-24 03:52:15.361  2445  2445 I olsrd   : detected duplicate packet with seqnr 0x65b8 from 10.1.1.24 on wlan0 (1032 Bytes)
04-24 03:52:16.682  2445  2445 I olsrd   : detected duplicate packet with seqnr 0x4cdc from 10.1.1.9 on wlan0 (1056 Bytes)
04-24 03:52:17.783  2445  2445 I olsrd   : detected duplicate packet with seqnr 0x658d from 10.1.1.37 on wlan0 (1196 Bytes)
04-24 03:52:20.646  2445  2445 I olsrd   : detected duplicate packet with seqnr 0xfaa from 10.1.1.12 on wlan0 (1052 Bytes)
04-24 03:52:21.697  2445  2445 I olsrd   : detected duplicate packet with seqnr 0x659a from 10.1.1.37 on wlan0 (1444 Bytes)
04-24 03:52:26.532  2445  2445 I olsrd   : detected duplicate packet with seqnr 0xde2a from 10.1.1.10 on wlan0 (1308 Bytes)
04-24 03:52:26.532  2445  2445 I olsrd   : detected duplicate packet with seqnr 0xde2a from 10.1.1.10 on wlan0 (1308 Bytes)
04-24 03:52:27.893  2445  2445 I olsrd   : detected duplicate packet with seqnr 0xfbe from 10.1.1.12 on wlan0 (1404 Bytes)
04-24 03:52:29.955  2445  2445 I olsrd   : detected duplicate packet with seqnr 0x4ebc from 10.1.1.4 on wlan0 (1404 Bytes)
04-24 03:52:29.955  2445  2445 I olsrd   : detected duplicate packet with seqnr 0x4ebc from 10.1.1.4 on wlan0 (1404 Bytes)
04-24 03:52:32.368  2445  2445 I olsrd   : detected duplicate packet with seqnr 0x30bd from 10.1.1.1 on wlan0 (1460 Bytes)
04-24 03:52:38.104  2445  2445 I olsrd   : detected duplicate packet with seqnr 0x4d05 from 10.1.1.9 on wlan0 (1248 Bytes)
04-24 03:52:39.004  2445  2445 I olsrd   : detected duplicate packet with seqnr 0x66d4 from 10.1.1.15 on wlan0 (972 Bytes)
04-24 03:52:39.905  2445  2445 I olsrd   : detected duplicate packet with seqnr 0x30c5 from 10.1.1.1 on wlan0 (1396 Bytes)
04-24 03:52:39.905  2445  2445 I olsrd   : detected duplicate packet with seqnr 0x30c5 from 10.1.1.1 on wlan0 (1396 Bytes)
04-24 03:52:41.066  2445  2445 I olsrd   : detected duplicate packet with seqnr 0x66d6 from 10.1.1.15 on wlan0 (1348 Bytes)
04-24 03:52:41.066  2445  2445 I olsrd   : detected duplicate packet with seqnr 0x66d6 from 10.1.1.15 on wlan0 (1348 Bytes)
04-24 03:52:41.066  2445  2445 I olsrd   : detected duplicate packet with seqnr 0x66d6 from 10.1.1.15 on wlan0 (1348 Bytes)
04-24 03:52:41.157  2445  2445 I olsrd   : detected duplicate packet with seqnr 0x7a2a from 10.1.1.28 on wlan0 (1204 Bytes)
04-24 03:52:41.157  2445  2445 I olsrd   : detected duplicate packet with seqnr 0x7a2a from 10.1.1.28 on wlan0 (1204 Bytes)
04-24 03:52:52.067   806   869 D Tethering: InitialState.processMessage what=4
04-24 03:52:52.067   806   869 D Tethering: Exception adding default nw to upstreamIfaceTypes: java.lang.NullPointerException
04-24 03:52:52.067   806   869 D Tethering: sendTetherStateChangedBroadcast 1, 0, 0
04-24 03:52:52.067   806  1108 D Tethering: Exception adding default nw to upstreamIfaceTypes: java.lang.NullPointerException
04-24 03:52:52.077  2445  2445 I olsrd   : Received netlink error code No such process (-3)
04-24 03:52:52.077  2445  2445 E olsrd   : . error: del route to 10.1.1.24/255.255.255.255 via 10.1.1.4 dev wlan0 onlink (Try again 11)
04-24 03:52:52.077  2445  2445 E olsrd   : . ignoring 'No such process' (3) while deleting route!
04-24 03:52:52.077  2445  2445 I olsrd   : Received netlink error code No such process (-3)
04-24 03:52:52.077  2445  2445 E olsrd   : . error: del route to 10.1.1.25/255.255.255.255 via 10.1.1.4 dev wlan0 onlink (Try again 11)
04-24 03:52:52.077  2445  2445 E olsrd   : . ignoring 'No such process' (3) while deleting route!
04-24 03:52:52.088  2445  2445 I olsrd   : Received netlink error code Network is down (-100)
04-24 03:52:52.088  2445  2445 E olsrd   : . error: add route to 10.1.1.29/255.255.255.255 via 10.1.1.29 dev wlan0 onlink (Try again 11)
04-24 03:52:52.088  2445  2445 E olsrd   : Add route 10.1.1.29/32 from 10.1.1.29 via 10.1.1.29, cost 2.157, metric 1, v 335: Try again
04-24 03:52:52.088  2445  2445 I olsrd   : Received netlink error code Network is down (-100)
04-24 03:52:52.088  2445  2445 E olsrd   : . error: add route to 10.1.1.33/255.255.255.255 via 10.1.1.35 dev wlan0 onlink (Try again 11)
04-24 03:52:52.088  2445  2445 E olsrd   : Add route 10.1.1.33/32 from 10.1.1.33 via 10.1.1.35, cost 2.919, metric 2, v 335: Try again
04-24 03:52:52.088  2445  2445 I olsrd   : Removing interface wlan0
04-24 03:52:52.088  2445  2445 E olsrd   : OLSR: sendto IPv4 m
04-24 03:54:13.671  5101  5101 W libc    : void endpwent()(3) is not implemented on Android
04-24 03:54:13.681   251   251 I busybox : void endpwent()(3) is not implemented on Android
04-24 03:54:13.771  1406  1416 E MP-Decision: num online cores: 1 reqd : 2 available : 4 rq_depth:2.000000 hotplug_avg_load_dw: 21
04-24 03:54:13.771  1406  1416 E MP-Decision: UP cpu:1 core_idx:1 Nw:1.900000 Tw:140 total_time_up:146.000000
04-24 03:54:13.781  5115  5115 W libc    : void endpwent()(3) is not implemented on Android
