--------- beginning of /dev/log/main
04-24 03:46:41.319  1417  1423 E MP-Decision: num online cores: 2 reqd : 1 available : 4 rq_depth:0.000000 hotplug_avg_load_dw: 17
04-24 03:46:41.319  1417  1423 E MP-Decision: DOWN cpu:1 core_idx:1 Ns:1.100000 Ts:190 total_time_down:195.000000
04-24 03:46:44.422  2207  2207 D dalvikvm: Not late-enabling CheckJNI (already on)
--------- beginning of /dev/log/system
04-24 03:46:44.432   806   826 I ActivityManager: Start proc edu.mit.ll.cbmen.monitor for service edu.mit.ll.cbmen.monitor/.MonitorService: pid=2207 uid=10055 gids={50055, 1015, 3003, 1028}
04-24 03:46:44.502  2207  2207 I MonitorService: onCreate() MonitorService
04-24 03:46:44.502  2207  2207 D AndroidRuntime: Shutting down VM
04-24 03:46:44.502  2207  2207 W dalvikvm: threadid=1: thread exiting with uncaught exception (group=0x4156c7c0)
04-24 03:46:44.502  2207  2207 E AndroidRuntime: FATAL EXCEPTION: main
04-24 03:46:44.502  2207  2207 E AndroidRuntime: java.lang.RuntimeException: Unable to start service edu.mit.ll.cbmen.monitor.MonitorService@417e9a40 with null: java.lang.NullPointerException
04-24 03:46:44.502  2207  2207 E AndroidRuntime: 	at android.app.ActivityThread.handleServiceArgs(ActivityThread.java:2849)
04-24 03:46:44.502  2207  2207 E AndroidRuntime: 	at android.app.ActivityThread.access$1900(ActivityThread.java:153)
04-24 03:46:44.502  2207  2207 E AndroidRuntime: 	at android.app.ActivityThread$H.handleMessage(ActivityThread.java:1366)
04-24 03:46:44.502  2207  2207 E AndroidRuntime: 	at android.os.Handler.dispatchMessage(Handler.java:99)
04-24 03:46:44.502  2207  2207 E AndroidRuntime: 	at android.os.Looper.loop(Looper.java:137)
04-24 03:46:44.502  2207  2207 E AndroidRuntime: 	at android.app.ActivityThread.main(ActivityThread.java:5289)
04-24 03:46:44.502  2207  2207 E AndroidRuntime: 	at java.lang.reflect.Method.invokeNative(Native Method)
04-24 03:46:44.502  2207  2207 E AndroidRuntime: 	at java.lang.reflect.Method.invoke(Method.java:525)
04-24 03:46:44.502  2207  2207 E AndroidRuntime: 	at com.android.internal.os.ZygoteInit$MethodAndArgsCaller.run(ZygoteInit.java:739)
04-24 03:46:44.502  2207  2207 E AndroidRuntime: 	at com.android.internal.os.ZygoteInit.main(ZygoteInit.java:555)
04-24 03:46:44.502  2207  2207 E AndroidRuntime: 	at dalvik.system.NativeStart.main(Native Method)
04-24 03:46:44.502  2207  2207 E AndroidRuntime: Caused by: java.lang.NullPointerException
04-24 03:46:44.502  2207  2207 E AndroidRuntime: 	at edu.mit.ll.cbmen.monitor.MonitorService.onStartCommand(MonitorService.java:773)
04-24 03:46:44.502  2207  2207 E AndroidRuntime: 	at android.app.ActivityThread.handleServiceArgs(ActivityThread.java:2832)
04-24 03:46:44.502  2207  2207 E AndroidRuntime: 	... 10 more
04-24 03:46:44.512  2207  2207 I Process : Sending signal. PID: 2207 SIG: 9
04-24 03:46:44.512   806  1174 I ActivityManager: Process edu.mit.ll.cbmen.monitor (pid 2207) has died.
04-24 03:46:44.522   806  1174 W ActivityManager: Scheduling restart of crashed service edu.mit.ll.cbmen.monitor/.MonitorService in 20000ms
04-24 03:47:04.541  2326  2326 D dalvikvm: Not late-enabling CheckJNI (already on)
04-24 03:47:04.561   806   826 I ActivityManager: Start proc edu.mit.ll.cbmen.monitor for service edu.mit.ll.cbmen.monitor/.MonitorService: pid=2326 uid=10055 gids={50055, 1015, 3003, 1028}
04-24 03:47:04.651  2326  2326 I MonitorService: onCreate() MonitorService
04-24 03:47:04.651  2326  2326 D AndroidRuntime: Shutting down VM
04-24 03:47:04.651  2326  2326 W dalvikvm: threadid=1: thread exiting with uncaught exception (group=0x4156c7c0)
04-24 03:47:04.651  2326  2326 E AndroidRuntime: FATAL EXCEPTION: main
04-24 03:47:04.651  2326  2326 E AndroidRuntime: java.lang.RuntimeException: Unable to start service edu.mit.ll.cbmen.monitor.MonitorService@417ea948 with null: java.lang.NullPointerException
04-24 03:47:04.651  2326  2326 E AndroidRuntime: 	at android.app.ActivityThread.handleServiceArgs(ActivityThread.java:2849)
04-24 03:47:04.651  2326  2326 E AndroidRuntime: 	at android.app.ActivityThread.access$1900(ActivityThread.java:153)
04-24 03:47:04.651  2326  2326 E AndroidRuntime: 	at android.app.ActivityThread$H.handleMessage(ActivityThread.java:1366)
04-24 03:47:04.651  2326  2326 E AndroidRuntime: 	at android.os.Handler.dispatchMessage(Handler.java:99)
04-24 03:47:04.651  2326  2326 E AndroidRuntime: 	at android.os.Looper.loop(Looper.java:137)
04-24 03:47:04.651  2326  2326 E AndroidRuntime: 	at android.app.ActivityThread.main(ActivityThread.java:5289)
04-24 03:47:04.651  2326  2326 E AndroidRuntime: 	at java.lang.reflect.Method.invokeNative(Native Method)
04-24 03:47:04.651  2326  2326 E AndroidRuntime: 	at java.lang.reflect.Method.invoke(Method.java:525)
04-24 03:47:04.651  2326  2326 E AndroidRuntime: 	at com.android.internal.os.ZygoteInit$MethodAndArgsCaller.run(ZygoteInit.java:739)
04-24 03:47:04.651  2326  2326 E AndroidRuntime: 	at com.android.internal.os.ZygoteInit.main(ZygoteInit.java:555)
04-24 03:47:04.651  2326  2326 E AndroidRuntime: 	at dalvik.system.NativeStart.main(Native Method)
04-24 03:47:04.651  2326  2326 E AndroidRuntime: Caused by: java.lang.NullPointerException
04-24 03:47:04.651  2326  2326 E AndroidRuntime: 	at edu.mit.ll.cbmen.monitor.MonitorService.onStartCommand(MonitorService.java:773)
04-24 03:47:04.651  2326  2326 E AndroidRuntime: 	at android.app.ActivityThread.handleServiceArgs(ActivityThread.java:2832)
04-24 03:47:04.651  2326  2326 E AndroidRuntime: 	... 10 more
04-24 03:47:04.661  1417  1423 E MP-Decision: num online cores: 1 reqd : 2 available : 4 rq_depth:2.700000 hotplug_avg_load_dw: 35
04-24 03:47:04.661  1417  1423 E MP-Decision: UP cpu:1 core_idx:1 Nw:1.900000 Tw:140 total_time_up:146.000000
04-24 03:47:04.661  2326  2326 I Process : Sending signal. PID: 2326 SIG: 9
04-24 03:47:04.671   806  1155 I ActivityManager: Process edu.mit.ll.cbmen.monitor (pid 2326) has died.
04-24 03:47:04.671   806  1155 W ActivityManager: Service crashed 2 times, stopping: ServiceRecord{41d74e00 u0 edu.mit.ll.cbmen.monitor/.MonitorService}
04-24 03:47:04.791  1417  1423 E MP-Decision: num online cores: 2 reqd : 1 available : 4 rq_depth:0.000000 hotplug_avg_load_dw: 15
04-24 03:47:04.791  1417  1423 E MP-Decision: DOWN cpu:1 core_idx:1 Ns:1.100000 Ts:190 total_time_down:127.000000
04-24 03:47:12.138  2410  2410 I olsrd   : Writing '1' (was 1) to /proc/sys/net/ipv4/ip_forward
04-24 03:47:12.138  2410  2410 I olsrd   : Writing '0' (was 1) to /proc/sys/net/ipv4/conf/all/send_redirects
04-24 03:47:12.138  2410  2410 I olsrd   : Writing '0' (was 0) to /proc/sys/net/ipv4/conf/all/rp_filter
04-24 03:47:12.138  2410  2410 I olsrd   : Writing '0' (was 1) to /proc/sys/net/ipv4/conf/wlan0/send_redirects
04-24 03:47:12.138  2410  2410 I olsrd   : Writing '0' (was 0) to /proc/sys/net/ipv4/conf/wlan0/rp_filter
04-24 03:47:12.148  2410  2410 I olsrd   : Adding interface wlan0
04-24 03:47:12.148  2410  2410 I olsrd   : New main address: 10.1.1.18
04-24 03:47:12.158  2411  2411 I olsrd   : olsr.org -  0.6.6.2-n -git_0000000 -n -hash_ 7985605520f3cae9b305d56e83b35d9c successfully started
04-24 03:48:13.325  1417  1423 E MP-Decision: num online cores: 1 reqd : 2 available : 4 rq_depth:2.900000 hotplug_avg_load_dw: 32
04-24 03:48:13.325  1417  1423 E MP-Decision: UP cpu:1 core_idx:1 Nw:1.900000 Tw:140 total_time_up:147.000000
04-24 03:48:13.625  1417  1423 E MP-Decision: num online cores: 2 reqd : 1 available : 4 rq_depth:0.300000 hotplug_avg_load_dw: 14
04-24 03:48:13.625  1417  1423 E MP-Decision: DOWN cpu:1 core_idx:1 Ns:1.100000 Ts:190 total_time_down:144.000000
04-24 03:48:39.910  2411  2411 I olsrd   : detected duplicate packet with seqnr 0x64ce from 10.1.1.37 on wlan0 (340 Bytes)
04-24 03:48:41.111  2411  2411 I olsrd   : detected duplicate packet with seqnr 0x64d0 from 10.1.1.37 on wlan0 (672 Bytes)
04-24 03:48:41.121  2411  2411 I olsrd   : detected duplicate packet with seqnr 0x64d0 from 10.1.1.37 on wlan0 (672 Bytes)
04-24 03:48:41.161  2411  2411 I olsrd   : detected duplicate packet with seqnr 0x64d0 from 10.1.1.37 on wlan0 (672 Bytes)
04-24 03:48:41.161  2411  2411 I olsrd   : detected duplicate packet with seqnr 0x64d0 from 10.1.1.37 on wlan0 (672 Bytes)
04-24 03:48:41.211  2411  2411 I olsrd   : detected duplicate packet with seqnr 0x64d0 from 10.1.1.37 on wlan0 (672 Bytes)
04-24 03:48:50.960  2411  2411 I olsrd   : detected duplicate packet with seqnr 0x7f44 from 10.1.1.34 on wlan0 (960 Bytes)
04-24 03:48:50.970  2411  2411 I olsrd   : detected duplicate packet with seqnr 0x7f44 from 10.1.1.34 on wlan0 (960 Bytes)
04-24 03:48:54.333  2411  2411 I olsrd   : detected duplicate packet with seqnr 0x4c4a from 10.1.1.9 on wlan0 (992 Bytes)
04-24 03:48:54.333  2411  2411 I olsrd   : detected duplicate packet with seqnr 0x4c4a from 10.1.1.9 on wlan0 (992 Bytes)
04-24 03:48:54.343  2411  2411 I olsrd   : detected duplicate packet with seqnr 0x4c4a from 10.1.1.9 on wlan0 (992 Bytes)
04-24 03:48:54.383  2411  2411 I olsrd   : detected duplicate packet with seqnr 0x4c4a from 10.1.1.9 on wlan0 (992 Bytes)
04-24 03:49:32.188  2411  2411 I olsrd   : detected duplicate packet with seqnr 0x301b from 10.1.1.1 on wlan0 (712 Bytes)
04-24 03:49:40.826  2411  2411 I olsrd   : detected duplicate packet with seqnr 0x26 from 10.1.1.6 on wlan0 (860 Bytes)
04-24 03:49:42.077  2411  2411 I olsrd   : detected duplicate packet with seqnr 0x26 from 10.1.1.6 on wlan0 (860 Bytes)
04-24 03:49:46.101  2411  2411 I olsrd   : detected duplicate packet with seqnr 0xf25 from 10.1.1.12 on wlan0 (1404 Bytes)
04-24 03:49:48.503  2411  2411 I olsrd   : detected duplicate packet with seqnr 0x3027 from 10.1.1.1 on wlan0 (1340 Bytes)
04-24 03:49:48.503  2411  2411 I olsrd   : detected duplicate packet with seqnr 0x3027 from 10.1.1.1 on wlan0 (1340 Bytes)
04-24 03:49:48.503  2411  2411 I olsrd   : detected duplicate packet with seqnr 0x3027 from 10.1.1.1 on wlan0 (1340 Bytes)
04-24 03:49:48.503  2411  2411 I olsrd   : detected duplicate packet with seqnr 0x3027 from 10.1.1.1 on wlan0 (1340 Bytes)
04-24 03:49:48.604  2411  2411 I olsrd   : detected duplicate packet with seqnr 0x3027 from 10.1.1.1 on wlan0 (1340 Bytes)
04-24 03:49:59.064  2411  2411 I olsrd   : detected duplicate packet with seqnr 0x5e7c from 10.1.1.2 on wlan0 (596 Bytes)
04-24 03:50:03.588  2411  2411 I olsrd   : detected duplicate packet with seqnr 0x6564 from 10.1.1.24 on wlan0 (1080 Bytes)
04-24 03:50:36.589  2411  2411 I olsrd   : detected duplicate packet with seqnr 0x7999 from 10.1.1.28 on wlan0 (524 Bytes)
04-24 03:50:36.589  2411  2411 I olsrd   : detected duplicate packet with seqnr 0x7999 from 10.1.1.28 on wlan0 (524 Bytes)
04-24 03:50:39.142  2411  2411 I olsrd   : detected duplicate packet with seqnr 0x43b4 from 10.1.1.29 on wlan0 (1456 Bytes)
04-24 03:50:39.142  2411  2411 I olsrd   : detected duplicate packet with seqnr 0x43b4 from 10.1.1.29 on wlan0 (1456 Bytes)
04-24 03:50:40.743  2411  2411 I olsrd   : detected duplicate packet with seqnr 0x8abc from 10.1.1.22 on wlan0 (536 Bytes)
04-24 03:50:40.743  2411  2411 I olsrd   : detected duplicate packet with seqnr 0x8abc from 10.1.1.22 on wlan0 (536 Bytes)
04-24 03:50:45.818  2411  2411 I olsrd   : detected duplicate packet with seqnr 0xcf76 from 10.1.1.25 on wlan0 (1380 Bytes)
04-24 03:50:45.818  2411  2411 I olsrd   : detected duplicate packet with seqnr 0xcf76 from 10.1.1.25 on wlan0 (1380 Bytes)
04-24 03:50:48.291  2411  2411 I olsrd   : detected duplicate packet with seqnr 0x5a from 10.1.1.6 on wlan0 (984 Bytes)
04-24 03:50:48.291  2411  2411 I olsrd   : detected duplicate packet with seqnr 0x5a from 10.1.1.6 on wlan0 (984 Bytes)
04-24 03:50:48.291  2411  2411 I olsrd   : detected duplicate packet with seqnr 0x5a from 10.1.1.6 on wlan0 (984 Bytes)
04-24 03:50:48.301  2411  2411 I olsrd   : detected duplicate packet with seqnr 0x5a from 10.1.1.6 on wlan0 (984 Bytes)
04-24 03:50:48.301  2411  2411 I olsrd   : detected duplicate packet with seqnr 0x5a from 10.1.1.6 on wlan0 (984 Bytes)
04-24 03:50:48.301  2411  2411 I olsrd   : detected duplicate packet with seqnr 0x5a from 10.1.1.6 on wlan0 (984 Bytes)
04-24 03:50:48.301  2411  2411 I olsrd   : detected duplicate packet with seqnr 0x5a from 10.1.1.6 on wlan0 (984 Bytes)
04-24 03:50:48.311  2411  2411 I olsrd   : detected duplicate packet with seqnr 0x5a from 10.1.1.6 on wlan0 (984 Bytes)
04-24 03:50:48.311  2411  2411 I olsrd   : detected duplicate packet with seqnr 0x5a from 10.1.1.6 on wlan0 (984 Bytes)
04-24 03:50:48.311  2411  2411 I olsrd   : detected duplicate packet with seqnr 0x5a from 10.1.1.6 on wlan0 (984 Bytes)
04-24 03:50:48.321  2411  2411 I olsrd   : detected duplicate packet with seqnr 0x5a from 10.1.1.6 on wlan0 (984 Bytes)
04-24 03:50:48.331  2411  2411 I olsrd   : detected duplicate packet with seqnr 0x5a from 10.1.1.6 on wlan0 (984 Bytes)
04-24 03:50:48.331  2411  2411 I olsrd   : detected duplicate packet with seqnr 0x5a from 10.1.1.6 on wlan0 (984 Bytes)
04-24 03:50:50.603  2411  2411 I olsrd   : detected duplicate packet with seqnr 0x2776 from 10.1.1.16 on wlan0 (1436 Bytes)
04-24 03:50:56.228  2411  2411 I olsrd   : detected duplicate packet with seqnr 0xcf7d from 10.1.1.25 on wlan0 (980 Bytes)
04-24 03:50:56.228  2411  2411 I olsrd   : detected duplicate packet with seqnr 0xcf7d from 10.1.1.25 on wlan0 (980 Bytes)
04-24 03:50:56.238  2411  2411 I olsrd   : detected duplicate packet with seqnr 0xcf7d from 10.1.1.25 on wlan0 (980 Bytes)
04-24 03:50:56.238  2411  2411 I olsrd   : detected duplicate packet with seqnr 0xcf7d from 10.1.1.25 on wlan0 (980 Bytes)
04-24 03:50:57.830  2411  2411 I olsrd   : detected duplicate packet with seqnr 0xddc1 from 10.1.1.10 on wlan0 (1460 Bytes)
04-24 03:50:57.830  2411  2411 I olsrd   : detected duplicate packet with seqnr 0xddc1 from 10.1.1.10 on wlan0 (1460 Bytes)
04-24 03:51:03.916  2411  2411 I olsrd   : detected duplicate packet with seqnr 0xddc6 from 10.1.1.10 on wlan0 (1276 Bytes)
04-24 03:51:03.916  2411  2411 I olsrd   : detected duplicate packet with seqnr 0xddc6 from 10.1.1.10 on wlan0 (1276 Bytes)
04-24 03:51:05.077  2411  2411 I olsrd   : detected duplicate packet with seqnr 0x4dc4 from 10.1.1.32 on wlan0 (1052 Bytes)
04-24 03:51:05.077  2411  2411 I olsrd   : detected duplicate packet with seqnr 0x4dc4 from 10.1.1.32 on wlan0 (1052 Bytes)
04-24 03:51:08.090  2411  2411 I olsrd   : detected duplicate packet with seqnr 0x4dcb from 10.1.1.32 on wlan0 (516 Bytes)
04-24 03:51:08.090  2411  2411 I olsrd   : detected duplicate packet with seqnr 0x4dcb from 10.1.1.32 on wlan0 (516 Bytes)
04-24 03:51:09.852  2411  2411 I olsrd   : detected duplicate packet with seqnr 0xddce from 10.1.1.10 on wlan0 (540 Bytes)
04-24 03:51:09.852  2411  2411 I olsrd   : detected duplicate packet with seqnr 0xddce from 10.1.1.10 on wlan0 (540 Bytes)
04-24 03:51:09.852  2411  2411 I olsrd   : detected duplicate packet with seqnr 0xddce from 10.1.1.10 on wlan0 (540 Bytes)
04-24 03:51:09.862  2411  2411 I olsrd   : detected duplicate packet with seqnr 0xddce from 10.1.1.10 on wlan0 (540 Bytes)
04-24 03:51:09.862  2411  2411 I olsrd   : detected duplicate packet with seqnr 0xddce from 10.1.1.10 on wlan0 (540 Bytes)
04-24 03:51:09.862  2411  2411 I olsrd   : detected duplicate packet with seqnr 0xddce from 10.1.1.10 on wlan0 (540 Bytes)
04-24 03:51:09.872  2411  2411 I olsrd   : detected duplicate packet with seqnr 0xddce from 10.1.1.10 on wlan0 (540 Bytes)
04-24 03:51:09.872  2411  2411 I olsrd   : detected duplicate packet with seqnr 0xddce from 10.1.1.10 on wlan0 (540 Bytes)
04-24 03:51:10.042  2411  2411 I olsrd   : detected duplicate packet with seqnr 0xddce from 10.1.1.10 on wlan0 (540 Bytes)
04-24 03:51:26.118  2411  2411 I olsrd   : detected duplicate packet with seqnr 0x79cf from 10.1.1.28 on wlan0 (316 Bytes)
04-24 03:51:26.168  2411  2411 I olsrd   : detected duplicate packet with seqnr 0x79cf from 10.1.1.28 on wlan0 (316 Bytes)
04-24 03:51:26.168  2411  2411 I olsrd   : detected duplicate packet with seqnr 0x79cf from 10.1.1.28 on wlan0 (316 Bytes)
04-24 03:51:26.168  2411  2411 I olsrd   : detected duplicate packet with seqnr 0x79cf from 10.1.1.28 on wlan0 (316 Bytes)
04-24 03:51:31.983  2411  2411 I olsrd   : detected duplicate packet with seqnr 0x43cb from 10.1.1.29 on wlan0 (1468 Bytes)
04-24 03:51:33.495  2411  2411 I olsrd   : detected duplicate packet with seqnr 0xddd8 from 10.1.1.10 on wlan0 (1296 Bytes)
04-24 03:51:33.505  2411  2411 I olsrd   : detected duplicate packet with seqnr 0xddd8 from 10.1.1.10 on wlan0 (1296 Bytes)
04-24 03:51:33.505  2411  2411 I olsrd   : detected duplicate packet with seqnr 0xddd8 from 10.1.1.10 on wlan0 (1296 Bytes)
04-24 03:51:33.755  2411  2411 I olsrd   : detected duplicate packet with seqnr 0x4cbd from 10.1.1.9 on wlan0 (1256 Bytes)
04-24 03:51:33.755  2411  2411 I olsrd   : detected duplicate packet with seqnr 0x4cbd from 10.1.1.9 on wlan0 (1256 Bytes)
04-24 03:51:35.006  2411  2411 I olsrd   : detected duplicate packet with seqnr 0xcade from 10.1.1.36 on wlan0 (1472 Bytes)
04-24 03:51:38.069  4074  4074 D dalvikvm: Not late-enabling CheckJNI (already on)
04-24 03:51:38.079   806   826 I ActivityManager: Start proc edu.mit.ll.NletLog.android for service edu.mit.ll.NletLog.android/.LoggerService: pid=4074 uid=10056 gids={50056, 1015, 3003, 1028}
04-24 03:51:38.099  4074  4074 I dalvikvm: Turning on JNI app bug workarounds for target SDK version 12...
04-24 03:51:38.159  1417  1423 E MP-Decision: num online cores: 1 reqd : 2 available : 4 rq_depth:3.300000 hotplug_avg_load_dw: 26
04-24 03:51:38.159  1417  1423 E MP-Decision: UP cpu:1 core_idx:1 Nw:1.900000 Tw:140 total_time_up:146.000000
04-24 03:51:38.169  4074  4074 V LoggerService: Reading config file at /sdcard/llcbmen/startup_40/Logger.json
04-24 03:51:38.169  4074  4074 V LoggerService: Could not read config file!
04-24 03:51:38.179  4074  4074 V LoggerService: registering broadcast receiver...
04-24 03:51:38.179  4074  4074 V LoggerService: registered broadcast receiver
04-24 03:51:38.460  1417  1423 E MP-Decision: num online cores: 2 reqd : 1 available : 4 rq_depth:1.000000 hotplug_avg_load_dw: 18
04-24 03:51:38.460  1417  1423 E MP-Decision: DOWN cpu:1 core_idx:1 Ns:1.100000 Ts:190 total_time_down:146.000000
04-24 03:51:39.541  2411  2411 I olsrd   : detected duplicate packet with seqnr 0xaa88 from 10.1.1.27 on wlan0 (296 Bytes)
04-24 03:51:39.541  2411  2411 I olsrd   : detected duplicate packet with seqnr 0xaa88 from 10.1.1.27 on wlan0 (296 Bytes)
04-24 03:51:39.541  2411  2411 I olsrd   : detected duplicate packet with seqnr 0xaa88 from 10.1.1.27 on wlan0 (296 Bytes)
04-24 03:51:39.541  2411  2411 I olsrd   : detected duplicate packet with seqnr 0xaa88 from 10.1.1.27 on wlan0 (296 Bytes)
04-24 03:51:39.541  2411  2411 I olsrd   : detected duplicate packet with seqnr 0xaa88 from 10.1.1.27 on wlan0 (296 Bytes)
04-24 03:51:39.541  2411  2411 I olsrd   : detected duplicate packet with seqnr 0xaa88 from 10.1.1.27 on wlan0 (296 Bytes)
04-24 03:51:39.541  2411  2411 I olsrd   : detected duplicate packet with seqnr 0xaa88 from 10.1.1.27 on wlan0 (296 Bytes)
04-24 03:51:47.869  2411  2411 I olsrd   : detected duplicate packet with seqnr 0x7fbe from 10.1.1.34 on wlan0 (956 Bytes)
04-24 03:51:48.019  2411  2411 I olsrd   : detected duplicate packet with seqnr 0x7fbe from 10.1.1.34 on wlan0 (956 Bytes)
04-24 03:51:48.029  2411  2411 I olsrd   : detected duplicate packet with seqnr 0x7fbe from 10.1.1.34 on wlan0 (956 Bytes)
04-24 03:51:48.039  2411  2411 I olsrd   : detected duplicate packet with seqnr 0x7fbe from 10.1.1.34 on wlan0 (956 Bytes)
04-24 03:51:48.119  2411  2411 I olsrd   : detected duplicate packet with seqnr 0x7fbf from 10.1.1.34 on wlan0 (1404 Bytes)
04-24 03:51:48.119  2411  2411 I olsrd   : detected duplicate packet with seqnr 0x7fbf from 10.1.1.34 on wlan0 (1404 Bytes)
04-24 03:51:52.333  2411  2411 I olsrd   : detected duplicate packet with seqnr 0xcae7 from 10.1.1.36 on wlan0 (1172 Bytes)
04-24 03:51:52.844  2411  2411 I olsrd   : detected duplicate packet with seqnr 0x4cbf from 10.1.1.9 on wlan0 (680 Bytes)
04-24 03:51:52.844  2411  2411 I olsrd   : detected duplicate packet with seqnr 0x4cbf from 10.1.1.9 on wlan0 (680 Bytes)
04-24 03:51:52.884  2411  2411 I olsrd   : detected duplicate packet with seqnr 0x4cbf from 10.1.1.9 on wlan0 (680 Bytes)
04-24 03:51:52.934  2411  2411 I olsrd   : detected duplicate packet with seqnr 0x4cbf from 10.1.1.9 on wlan0 (680 Bytes)
04-24 03:51:54.696  2411  2411 I olsrd   : detected duplicate packet with seqnr 0x66aa from 10.1.1.15 on wlan0 (1300 Bytes)
04-24 03:51:54.746  2411  2411 I olsrd   : detected duplicate packet with seqnr 0x66aa from 10.1.1.15 on wlan0 (1300 Bytes)
04-24 03:51:56.207  2411  2411 I olsrd   : detected duplicate packet with seqnr 0xddef from 10.1.1.10 on wlan0 (1144 Bytes)
04-24 03:51:56.207  2411  2411 I olsrd   : detected duplicate packet with seqnr 0xddef from 10.1.1.10 on wlan0 (1144 Bytes)
04-24 03:51:56.207  2411  2411 I olsrd   : detected duplicate packet with seqnr 0xddef from 10.1.1.10 on wlan0 (1144 Bytes)
04-24 03:51:57.969  2411  2411 I olsrd   : detected duplicate packet with seqnr 0x4de7 from 10.1.1.32 on wlan0 (984 Bytes)
04-24 03:51:57.969  2411  2411 I olsrd   : detected duplicate packet with seqnr 0x4de7 from 10.1.1.32 on wlan0 (984 Bytes)
04-24 03:51:58.219  2411  2411 I olsrd   : detected duplicate packet with seqnr 0x94 from 10.1.1.6 on wlan0 (272 Bytes)
04-24 03:51:58.259  2411  2411 I olsrd   : detected duplicate packet with seqnr 0x94 from 10.1.1.6 on wlan0 (272 Bytes)
04-24 03:51:59.120  2411  2411 I olsrd   : detected duplicate packet with seqnr 0xcfac from 10.1.1.25 on wlan0 (1380 Bytes)
04-24 03:52:00.281  2411  2411 I olsrd   : detected duplicate packet with seqnr 0xf8a from 10.1.1.12 on wlan0 (492 Bytes)
04-24 03:52:00.281  2411  2411 I olsrd   : detected duplicate packet with seqnr 0xf8a from 10.1.1.12 on wlan0 (492 Bytes)
04-24 03:52:00.291  2411  2411 I olsrd   : detected duplicate packet with seqnr 0xf8a from 10.1.1.12 on wlan0 (492 Bytes)
04-24 03:52:00.301  2411  2411 I olsrd   : detected duplicate packet with seqnr 0xf8a from 10.1.1.12 on wlan0 (492 Bytes)
04-24 03:52:00.321  2411  2411 I olsrd   : detected duplicate packet with seqnr 0xf8a from 10.1.1.12 on wlan0 (492 Bytes)
04-24 03:52:00.331  2411  2411 I olsrd   : detected duplicate packet with seqnr 0xf8a from 10.1.1.12 on wlan0 (492 Bytes)
04-24 03:52:00.522  2411  2411 I olsrd   : detected duplicate packet with seqnr 0xf8a from 10.1.1.12 on wlan0 (492 Bytes)
04-24 03:52:00.832  2411  2411 I olsrd   : detected duplicate packet with seqnr 0xaa95 from 10.1.1.27 on wlan0 (676 Bytes)
04-24 03:52:00.872  2411  2411 I olsrd   : detected duplicate packet with seqnr 0xaa95 from 10.1.1.27 on wlan0 (676 Bytes)
04-24 03:52:01.633  2411  2411 I olsrd   : detected duplicate packet with seqnr 0x9b from 10.1.1.6 on wlan0 (1016 Bytes)
04-24 03:52:03.685  2411  2411 I olsrd   : detected duplicate packet with seqnr 0xaa97 from 10.1.1.27 on wlan0 (500 Bytes)
04-24 03:52:04.586  2411  2411 I olsrd   : detected duplicate packet with seqnr 0xaa97 from 10.1.1.27 on wlan0 (500 Bytes)
04-24 03:52:05.246  2411  2411 I olsrd   : detected duplicate packet with seqnr 0xddfc from 10.1.1.10 on wlan0 (1244 Bytes)
04-24 03:52:05.246  2411  2411 I olsrd   : detected duplicate packet with seqnr 0xddfc from 10.1.1.10 on wlan0 (1244 Bytes)
04-24 03:52:05.246  2411  2411 I olsrd   : detected duplicate packet with seqnr 0xddfc from 10.1.1.10 on wlan0 (1244 Bytes)
04-24 03:52:06.358  2411  2411 I olsrd   : detected duplicate packet with seqnr 0x66b4 from 10.1.1.15 on wlan0 (1096 Bytes)
04-24 03:52:08.620  2411  2411 I olsrd   : detected duplicate packet with seqnr 0x30a7 from 10.1.1.1 on wlan0 (1192 Bytes)
04-24 03:52:08.620  2411  2411 I olsrd   : detected duplicate packet with seqnr 0x30a7 from 10.1.1.1 on wlan0 (1192 Bytes)
04-24 03:52:09.821  2411  2411 I olsrd   : detected duplicate packet with seqnr 0x4df2 from 10.1.1.32 on wlan0 (748 Bytes)
04-24 03:52:09.821  2411  2411 I olsrd   : detected duplicate packet with seqnr 0x4df2 from 10.1.1.32 on wlan0 (748 Bytes)
04-24 03:52:09.921  2411  2411 I olsrd   : detected duplicate packet with seqnr 0x4df2 from 10.1.1.32 on wlan0 (748 Bytes)
04-24 03:52:10.482  2411  2411 I olsrd   : detected duplicate packet with seqnr 0x4e89 from 10.1.1.4 on wlan0 (1188 Bytes)
04-24 03:52:12.474  2411  2411 I olsrd   : detected duplicate packet with seqnr 0xde08 from 10.1.1.10 on wlan0 (1364 Bytes)
04-24 03:52:12.474  2411  2411 I olsrd   : detected duplicate packet with seqnr 0xde08 from 10.1.1.10 on wlan0 (1364 Bytes)
04-24 03:52:13.435  2411  2411 I olsrd   : detected duplicate packet with seqnr 0x6580 from 10.1.1.37 on wlan0 (1468 Bytes)
04-24 03:52:13.635  2411  2411 I olsrd   : detected duplicate packet with seqnr 0x6580 from 10.1.1.37 on wlan0 (1468 Bytes)
04-24 03:52:13.985  2411  2411 I olsrd   : detected duplicate packet with seqnr 0xa7 from 10.1.1.6 on wlan0 (1412 Bytes)
04-24 03:52:15.347  2411  2411 I olsrd   : detected duplicate packet with seqnr 0x65b8 from 10.1.1.24 on wlan0 (1032 Bytes)
04-24 03:52:16.708  2411  2411 I olsrd   : detected duplicate packet with seqnr 0x4cdc from 10.1.1.9 on wlan0 (1056 Bytes)
04-24 03:52:17.809  2411  2411 I olsrd   : detected duplicate packet with seqnr 0x658d from 10.1.1.37 on wlan0 (1196 Bytes)
04-24 03:52:19.020  2411  2411 I olsrd   : detected duplicate packet with seqnr 0xfaa from 10.1.1.12 on wlan0 (1052 Bytes)
04-24 03:52:19.020  2411  2411 I olsrd   : detected duplicate packet with seqnr 0xfaa from 10.1.1.12 on wlan0 (1052 Bytes)
04-24 03:52:20.672  2411  2411 I olsrd   : detected duplicate packet with seqnr 0x659a from 10.1.1.37 on wlan0 (1444 Bytes)
04-24 03:52:20.672  2411  2411 I olsrd   : detected duplicate packet with seqnr 0x659a from 10.1.1.37 on wlan0 (1444 Bytes)
04-24 03:52:23.435  2411  2411 I olsrd   : detected duplicate packet with seqnr 0x30ba from 10.1.1.1 on wlan0 (960 Bytes)
04-24 03:52:26.508  2411  2411 I olsrd   : detected duplicate packet with seqnr 0xde2a from 10.1.1.10 on wlan0 (1308 Bytes)
04-24 03:52:26.508  2411  2411 I olsrd   : detected duplicate packet with seqnr 0xde2a from 10.1.1.10 on wlan0 (1308 Bytes)
04-24 03:52:27.869  2411  2411 I olsrd   : detected duplicate packet with seqnr 0xfbe from 10.1.1.12 on wlan0 (1404 Bytes)
04-24 03:52:29.921  2411  2411 I olsrd   : detected duplicate packet with seqnr 0x4ebc from 10.1.1.4 on wlan0 (1404 Bytes)
04-24 03:52:29.921  2411  2411 I olsrd   : detected duplicate packet with seqnr 0x4ebc from 10.1.1.4 on wlan0 (1404 Bytes)
04-24 03:52:32.384  2411  2411 I olsrd   : detected duplicate packet with seqnr 0x30bd from 10.1.1.1 on wlan0 (1460 Bytes)
04-24 03:52:38.120  2411  2411 I olsrd   : detected duplicate packet with seqnr 0x4d05 from 10.1.1.9 on wlan0 (1248 Bytes)
04-24 03:52:39.021  2411  2411 I olsrd   : detected duplicate packet with seqnr 0x66d4 from 10.1.1.15 on wlan0 (972 Bytes)
04-24 03:52:39.771  2411  2411 I olsrd   : detected duplicate packet with seqnr 0x30c5 from 10.1.1.1 on wlan0 (1396 Bytes)
04-24 03:52:39.771  2411  2411 I olsrd   : detected duplicate packet with seqnr 0x30c5 from 10.1.1.1 on wlan0 (1396 Bytes)
04-24 03:52:41.093  2411  2411 I olsrd   : detected duplicate packet with seqnr 0x66d6 from 10.1.1.15 on wlan0 (1348 Bytes)
04-24 03:52:41.093  2411  2411 I olsrd   : detected duplicate packet with seqnr 0x66d6 from 10.1.1.15 on wlan0 (1348 Bytes)
04-24 03:52:41.093  2411  2411 I olsrd   : detected duplicate packet with seqnr 0x66d6 from 10.1.1.15 on wlan0 (1348 Bytes)
04-24 03:52:41.183  2411  2411 I olsrd   : detected duplicate packet with seqnr 0x7a2a from 10.1.1.28 on wlan0 (1204 Bytes)
04-24 03:52:41.183  2411  2411 I olsrd   : detected duplicate packet with seqnr 0x7a2a from 10.1.1.28 on wlan0 (1204 Bytes)
04-24 03:52:41.373  2411  2411 I olsrd   : detected duplicate packet with seqnr 0xbed3 from 10.1.1.23 on wlan0 (1364 Bytes)
04-24 03:52:41.373  2411  2411 I olsrd   : detected duplicate packet with seqnr 0xbed3 from 10.1.1.23 on wlan0 (1364 Bytes)
04-24 03:52:52.064  2411  2411 I olsrd   : Removing interface wlan0
04-24 03:52:52.074   806   869 D Tethering: InitialState.processMessage what=4
04-24 03:52:52.074   806   869 D Tethering: Exception adding default nw to upstreamIfaceTypes: java.lang.NullPointerException
04-24 03:52:52.074   806   869 D Tethering: sendTetherStateChangedBroadcast 1, 0, 0
04-24 03:52:52.074   806  1155 D Tethering: Exception adding default nw to upstreamIfaceTypes: java.lang.NullPointerException
04-24 03:54:13.657  5076  5076 W libc    : void endpwent()(3) is not implemented on Android
04-24 03:54:13.657   250   250 I busybox : void endpwent()(3) is not implemented on Android
04-24 03:54:13.747  5078  5078 W libc    : void endpwent()(3) is not implemented on Android
04-24 03:54:13.947  1417  1423 E MP-Decision: num online cores: 1 reqd : 2 available : 4 rq_depth:2.000000 hotplug_avg_load_dw: 63
04-24 03:54:13.947  1417  1423 E MP-Decision: UP cpu:1 core_idx:1 Nw:1.900000 Tw:140 total_time_up:98.000000
