--------- beginning of /dev/log/main
04-24 05:47:18.591  1417  1423 E MP-Decision: num online cores: 2 reqd : 1 available : 4 rq_depth:2.100000 hotplug_avg_load_dw: 18
04-24 05:47:18.591  1417  1423 E MP-Decision: DOWN cpu:1 core_idx:1 Ns:1.100000 Ts:190 total_time_down:0.000000
04-24 05:47:18.661 14796 14796 I olsrd   : Writing '1' (was 1) to /proc/sys/net/ipv4/ip_forward
04-24 05:47:18.661 14796 14796 I olsrd   : Writing '0' (was 1) to /proc/sys/net/ipv4/conf/all/send_redirects
04-24 05:47:18.661 14796 14796 I olsrd   : Writing '0' (was 0) to /proc/sys/net/ipv4/conf/all/rp_filter
04-24 05:47:18.661 14796 14796 I olsrd   : Writing '0' (was 0) to /proc/sys/net/ipv4/conf/wlan0/send_redirects
04-24 05:47:18.661 14796 14796 I olsrd   : Writing '0' (was 0) to /proc/sys/net/ipv4/conf/wlan0/rp_filter
04-24 05:47:18.661 14796 14796 I olsrd   : Adding interface wlan0
04-24 05:47:18.661 14796 14796 I olsrd   : New main address: 10.1.1.18
04-24 05:47:18.671 14797 14797 I olsrd   : olsr.org -  0.6.6.2-n -git_0000000 -n -hash_ 7985605520f3cae9b305d56e83b35d9c successfully started
04-24 05:47:21.344 14813 14813 D dalvikvm: Not late-enabling CheckJNI (already on)
--------- beginning of /dev/log/system
04-24 05:47:21.384   806   826 I ActivityManager: Start proc edu.mit.ll.cbmen.monitor for service edu.mit.ll.cbmen.monitor/.MonitorService: pid=14813 uid=10055 gids={50055, 1015, 3003, 1028}
04-24 05:47:21.464 14813 14813 I MonitorService: onCreate() MonitorService
04-24 05:47:21.474  1417  1423 E MP-Decision: num online cores: 1 reqd : 2 available : 4 rq_depth:3.300000 hotplug_avg_load_dw: 33
04-24 05:47:21.474  1417  1423 E MP-Decision: UP cpu:1 core_idx:1 Nw:1.900000 Tw:140 total_time_up:146.000000
04-24 05:47:21.474 14813 14813 D AndroidRuntime: Shutting down VM
04-24 05:47:21.474 14813 14813 W dalvikvm: threadid=1: thread exiting with uncaught exception (group=0x4156c7c0)
04-24 05:47:21.484 14813 14813 E AndroidRuntime: FATAL EXCEPTION: main
04-24 05:47:21.484 14813 14813 E AndroidRuntime: java.lang.RuntimeException: Unable to start service edu.mit.ll.cbmen.monitor.MonitorService@417f31b8 with null: java.lang.NullPointerException
04-24 05:47:21.484 14813 14813 E AndroidRuntime: 	at android.app.ActivityThread.handleServiceArgs(ActivityThread.java:2849)
04-24 05:47:21.484 14813 14813 E AndroidRuntime: 	at android.app.ActivityThread.access$1900(ActivityThread.java:153)
04-24 05:47:21.484 14813 14813 E AndroidRuntime: 	at android.app.ActivityThread$H.handleMessage(ActivityThread.java:1366)
04-24 05:47:21.484 14813 14813 E AndroidRuntime: 	at android.os.Handler.dispatchMessage(Handler.java:99)
04-24 05:47:21.484 14813 14813 E AndroidRuntime: 	at android.os.Looper.loop(Looper.java:137)
04-24 05:47:21.484 14813 14813 E AndroidRuntime: 	at android.app.ActivityThread.main(ActivityThread.java:5289)
04-24 05:47:21.484 14813 14813 E AndroidRuntime: 	at java.lang.reflect.Method.invokeNative(Native Method)
04-24 05:47:21.484 14813 14813 E AndroidRuntime: 	at java.lang.reflect.Method.invoke(Method.java:525)
04-24 05:47:21.484 14813 14813 E AndroidRuntime: 	at com.android.internal.os.ZygoteInit$MethodAndArgsCaller.run(ZygoteInit.java:739)
04-24 05:47:21.484 14813 14813 E AndroidRuntime: 	at com.android.internal.os.ZygoteInit.main(ZygoteInit.java:555)
04-24 05:47:21.484 14813 14813 E AndroidRuntime: 	at dalvik.system.NativeStart.main(Native Method)
04-24 05:47:21.484 14813 14813 E AndroidRuntime: Caused by: java.lang.NullPointerException
04-24 05:47:21.484 14813 14813 E AndroidRuntime: 	at edu.mit.ll.cbmen.monitor.MonitorService.onStartCommand(MonitorService.java:773)
04-24 05:47:21.484 14813 14813 E AndroidRuntime: 	at android.app.ActivityThread.handleServiceArgs(ActivityThread.java:2832)
04-24 05:47:21.484 14813 14813 E AndroidRuntime: 	... 10 more
04-24 05:47:21.484 14813 14813 I Process : Sending signal. PID: 14813 SIG: 9
04-24 05:47:21.494   806  1166 I ActivityManager: Process edu.mit.ll.cbmen.monitor (pid 14813) has died.
04-24 05:47:21.494   806  1166 W ActivityManager: Scheduling restart of crashed service edu.mit.ll.cbmen.monitor/.MonitorService in 20000ms
04-24 05:47:21.604  1417  1423 E MP-Decision: num online cores: 2 reqd : 1 available : 4 rq_depth:0.000000 hotplug_avg_load_dw: 17
04-24 05:47:21.604  1417  1423 E MP-Decision: DOWN cpu:1 core_idx:1 Ns:1.100000 Ts:190 total_time_down:125.000000
04-24 05:47:41.523 14966 14966 D dalvikvm: Not late-enabling CheckJNI (already on)
04-24 05:47:41.533   806   826 I ActivityManager: Start proc edu.mit.ll.cbmen.monitor for service edu.mit.ll.cbmen.monitor/.MonitorService: pid=14966 uid=10055 gids={50055, 1015, 3003, 1028}
04-24 05:47:41.593 14966 14966 I MonitorService: onCreate() MonitorService
04-24 05:47:41.603 14966 14966 D AndroidRuntime: Shutting down VM
04-24 05:47:41.603 14966 14966 W dalvikvm: threadid=1: thread exiting with uncaught exception (group=0x4156c7c0)
04-24 05:47:41.603 14966 14966 I Process : Sending signal. PID: 14966 SIG: 9
04-24 05:47:41.603 14966 14966 E AndroidRuntime: FATAL EXCEPTION: main
04-24 05:47:41.603 14966 14966 E AndroidRuntime: java.lang.RuntimeException: Unable to start service edu.mit.ll.cbmen.monitor.MonitorService@417e9a58 with null: java.lang.NullPointerException
04-24 05:47:41.603 14966 14966 E AndroidRuntime: 	at android.app.ActivityThread.handleServiceArgs(ActivityThread.java:2849)
04-24 05:47:41.603 14966 14966 E AndroidRuntime: 	at android.app.ActivityThread.access$1900(ActivityThread.java:153)
04-24 05:47:41.603 14966 14966 E AndroidRuntime: 	at android.app.ActivityThread$H.handleMessage(ActivityThread.java:1366)
04-24 05:47:41.603 14966 14966 E AndroidRuntime: 	at android.os.Handler.dispatchMessage(Handler.java:99)
04-24 05:47:41.603 14966 14966 E AndroidRuntime: 	at android.os.Looper.loop(Looper.java:137)
04-24 05:47:41.603 14966 14966 E AndroidRuntime: 	at android.app.ActivityThread.main(ActivityThread.java:5289)
04-24 05:47:41.603 14966 14966 E AndroidRuntime: 	at java.lang.reflect.Method.invokeNative(Native Method)
04-24 05:47:41.603 14966 14966 E AndroidRuntime: 	at java.lang.reflect.Method.invoke(Method.java:525)
04-24 05:47:41.603 14966 14966 E AndroidRuntime: 	at com.android.internal.os.ZygoteInit$MethodAndArgsCaller.run(ZygoteInit.java:739)
04-24 05:47:41.603 14966 14966 E AndroidRuntime: 	at com.android.internal.os.ZygoteInit.main(ZygoteInit.java:555)
04-24 05:47:41.603 14966 14966 E AndroidRuntime: 	at dalvik.system.NativeStart.main(Native Method)
04-24 05:47:41.603 14966 14966 E AndroidRuntime: Caused by: java.lang.NullPointerException
04-24 05:47:41.603 14966 14966 E AndroidRuntime: 	at edu.mit.ll.cbmen.monitor.MonitorService.onStartCommand(MonitorService.java:773)
04-24 05:47:41.603 14966 14966 E AndroidRuntime: 	at android.app.ActivityThread.handleServiceArgs(ActivityThread.java:2832)
04-24 05:47:41.603 14966 14966 E AndroidRuntime: 	... 10 more
04-24 05:47:41.613  1417  1423 E MP-Decision: num online cores: 1 reqd : 2 available : 4 rq_depth:2.900000 hotplug_avg_load_dw: 29
04-24 05:47:41.613  1417  1423 E MP-Decision: UP cpu:1 core_idx:1 Nw:1.900000 Tw:140 total_time_up:144.000000
04-24 05:47:41.613   806  1167 I ActivityManager: Process edu.mit.ll.cbmen.monitor (pid 14966) has died.
04-24 05:47:41.613   806  1167 W ActivityManager: Service crashed 2 times, stopping: ServiceRecord{41e579a8 u0 edu.mit.ll.cbmen.monitor/.MonitorService}
04-24 05:47:41.713  1417  1423 E MP-Decision: num online cores: 2 reqd : 1 available : 4 rq_depth:0.000000 hotplug_avg_load_dw: 16
04-24 05:47:41.713  1417  1423 E MP-Decision: DOWN cpu:1 core_idx:1 Ns:1.100000 Ts:190 total_time_down:96.000000
04-24 05:49:25.333 14797 14797 I olsrd   : detected duplicate packet with seqnr 0x2e20 from 10.1.1.6 on wlan0 (352 Bytes)
04-24 05:49:42.069   806   826 W ProcessStats: Skipping unknown process pid 15729
04-24 05:50:09.335 14797 14797 I olsrd   : detected duplicate packet with seqnr 0xc9b2 from 10.1.1.13 on wlan0 (332 Bytes)
04-24 05:50:52.967 14797 14797 I olsrd   : detected duplicate packet with seqnr 0x2e50 from 10.1.1.6 on wlan0 (368 Bytes)
04-24 05:50:52.967 14797 14797 I olsrd   : detected duplicate packet with seqnr 0x2e50 from 10.1.1.6 on wlan0 (368 Bytes)
04-24 05:51:02.507 14797 14797 I olsrd   : detected duplicate packet with seqnr 0x170a from 10.1.1.1 on wlan0 (364 Bytes)
04-24 05:51:03.057 14797 14797 I olsrd   : detected duplicate packet with seqnr 0xc41d from 10.1.1.2 on wlan0 (300 Bytes)
04-24 05:51:03.057 14797 14797 I olsrd   : detected duplicate packet with seqnr 0xc41d from 10.1.1.2 on wlan0 (300 Bytes)
04-24 05:52:05.948 14797 14797 I olsrd   : detected duplicate packet with seqnr 0x172d from 10.1.1.1 on wlan0 (248 Bytes)
04-24 05:52:05.948 14797 14797 I olsrd   : detected duplicate packet with seqnr 0x172d from 10.1.1.1 on wlan0 (248 Bytes)
04-24 05:52:05.948 14797 14797 I olsrd   : detected duplicate packet with seqnr 0x172d from 10.1.1.1 on wlan0 (248 Bytes)
04-24 05:52:20.281  1417  1423 E MP-Decision: num online cores: 1 reqd : 2 available : 4 rq_depth:1.000000 hotplug_avg_load_dw: 66
04-24 05:52:20.281  1417  1423 E MP-Decision: UP cpu:1 core_idx:1 Nw:1.900000 Tw:140 total_time_up:0.000000
04-24 05:52:20.432 16756 16756 D AndroidRuntime: 
04-24 05:52:20.432 16756 16756 D AndroidRuntime: >>>>>> AndroidRuntime START com.android.internal.os.RuntimeInit <<<<<<
04-24 05:52:20.432 16756 16756 D AndroidRuntime: CheckJNI is ON
04-24 05:52:20.432 16756 16756 E dalvikvm: ERROR: must specify non-'.' bootclasspath
04-24 05:52:20.432 16756 16756 W dalvikvm: CreateJavaVM failed: dvmClassStartup failed
04-24 05:52:20.432 16756 16756 E AndroidRuntime: JNI_CreateJavaVM failed
04-24 05:52:20.542 14797 14797 I olsrd   : Writing '1' (was 0) to /proc/sys/net/ipv4/conf/all/send_redirects
04-24 05:52:20.542 14797 14797 I olsrd   : olsr.org -  0.6.6.2-n -git_0000000 -n -hash_ 7985605520f3cae9b305d56e83b35d9c stopped
04-24 05:52:21.403  1417  1423 E MP-Decision: num online cores: 2 reqd : 1 available : 4 rq_depth:0.000000 hotplug_avg_load_dw: 14
04-24 05:52:21.403  1417  1423 E MP-Decision: DOWN cpu:1 core_idx:1 Ns:1.100000 Ts:190 total_time_down:364.000000
04-24 05:52:21.873  1417  1423 E MP-Decision: num online cores: 1 reqd : 2 available : 4 rq_depth:2.100000 hotplug_avg_load_dw: 70
04-24 05:52:21.873  1417  1423 E MP-Decision: UP cpu:1 core_idx:1 Nw:1.900000 Tw:140 total_time_up:49.000000
04-24 05:52:22.413 16856 16856 D AndroidRuntime: 
04-24 05:52:22.413 16856 16856 D AndroidRuntime: >>>>>> AndroidRuntime START com.android.internal.os.RuntimeInit <<<<<<
04-24 05:52:22.413 16856 16856 D AndroidRuntime: CheckJNI is ON
04-24 05:52:22.424 16856 16856 E dalvikvm: ERROR: must specify non-'.' bootclasspath
04-24 05:52:22.424 16856 16856 W dalvikvm: CreateJavaVM failed: dvmClassStartup failed
04-24 05:52:22.424 16856 16856 E AndroidRuntime: JNI_CreateJavaVM failed
04-24 05:52:22.774 16857 16857 D AndroidRuntime: 
04-24 05:52:22.774 16857 16857 D AndroidRuntime: >>>>>> AndroidRuntime START com.android.internal.os.RuntimeInit <<<<<<
04-24 05:52:22.774 16857 16857 D AndroidRuntime: CheckJNI is ON
04-24 05:52:22.774 16857 16857 E dalvikvm: ERROR: must specify non-'.' bootclasspath
04-24 05:52:22.774 16857 16857 W dalvikvm: CreateJavaVM failed: dvmClassStartup failed
04-24 05:52:22.774 16857 16857 E AndroidRuntime: JNI_CreateJavaVM failed
