--------- beginning of /dev/log/main
04-24 04:16:29.299  1404  1412 E MP-Decision: num online cores: 2 reqd : 1 available : 4 rq_depth:0.200000 hotplug_avg_load_dw: 23
04-24 04:16:29.299  1404  1412 E MP-Decision: DOWN cpu:1 core_idx:1 Ns:1.100000 Ts:190 total_time_down:275.000000
04-24 04:16:32.342 10392 10392 D dalvikvm: Not late-enabling CheckJNI (already on)
--------- beginning of /dev/log/system
04-24 04:16:32.362   784   804 I ActivityManager: Start proc edu.mit.ll.cbmen.monitor for service edu.mit.ll.cbmen.monitor/.MonitorService: pid=10392 uid=10055 gids={50055, 1015, 3003, 1028}
04-24 04:16:32.422 10392 10392 I MonitorService: onCreate() MonitorService
04-24 04:16:32.432 10392 10392 D AndroidRuntime: Shutting down VM
04-24 04:16:32.432 10392 10392 W dalvikvm: threadid=1: thread exiting with uncaught exception (group=0x415847c0)
04-24 04:16:32.432 10392 10392 E AndroidRuntime: FATAL EXCEPTION: main
04-24 04:16:32.432 10392 10392 E AndroidRuntime: java.lang.RuntimeException: Unable to start service edu.mit.ll.cbmen.monitor.MonitorService@418084f8 with null: java.lang.NullPointerException
04-24 04:16:32.432 10392 10392 E AndroidRuntime: 	at android.app.ActivityThread.handleServiceArgs(ActivityThread.java:2849)
04-24 04:16:32.432 10392 10392 E AndroidRuntime: 	at android.app.ActivityThread.access$1900(ActivityThread.java:153)
04-24 04:16:32.432 10392 10392 E AndroidRuntime: 	at android.app.ActivityThread$H.handleMessage(ActivityThread.java:1366)
04-24 04:16:32.432 10392 10392 E AndroidRuntime: 	at android.os.Handler.dispatchMessage(Handler.java:99)
04-24 04:16:32.432 10392 10392 E AndroidRuntime: 	at android.os.Looper.loop(Looper.java:137)
04-24 04:16:32.432 10392 10392 E AndroidRuntime: 	at android.app.ActivityThread.main(ActivityThread.java:5289)
04-24 04:16:32.432 10392 10392 E AndroidRuntime: 	at java.lang.reflect.Method.invokeNative(Native Method)
04-24 04:16:32.432 10392 10392 E AndroidRuntime: 	at java.lang.reflect.Method.invoke(Method.java:525)
04-24 04:16:32.432 10392 10392 E AndroidRuntime: 	at com.android.internal.os.ZygoteInit$MethodAndArgsCaller.run(ZygoteInit.java:739)
04-24 04:16:32.432 10392 10392 E AndroidRuntime: 	at com.android.internal.os.ZygoteInit.main(ZygoteInit.java:555)
04-24 04:16:32.432 10392 10392 E AndroidRuntime: 	at dalvik.system.NativeStart.main(Native Method)
04-24 04:16:32.432 10392 10392 E AndroidRuntime: Caused by: java.lang.NullPointerException
04-24 04:16:32.432 10392 10392 E AndroidRuntime: 	at edu.mit.ll.cbmen.monitor.MonitorService.onStartCommand(MonitorService.java:773)
04-24 04:16:32.432 10392 10392 E AndroidRuntime: 	at android.app.ActivityThread.handleServiceArgs(ActivityThread.java:2832)
04-24 04:16:32.432 10392 10392 E AndroidRuntime: 	... 10 more
04-24 04:16:32.442 10392 10392 I Process : Sending signal. PID: 10392 SIG: 9
04-24 04:16:32.442   784  1260 I ActivityManager: Process edu.mit.ll.cbmen.monitor (pid 10392) has died.
04-24 04:16:32.442   784  1260 W ActivityManager: Scheduling restart of crashed service edu.mit.ll.cbmen.monitor/.MonitorService in 20000ms
04-24 04:16:32.462  1404  1412 E MP-Decision: num online cores: 1 reqd : 2 available : 4 rq_depth:2.000000 hotplug_avg_load_dw: 27
04-24 04:16:32.462  1404  1412 E MP-Decision: UP cpu:1 core_idx:1 Nw:1.900000 Tw:140 total_time_up:146.000000
04-24 04:16:32.512  1404  1412 E MP-Decision: num online cores: 2 reqd : 1 available : 4 rq_depth:0.200000 hotplug_avg_load_dw: 9
04-24 04:16:32.512  1404  1412 E MP-Decision: DOWN cpu:1 core_idx:1 Ns:1.100000 Ts:190 total_time_down:47.000000
04-24 04:16:52.472 10542 10542 D dalvikvm: Not late-enabling CheckJNI (already on)
04-24 04:16:52.482   784   804 I ActivityManager: Start proc edu.mit.ll.cbmen.monitor for service edu.mit.ll.cbmen.monitor/.MonitorService: pid=10542 uid=10055 gids={50055, 1015, 3003, 1028}
04-24 04:16:52.552 10542 10542 I MonitorService: onCreate() MonitorService
04-24 04:16:52.552 10542 10542 D AndroidRuntime: Shutting down VM
04-24 04:16:52.552 10542 10542 W dalvikvm: threadid=1: thread exiting with uncaught exception (group=0x415847c0)
04-24 04:16:52.552 10542 10542 E AndroidRuntime: FATAL EXCEPTION: main
04-24 04:16:52.552 10542 10542 E AndroidRuntime: java.lang.RuntimeException: Unable to start service edu.mit.ll.cbmen.monitor.MonitorService@41809400 with null: java.lang.NullPointerException
04-24 04:16:52.552 10542 10542 E AndroidRuntime: 	at android.app.ActivityThread.handleServiceArgs(ActivityThread.java:2849)
04-24 04:16:52.552 10542 10542 E AndroidRuntime: 	at android.app.ActivityThread.access$1900(ActivityThread.java:153)
04-24 04:16:52.552 10542 10542 E AndroidRuntime: 	at android.app.ActivityThread$H.handleMessage(ActivityThread.java:1366)
04-24 04:16:52.552 10542 10542 E AndroidRuntime: 	at android.os.Handler.dispatchMessage(Handler.java:99)
04-24 04:16:52.552 10542 10542 E AndroidRuntime: 	at android.os.Looper.loop(Looper.java:137)
04-24 04:16:52.552 10542 10542 E AndroidRuntime: 	at android.app.ActivityThread.main(ActivityThread.java:5289)
04-24 04:16:52.552 10542 10542 E AndroidRuntime: 	at java.lang.reflect.Method.invokeNative(Native Method)
04-24 04:16:52.552 10542 10542 E AndroidRuntime: 	at java.lang.reflect.Method.invoke(Method.java:525)
04-24 04:16:52.552 10542 10542 E AndroidRuntime: 	at com.android.internal.os.ZygoteInit$MethodAndArgsCaller.run(ZygoteInit.java:739)
04-24 04:16:52.552 10542 10542 E AndroidRuntime: 	at com.android.internal.os.ZygoteInit.main(ZygoteInit.java:555)
04-24 04:16:52.552 10542 10542 E AndroidRuntime: 	at dalvik.system.NativeStart.main(Native Method)
04-24 04:16:52.552 10542 10542 E AndroidRuntime: Caused by: java.lang.NullPointerException
04-24 04:16:52.552 10542 10542 E AndroidRuntime: 	at edu.mit.ll.cbmen.monitor.MonitorService.onStartCommand(MonitorService.java:773)
04-24 04:16:52.552 10542 10542 E AndroidRuntime: 	at android.app.ActivityThread.handleServiceArgs(ActivityThread.java:2832)
04-24 04:16:52.552 10542 10542 E AndroidRuntime: 	... 10 more
04-24 04:16:52.562 10542 10542 I Process : Sending signal. PID: 10542 SIG: 9
04-24 04:16:52.562   784  1090 I ActivityManager: Process edu.mit.ll.cbmen.monitor (pid 10542) has died.
04-24 04:16:52.562   784  1090 W ActivityManager: Service crashed 2 times, stopping: ServiceRecord{4185a198 u0 edu.mit.ll.cbmen.monitor/.MonitorService}
04-24 04:16:57.106 10594 10594 I olsrd   : Writing '1' (was 1) to /proc/sys/net/ipv4/ip_forward
04-24 04:16:57.106 10594 10594 I olsrd   : Writing '0' (was 1) to /proc/sys/net/ipv4/conf/all/send_redirects
04-24 04:16:57.106 10594 10594 I olsrd   : Writing '0' (was 0) to /proc/sys/net/ipv4/conf/all/rp_filter
04-24 04:16:57.106 10594 10594 I olsrd   : Writing '0' (was 0) to /proc/sys/net/ipv4/conf/wlan0/send_redirects
04-24 04:16:57.106 10594 10594 I olsrd   : Writing '0' (was 0) to /proc/sys/net/ipv4/conf/wlan0/rp_filter
04-24 04:16:57.106 10594 10594 I olsrd   : Adding interface wlan0
04-24 04:16:57.106 10594 10594 I olsrd   : New main address: 10.1.1.8
04-24 04:16:57.116 10599 10599 I olsrd   : olsr.org -  0.6.6.2-n -git_0000000 -n -hash_ 7985605520f3cae9b305d56e83b35d9c successfully started
04-24 04:17:05.044   784   804 W ProcessStats: Skipping unknown process pid 10666
04-24 04:18:08.456  1404  1412 E MP-Decision: num online cores: 1 reqd : 2 available : 4 rq_depth:2.700000 hotplug_avg_load_dw: 27
04-24 04:18:08.456  1404  1412 E MP-Decision: UP cpu:1 core_idx:1 Nw:1.900000 Tw:140 total_time_up:147.000000
04-24 04:18:08.756  1404  1412 E MP-Decision: num online cores: 2 reqd : 1 available : 4 rq_depth:0.600000 hotplug_avg_load_dw: 26
04-24 04:18:08.756  1404  1412 E MP-Decision: DOWN cpu:1 core_idx:1 Ns:1.100000 Ts:190 total_time_down:289.000000
04-24 04:18:46.973 10599 10599 I olsrd   : detected duplicate packet with seqnr 0x2f5a from 10.1.1.10 on wlan0 (180 Bytes)
04-24 04:18:53.259 10599 10599 I olsrd   : detected duplicate packet with seqnr 0x5a6b from 10.1.1.2 on wlan0 (260 Bytes)
04-24 04:22:37.297  1404  1412 E MP-Decision: num online cores: 1 reqd : 2 available : 4 rq_depth:1.000000 hotplug_avg_load_dw: 69
04-24 04:22:37.297  1404  1412 E MP-Decision: UP cpu:1 core_idx:1 Nw:1.900000 Tw:140 total_time_up:0.000000
04-24 04:22:37.477 13456 13456 D AndroidRuntime: 
04-24 04:22:37.477 13456 13456 D AndroidRuntime: >>>>>> AndroidRuntime START com.android.internal.os.RuntimeInit <<<<<<
04-24 04:22:37.477 13456 13456 D AndroidRuntime: CheckJNI is ON
04-24 04:22:37.477 13456 13456 E dalvikvm: ERROR: must specify non-'.' bootclasspath
04-24 04:22:37.477 13456 13456 W dalvikvm: CreateJavaVM failed: dvmClassStartup failed
04-24 04:22:37.477 13456 13456 E AndroidRuntime: JNI_CreateJavaVM failed
04-24 04:22:37.638 10599 10599 I olsrd   : Writing '1' (was 0) to /proc/sys/net/ipv4/conf/all/send_redirects
04-24 04:22:37.638 10599 10599 I olsrd   : olsr.org -  0.6.6.2-n -git_0000000 -n -hash_ 7985605520f3cae9b305d56e83b35d9c stopped
04-24 04:22:38.398  1404  1412 E MP-Decision: num online cores: 2 reqd : 1 available : 4 rq_depth:0.000000 hotplug_avg_load_dw: 5
04-24 04:22:38.398  1404  1412 E MP-Decision: DOWN cpu:1 core_idx:1 Ns:1.100000 Ts:190 total_time_down:148.000000
04-24 04:22:38.899  1404  1412 E MP-Decision: num online cores: 1 reqd : 2 available : 4 rq_depth:1.000000 hotplug_avg_load_dw: 56
04-24 04:22:38.899  1404  1412 E MP-Decision: UP cpu:1 core_idx:1 Nw:1.900000 Tw:140 total_time_up:0.000000
04-24 04:22:39.509 13569 13569 D AndroidRuntime: 
04-24 04:22:39.509 13569 13569 D AndroidRuntime: >>>>>> AndroidRuntime START com.android.internal.os.RuntimeInit <<<<<<
04-24 04:22:39.509 13569 13569 D AndroidRuntime: CheckJNI is ON
04-24 04:22:39.509 13569 13569 E dalvikvm: ERROR: must specify non-'.' bootclasspath
04-24 04:22:39.509 13569 13569 W dalvikvm: CreateJavaVM failed: dvmClassStartup failed
04-24 04:22:39.509 13569 13569 E AndroidRuntime: JNI_CreateJavaVM failed
04-24 04:22:39.860 13570 13570 D AndroidRuntime: 
04-24 04:22:39.860 13570 13570 D AndroidRuntime: >>>>>> AndroidRuntime START com.android.internal.os.RuntimeInit <<<<<<
04-24 04:22:39.860 13570 13570 D AndroidRuntime: CheckJNI is ON
04-24 04:22:39.860 13570 13570 E dalvikvm: ERROR: must specify non-'.' bootclasspath
04-24 04:22:39.860 13570 13570 W dalvikvm: CreateJavaVM failed: dvmClassStartup failed
04-24 04:22:39.860 13570 13570 E AndroidRuntime: JNI_CreateJavaVM failed
