--------- beginning of /dev/log/main
04-24 05:47:18.665  1415  1421 E MP-Decision: num online cores: 2 reqd : 1 available : 4 rq_depth:1.100000 hotplug_avg_load_dw: 14
04-24 05:47:18.665  1415  1421 E MP-Decision: DOWN cpu:1 core_idx:1 Ns:1.100000 Ts:190 total_time_down:48.000000
04-24 05:47:18.775 14870 14870 I olsrd   : Writing '1' (was 1) to /proc/sys/net/ipv4/ip_forward
04-24 05:47:18.775 14870 14870 I olsrd   : Writing '0' (was 1) to /proc/sys/net/ipv4/conf/all/send_redirects
04-24 05:47:18.775 14870 14870 I olsrd   : Writing '0' (was 0) to /proc/sys/net/ipv4/conf/all/rp_filter
04-24 05:47:18.775 14870 14870 I olsrd   : Writing '0' (was 0) to /proc/sys/net/ipv4/conf/wlan0/send_redirects
04-24 05:47:18.775 14870 14870 I olsrd   : Writing '0' (was 0) to /proc/sys/net/ipv4/conf/wlan0/rp_filter
04-24 05:47:18.775 14870 14870 I olsrd   : Adding interface wlan0
04-24 05:47:18.775 14870 14870 I olsrd   : New main address: 10.1.1.16
04-24 05:47:18.785 14871 14871 I olsrd   : olsr.org -  0.6.6.2-n -git_0000000 -n -hash_ 7985605520f3cae9b305d56e83b35d9c successfully started
04-24 05:47:21.388 14887 14887 D dalvikvm: Not late-enabling CheckJNI (already on)
--------- beginning of /dev/log/system
04-24 05:47:21.408   805   825 I ActivityManager: Start proc edu.mit.ll.cbmen.monitor for service edu.mit.ll.cbmen.monitor/.MonitorService: pid=14887 uid=10055 gids={50055, 1015, 3003, 1028}
04-24 05:47:21.468 14887 14887 I MonitorService: onCreate() MonitorService
04-24 05:47:21.468 14887 14887 D AndroidRuntime: Shutting down VM
04-24 05:47:21.468 14887 14887 W dalvikvm: threadid=1: thread exiting with uncaught exception (group=0x4157f7c0)
04-24 05:47:21.478 14887 14887 E AndroidRuntime: FATAL EXCEPTION: main
04-24 05:47:21.478 14887 14887 E AndroidRuntime: java.lang.RuntimeException: Unable to start service edu.mit.ll.cbmen.monitor.MonitorService@417fd848 with null: java.lang.NullPointerException
04-24 05:47:21.478 14887 14887 E AndroidRuntime: 	at android.app.ActivityThread.handleServiceArgs(ActivityThread.java:2849)
04-24 05:47:21.478 14887 14887 E AndroidRuntime: 	at android.app.ActivityThread.access$1900(ActivityThread.java:153)
04-24 05:47:21.478 14887 14887 E AndroidRuntime: 	at android.app.ActivityThread$H.handleMessage(ActivityThread.java:1366)
04-24 05:47:21.478 14887 14887 E AndroidRuntime: 	at android.os.Handler.dispatchMessage(Handler.java:99)
04-24 05:47:21.478 14887 14887 E AndroidRuntime: 	at android.os.Looper.loop(Looper.java:137)
04-24 05:47:21.478 14887 14887 E AndroidRuntime: 	at android.app.ActivityThread.main(ActivityThread.java:5289)
04-24 05:47:21.478 14887 14887 E AndroidRuntime: 	at java.lang.reflect.Method.invokeNative(Native Method)
04-24 05:47:21.478 14887 14887 E AndroidRuntime: 	at java.lang.reflect.Method.invoke(Method.java:525)
04-24 05:47:21.478 14887 14887 E AndroidRuntime: 	at com.android.internal.os.ZygoteInit$MethodAndArgsCaller.run(ZygoteInit.java:739)
04-24 05:47:21.478 14887 14887 E AndroidRuntime: 	at com.android.internal.os.ZygoteInit.main(ZygoteInit.java:555)
04-24 05:47:21.478 14887 14887 E AndroidRuntime: 	at dalvik.system.NativeStart.main(Native Method)
04-24 05:47:21.478 14887 14887 E AndroidRuntime: Caused by: java.lang.NullPointerException
04-24 05:47:21.478 14887 14887 E AndroidRuntime: 	at edu.mit.ll.cbmen.monitor.MonitorService.onStartCommand(MonitorService.java:773)
04-24 05:47:21.478 14887 14887 E AndroidRuntime: 	at android.app.ActivityThread.handleServiceArgs(ActivityThread.java:2832)
04-24 05:47:21.478 14887 14887 E AndroidRuntime: 	... 10 more
04-24 05:47:21.488  1415  1421 E MP-Decision: num online cores: 1 reqd : 2 available : 4 rq_depth:2.100000 hotplug_avg_load_dw: 25
04-24 05:47:21.488  1415  1421 E MP-Decision: UP cpu:1 core_idx:1 Nw:1.900000 Tw:140 total_time_up:144.000000
04-24 05:47:21.488 14887 14887 I Process : Sending signal. PID: 14887 SIG: 9
04-24 05:47:21.498   805  1114 I ActivityManager: Process edu.mit.ll.cbmen.monitor (pid 14887) has died.
04-24 05:47:21.498   805  1114 W ActivityManager: Scheduling restart of crashed service edu.mit.ll.cbmen.monitor/.MonitorService in 20000ms
04-24 05:47:21.628  1415  1421 E MP-Decision: num online cores: 2 reqd : 1 available : 4 rq_depth:0.000000 hotplug_avg_load_dw: 9
04-24 05:47:21.628  1415  1421 E MP-Decision: DOWN cpu:1 core_idx:1 Ns:1.100000 Ts:190 total_time_down:136.000000
04-24 05:47:41.527 15039 15039 D dalvikvm: Not late-enabling CheckJNI (already on)
04-24 05:47:41.537   805   825 I ActivityManager: Start proc edu.mit.ll.cbmen.monitor for service edu.mit.ll.cbmen.monitor/.MonitorService: pid=15039 uid=10055 gids={50055, 1015, 3003, 1028}
04-24 05:47:41.597 15039 15039 I MonitorService: onCreate() MonitorService
04-24 05:47:41.597 15039 15039 D AndroidRuntime: Shutting down VM
04-24 05:47:41.597 15039 15039 W dalvikvm: threadid=1: thread exiting with uncaught exception (group=0x4157f7c0)
04-24 05:47:41.607 15039 15039 E AndroidRuntime: FATAL EXCEPTION: main
04-24 05:47:41.607 15039 15039 E AndroidRuntime: java.lang.RuntimeException: Unable to start service edu.mit.ll.cbmen.monitor.MonitorService@417fe748 with null: java.lang.NullPointerException
04-24 05:47:41.607 15039 15039 E AndroidRuntime: 	at android.app.ActivityThread.handleServiceArgs(ActivityThread.java:2849)
04-24 05:47:41.607 15039 15039 E AndroidRuntime: 	at android.app.ActivityThread.access$1900(ActivityThread.java:153)
04-24 05:47:41.607 15039 15039 E AndroidRuntime: 	at android.app.ActivityThread$H.handleMessage(ActivityThread.java:1366)
04-24 05:47:41.607 15039 15039 E AndroidRuntime: 	at android.os.Handler.dispatchMessage(Handler.java:99)
04-24 05:47:41.607 15039 15039 E AndroidRuntime: 	at android.os.Looper.loop(Looper.java:137)
04-24 05:47:41.607 15039 15039 E AndroidRuntime: 	at android.app.ActivityThread.main(ActivityThread.java:5289)
04-24 05:47:41.607 15039 15039 E AndroidRuntime: 	at java.lang.reflect.Method.invokeNative(Native Method)
04-24 05:47:41.607 15039 15039 E AndroidRuntime: 	at java.lang.reflect.Method.invoke(Method.java:525)
04-24 05:47:41.607 15039 15039 E AndroidRuntime: 	at com.android.internal.os.ZygoteInit$MethodAndArgsCaller.run(ZygoteInit.java:739)
04-24 05:47:41.607 15039 15039 E AndroidRuntime: 	at com.android.internal.os.ZygoteInit.main(ZygoteInit.java:555)
04-24 05:47:41.607 15039 15039 E AndroidRuntime: 	at dalvik.system.NativeStart.main(Native Method)
04-24 05:47:41.607 15039 15039 E AndroidRuntime: Caused by: java.lang.NullPointerException
04-24 05:47:41.607 15039 15039 E AndroidRuntime: 	at edu.mit.ll.cbmen.monitor.MonitorService.onStartCommand(MonitorService.java:773)
04-24 05:47:41.607 15039 15039 E AndroidRuntime: 	at android.app.ActivityThread.handleServiceArgs(ActivityThread.java:2832)
04-24 05:47:41.607 15039 15039 E AndroidRuntime: 	... 10 more
04-24 05:47:41.607 15039 15039 I Process : Sending signal. PID: 15039 SIG: 9
04-24 05:47:41.617   805  1181 I ActivityManager: Process edu.mit.ll.cbmen.monitor (pid 15039) has died.
04-24 05:47:41.617   805  1181 W ActivityManager: Service crashed 2 times, stopping: ServiceRecord{419073a0 u0 edu.mit.ll.cbmen.monitor/.MonitorService}
04-24 05:50:15.494 14871 14871 I olsrd   : detected duplicate packet with seqnr 0x16e9 from 10.1.1.1 on wlan0 (128 Bytes)
04-24 05:50:15.494 14871 14871 I olsrd   : detected duplicate packet with seqnr 0x16e9 from 10.1.1.1 on wlan0 (128 Bytes)
04-24 05:51:28.104 14871 14871 I olsrd   : detected duplicate packet with seqnr 0x1718 from 10.1.1.1 on wlan0 (196 Bytes)
04-24 05:51:47.252  1415  1421 E MP-Decision: num online cores: 1 reqd : 2 available : 4 rq_depth:1.900000 hotplug_avg_load_dw: 34
04-24 05:51:47.252  1415  1421 E MP-Decision: UP cpu:1 core_idx:1 Nw:1.900000 Tw:140 total_time_up:144.000000
04-24 05:51:47.502  1415  1421 E MP-Decision: num online cores: 2 reqd : 1 available : 4 rq_depth:0.500000 hotplug_avg_load_dw: 25
04-24 05:51:47.502  1415  1421 E MP-Decision: DOWN cpu:1 core_idx:1 Ns:1.100000 Ts:190 total_time_down:196.000000
04-24 05:52:05.950 14871 14871 I olsrd   : detected duplicate packet with seqnr 0x172d from 10.1.1.1 on wlan0 (248 Bytes)
04-24 05:52:05.950 14871 14871 I olsrd   : detected duplicate packet with seqnr 0x172d from 10.1.1.1 on wlan0 (248 Bytes)
04-24 05:52:05.960 14871 14871 I olsrd   : detected duplicate packet with seqnr 0x172d from 10.1.1.1 on wlan0 (248 Bytes)
04-24 05:52:05.960 14871 14871 I olsrd   : detected duplicate packet with seqnr 0x172d from 10.1.1.1 on wlan0 (248 Bytes)
04-24 05:52:20.304  1415  1421 E MP-Decision: num online cores: 1 reqd : 2 available : 4 rq_depth:1.000000 hotplug_avg_load_dw: 66
04-24 05:52:20.304  1415  1421 E MP-Decision: UP cpu:1 core_idx:1 Nw:1.900000 Tw:140 total_time_up:0.000000
04-24 05:52:20.434 16827 16827 D AndroidRuntime: 
04-24 05:52:20.434 16827 16827 D AndroidRuntime: >>>>>> AndroidRuntime START com.android.internal.os.RuntimeInit <<<<<<
04-24 05:52:20.434 16827 16827 D AndroidRuntime: CheckJNI is ON
04-24 05:52:20.434 16827 16827 E dalvikvm: ERROR: must specify non-'.' bootclasspath
04-24 05:52:20.434 16827 16827 W dalvikvm: CreateJavaVM failed: dvmClassStartup failed
04-24 05:52:20.444 16827 16827 E AndroidRuntime: JNI_CreateJavaVM failed
04-24 05:52:20.574 14871 14871 I olsrd   : Writing '1' (was 0) to /proc/sys/net/ipv4/conf/all/send_redirects
04-24 05:52:20.574 14871 14871 I olsrd   : olsr.org -  0.6.6.2-n -git_0000000 -n -hash_ 7985605520f3cae9b305d56e83b35d9c stopped
04-24 05:52:21.345  1415  1421 E MP-Decision: num online cores: 2 reqd : 1 available : 4 rq_depth:0.000000 hotplug_avg_load_dw: 15
04-24 05:52:21.345  1415  1421 E MP-Decision: DOWN cpu:1 core_idx:1 Ns:1.100000 Ts:190 total_time_down:186.000000
04-24 05:52:21.815  1415  1421 E MP-Decision: num online cores: 1 reqd : 2 available : 4 rq_depth:1.000000 hotplug_avg_load_dw: 51
04-24 05:52:21.815  1415  1421 E MP-Decision: UP cpu:1 core_idx:1 Nw:1.900000 Tw:140 total_time_up:0.000000
04-24 05:52:22.436 16940 16940 D AndroidRuntime: 
04-24 05:52:22.436 16940 16940 D AndroidRuntime: >>>>>> AndroidRuntime START com.android.internal.os.RuntimeInit <<<<<<
04-24 05:52:22.436 16940 16940 D AndroidRuntime: CheckJNI is ON
04-24 05:52:22.436 16940 16940 E dalvikvm: ERROR: must specify non-'.' bootclasspath
04-24 05:52:22.436 16940 16940 W dalvikvm: CreateJavaVM failed: dvmClassStartup failed
04-24 05:52:22.436 16940 16940 E AndroidRuntime: JNI_CreateJavaVM failed
04-24 05:52:22.796 16941 16941 D AndroidRuntime: 
04-24 05:52:22.796 16941 16941 D AndroidRuntime: >>>>>> AndroidRuntime START com.android.internal.os.RuntimeInit <<<<<<
04-24 05:52:22.796 16941 16941 D AndroidRuntime: CheckJNI is ON
04-24 05:52:22.796 16941 16941 E dalvikvm: ERROR: must specify non-'.' bootclasspath
04-24 05:52:22.796 16941 16941 W dalvikvm: CreateJavaVM failed: dvmClassStartup failed
04-24 05:52:22.796 16941 16941 E AndroidRuntime: JNI_CreateJavaVM failed
