--------- beginning of /dev/log/main
04-24 05:47:18.451  1434  1447 E MP-Decision: num online cores: 2 reqd : 1 available : 4 rq_depth:1.000000 hotplug_avg_load_dw: 23
04-24 05:47:18.451  1434  1447 E MP-Decision: DOWN cpu:1 core_idx:1 Ns:1.100000 Ts:190 total_time_down:223.000000
04-24 05:47:18.581  9195  9195 I olsrd   : Writing '1' (was 1) to /proc/sys/net/ipv4/ip_forward
04-24 05:47:18.581  9195  9195 I olsrd   : Writing '0' (was 1) to /proc/sys/net/ipv4/conf/all/send_redirects
04-24 05:47:18.581  9195  9195 I olsrd   : Writing '0' (was 0) to /proc/sys/net/ipv4/conf/all/rp_filter
04-24 05:47:18.581  9195  9195 I olsrd   : Writing '0' (was 0) to /proc/sys/net/ipv4/conf/wlan0/send_redirects
04-24 05:47:18.581  9195  9195 I olsrd   : Writing '0' (was 0) to /proc/sys/net/ipv4/conf/wlan0/rp_filter
04-24 05:47:18.581  9195  9195 I olsrd   : Adding interface wlan0
04-24 05:47:18.581  9195  9195 I olsrd   : New main address: 10.1.1.29
04-24 05:47:18.591  9196  9196 I olsrd   : olsr.org -  0.6.6.2-n -git_0000000 -n -hash_ 7985605520f3cae9b305d56e83b35d9c successfully started
04-24 05:47:21.364  9212  9212 D dalvikvm: Not late-enabling CheckJNI (already on)
--------- beginning of /dev/log/system
04-24 05:47:21.374   806   830 I ActivityManager: Start proc edu.mit.ll.cbmen.monitor for service edu.mit.ll.cbmen.monitor/.MonitorService: pid=9212 uid=10057 gids={50057, 1015, 3003, 1028}
04-24 05:47:21.434  9212  9212 I MonitorService: onCreate() MonitorService
04-24 05:47:21.444  9212  9212 D AndroidRuntime: Shutting down VM
04-24 05:47:21.444  9212  9212 W dalvikvm: threadid=1: thread exiting with uncaught exception (group=0x416307c0)
04-24 05:47:21.444  9212  9212 E AndroidRuntime: FATAL EXCEPTION: main
04-24 05:47:21.444  9212  9212 E AndroidRuntime: java.lang.RuntimeException: Unable to start service edu.mit.ll.cbmen.monitor.MonitorService@418ae850 with null: java.lang.NullPointerException
04-24 05:47:21.444  9212  9212 E AndroidRuntime: 	at android.app.ActivityThread.handleServiceArgs(ActivityThread.java:2849)
04-24 05:47:21.444  9212  9212 E AndroidRuntime: 	at android.app.ActivityThread.access$1900(ActivityThread.java:153)
04-24 05:47:21.444  9212  9212 E AndroidRuntime: 	at android.app.ActivityThread$H.handleMessage(ActivityThread.java:1366)
04-24 05:47:21.444  9212  9212 E AndroidRuntime: 	at android.os.Handler.dispatchMessage(Handler.java:99)
04-24 05:47:21.444  9212  9212 E AndroidRuntime: 	at android.os.Looper.loop(Looper.java:137)
04-24 05:47:21.444  9212  9212 E AndroidRuntime: 	at android.app.ActivityThread.main(ActivityThread.java:5289)
04-24 05:47:21.444  9212  9212 E AndroidRuntime: 	at java.lang.reflect.Method.invokeNative(Native Method)
04-24 05:47:21.444  9212  9212 E AndroidRuntime: 	at java.lang.reflect.Method.invoke(Method.java:525)
04-24 05:47:21.444  9212  9212 E AndroidRuntime: 	at com.android.internal.os.ZygoteInit$MethodAndArgsCaller.run(ZygoteInit.java:739)
04-24 05:47:21.444  9212  9212 E AndroidRuntime: 	at com.android.internal.os.ZygoteInit.main(ZygoteInit.java:555)
04-24 05:47:21.444  9212  9212 E AndroidRuntime: 	at dalvik.system.NativeStart.main(Native Method)
04-24 05:47:21.444  9212  9212 E AndroidRuntime: Caused by: java.lang.NullPointerException
04-24 05:47:21.444  9212  9212 E AndroidRuntime: 	at edu.mit.ll.cbmen.monitor.MonitorService.onStartCommand(MonitorService.java:773)
04-24 05:47:21.444  9212  9212 E AndroidRuntime: 	at android.app.ActivityThread.handleServiceArgs(ActivityThread.java:2832)
04-24 05:47:21.444  9212  9212 E AndroidRuntime: 	... 10 more
04-24 05:47:21.454  9212  9212 I Process : Sending signal. PID: 9212 SIG: 9
04-24 05:47:21.464   806   817 I ActivityManager: Process edu.mit.ll.cbmen.monitor (pid 9212) has died.
04-24 05:47:21.464   806   817 W ActivityManager: Scheduling restart of crashed service edu.mit.ll.cbmen.monitor/.MonitorService in 20000ms
04-24 05:47:21.484  1434  1447 E MP-Decision: num online cores: 1 reqd : 2 available : 4 rq_depth:2.700000 hotplug_avg_load_dw: 31
04-24 05:47:21.484  1434  1447 E MP-Decision: UP cpu:1 core_idx:1 Nw:1.900000 Tw:140 total_time_up:142.000000
04-24 05:47:21.674  1434  1447 E MP-Decision: num online cores: 2 reqd : 1 available : 4 rq_depth:0.000000 hotplug_avg_load_dw: 4
04-24 05:47:21.674  1434  1447 E MP-Decision: DOWN cpu:1 core_idx:1 Ns:1.100000 Ts:190 total_time_down:186.000000
04-24 05:47:41.503  9363  9363 D dalvikvm: Not late-enabling CheckJNI (already on)
04-24 05:47:41.523   806   830 I ActivityManager: Start proc edu.mit.ll.cbmen.monitor for service edu.mit.ll.cbmen.monitor/.MonitorService: pid=9363 uid=10057 gids={50057, 1015, 3003, 1028}
04-24 05:47:41.613  1434  1447 E MP-Decision: num online cores: 1 reqd : 2 available : 4 rq_depth:2.900000 hotplug_avg_load_dw: 27
04-24 05:47:41.613  1434  1447 E MP-Decision: UP cpu:1 core_idx:1 Nw:1.900000 Tw:140 total_time_up:145.000000
04-24 05:47:41.623  9363  9363 I MonitorService: onCreate() MonitorService
04-24 05:47:41.623  9363  9363 D AndroidRuntime: Shutting down VM
04-24 05:47:41.623  9363  9363 W dalvikvm: threadid=1: thread exiting with uncaught exception (group=0x416307c0)
04-24 05:47:41.623  9363  9363 E AndroidRuntime: FATAL EXCEPTION: main
04-24 05:47:41.623  9363  9363 E AndroidRuntime: java.lang.RuntimeException: Unable to start service edu.mit.ll.cbmen.monitor.MonitorService@418af838 with null: java.lang.NullPointerException
04-24 05:47:41.623  9363  9363 E AndroidRuntime: 	at android.app.ActivityThread.handleServiceArgs(ActivityThread.java:2849)
04-24 05:47:41.623  9363  9363 E AndroidRuntime: 	at android.app.ActivityThread.access$1900(ActivityThread.java:153)
04-24 05:47:41.623  9363  9363 E AndroidRuntime: 	at android.app.ActivityThread$H.handleMessage(ActivityThread.java:1366)
04-24 05:47:41.623  9363  9363 E AndroidRuntime: 	at android.os.Handler.dispatchMessage(Handler.java:99)
04-24 05:47:41.623  9363  9363 E AndroidRuntime: 	at android.os.Looper.loop(Looper.java:137)
04-24 05:47:41.623  9363  9363 E AndroidRuntime: 	at android.app.ActivityThread.main(ActivityThread.java:5289)
04-24 05:47:41.623  9363  9363 E AndroidRuntime: 	at java.lang.reflect.Method.invokeNative(Native Method)
04-24 05:47:41.623  9363  9363 E AndroidRuntime: 	at java.lang.reflect.Method.invoke(Method.java:525)
04-24 05:47:41.623  9363  9363 E AndroidRuntime: 	at com.android.internal.os.ZygoteInit$MethodAndArgsCaller.run(ZygoteInit.java:739)
04-24 05:47:41.623  9363  9363 E AndroidRuntime: 	at com.android.internal.os.ZygoteInit.main(ZygoteInit.java:555)
04-24 05:47:41.623  9363  9363 E AndroidRuntime: 	at dalvik.system.NativeStart.main(Native Method)
04-24 05:47:41.623  9363  9363 E AndroidRuntime: Caused by: java.lang.NullPointerException
04-24 05:47:41.623  9363  9363 E AndroidRuntime: 	at edu.mit.ll.cbmen.monitor.MonitorService.onStartCommand(MonitorService.java:773)
04-24 05:47:41.623  9363  9363 E AndroidRuntime: 	at android.app.ActivityThread.handleServiceArgs(ActivityThread.java:2832)
04-24 05:47:41.623  9363  9363 E AndroidRuntime: 	... 10 more
04-24 05:47:41.643  9363  9363 I Process : Sending signal. PID: 9363 SIG: 9
04-24 05:47:41.653   806  1157 I ActivityManager: Process edu.mit.ll.cbmen.monitor (pid 9363) has died.
04-24 05:47:41.653   806  1157 W ActivityManager: Service crashed 2 times, stopping: ServiceRecord{41de98f0 u0 edu.mit.ll.cbmen.monitor/.MonitorService}
04-24 05:47:42.214  1434  1447 E MP-Decision: num online cores: 2 reqd : 1 available : 4 rq_depth:0.000000 hotplug_avg_load_dw: 19
04-24 05:47:42.214  1434  1447 E MP-Decision: DOWN cpu:1 core_idx:1 Ns:1.100000 Ts:190 total_time_down:494.000000
04-24 05:49:31.600  1434  1447 E MP-Decision: num online cores: 1 reqd : 2 available : 4 rq_depth:2.500000 hotplug_avg_load_dw: 26
04-24 05:49:31.600  1434  1447 E MP-Decision: UP cpu:1 core_idx:1 Nw:1.900000 Tw:140 total_time_up:145.000000
04-24 05:49:31.850  1434  1447 E MP-Decision: num online cores: 2 reqd : 1 available : 4 rq_depth:1.100000 hotplug_avg_load_dw: 19
04-24 05:49:31.850  1434  1447 E MP-Decision: DOWN cpu:1 core_idx:1 Ns:1.100000 Ts:190 total_time_down:48.000000
04-24 05:49:37.005   330  9080 W SocketClient: write error (Broken pipe)
04-24 05:49:42.050   806   830 W ProcessStats: Skipping unknown process pid 10139
04-24 05:50:05.042   806   830 W ProcessStats: Skipping unknown process pid 10281
04-24 05:50:05.042   806   830 W ProcessStats: Skipping unknown process pid 10283
04-24 05:52:20.234  1434  1447 E MP-Decision: num online cores: 1 reqd : 2 available : 4 rq_depth:1.000000 hotplug_avg_load_dw: 57
04-24 05:52:20.234  1434  1447 E MP-Decision: UP cpu:1 core_idx:1 Nw:1.900000 Tw:140 total_time_up:0.000000
04-24 05:52:20.464 11162 11162 D AndroidRuntime: 
04-24 05:52:20.464 11162 11162 D AndroidRuntime: >>>>>> AndroidRuntime START com.android.internal.os.RuntimeInit <<<<<<
04-24 05:52:20.464 11162 11162 D AndroidRuntime: CheckJNI is ON
04-24 05:52:20.464 11162 11162 E dalvikvm: ERROR: must specify non-'.' bootclasspath
04-24 05:52:20.464 11162 11162 W dalvikvm: CreateJavaVM failed: dvmClassStartup failed
04-24 05:52:20.464 11162 11162 E AndroidRuntime: JNI_CreateJavaVM failed
04-24 05:52:20.624  9196  9196 I olsrd   : Writing '1' (was 0) to /proc/sys/net/ipv4/conf/all/send_redirects
04-24 05:52:20.624  9196  9196 I olsrd   : olsr.org -  0.6.6.2-n -git_0000000 -n -hash_ 7985605520f3cae9b305d56e83b35d9c stopped
04-24 05:52:21.265  1434  1447 E MP-Decision: num online cores: 2 reqd : 1 available : 4 rq_depth:0.000000 hotplug_avg_load_dw: 24
04-24 05:52:21.265  1434  1447 E MP-Decision: DOWN cpu:1 core_idx:1 Ns:1.100000 Ts:190 total_time_down:225.000000
04-24 05:52:21.925  1434  1447 E MP-Decision: num online cores: 1 reqd : 2 available : 4 rq_depth:1.300000 hotplug_avg_load_dw: 70
04-24 05:52:21.925  1434  1447 E MP-Decision: UP cpu:1 core_idx:1 Nw:1.900000 Tw:140 total_time_up:0.000000
04-24 05:52:22.566 11274 11274 D AndroidRuntime: 
04-24 05:52:22.566 11274 11274 D AndroidRuntime: >>>>>> AndroidRuntime START com.android.internal.os.RuntimeInit <<<<<<
04-24 05:52:22.566 11274 11274 D AndroidRuntime: CheckJNI is ON
04-24 05:52:22.566 11274 11274 E dalvikvm: ERROR: must specify non-'.' bootclasspath
04-24 05:52:22.566 11274 11274 W dalvikvm: CreateJavaVM failed: dvmClassStartup failed
04-24 05:52:22.566 11274 11274 E AndroidRuntime: JNI_CreateJavaVM failed
04-24 05:52:22.916 11275 11275 D AndroidRuntime: 
04-24 05:52:22.916 11275 11275 D AndroidRuntime: >>>>>> AndroidRuntime START com.android.internal.os.RuntimeInit <<<<<<
04-24 05:52:22.916 11275 11275 D AndroidRuntime: CheckJNI is ON
04-24 05:52:22.916 11275 11275 E dalvikvm: ERROR: must specify non-'.' bootclasspath
04-24 05:52:22.916 11275 11275 W dalvikvm: CreateJavaVM failed: dvmClassStartup failed
04-24 05:52:22.916 11275 11275 E AndroidRuntime: JNI_CreateJavaVM failed
